{"ev":"midi-out","port":2,"msg":"noteon","ch":1,"note":72,"vel":103,"@":0}
{"ev":"midi-out","port":2,"msg":"noteon","ch":1,"note":72,"vel":113,"@":0}
{"ev":"midi-out","port":2,"msg":"noteoff","ch":1,"note":72,"vel":64,"@":959}
{"ev":"midi-out","port":2,"msg":"noteoff","ch":1,"note":72,"vel":64,"@":959}
{"ev":"midi-out","port":2,"msg":"noteon","ch":1,"note":62,"vel":91,"@":1920}
{"ev":"midi-out","port":2,"msg":"noteoff","ch":1,"note":62,"vel":64,"@":2880}
