{"ev":"transport","state":"playing","@":0}
{"ev":"chord-followed","cur":"C","cur_pcs":145,"next":"-","next_pcs":0,"src":"detect","@":0}
{"ev":"midi-out","port":1,"msg":"noteon","ch":1,"note":60,"vel":100,"@":0}
{"ev":"midi-out","port":1,"msg":"noteon","ch":10,"note":36,"vel":110,"@":0}
{"ev":"midi-out","port":0,"msg":"noteon","ch":10,"note":36,"vel":110,"@":4}
{"ev":"midi-out","port":0,"msg":"noteon","ch":10,"note":42,"vel":70,"@":4}
{"ev":"midi-out","port":0,"msg":"noteon","ch":2,"note":36,"vel":100,"@":4}
{"ev":"midi-out","port":0,"msg":"noteon","ch":3,"note":60,"vel":79,"@":7}
{"ev":"midi-out","port":0,"msg":"noteon","ch":3,"note":64,"vel":79,"@":7}
{"ev":"midi-out","port":0,"msg":"noteon","ch":3,"note":67,"vel":79,"@":7}
{"ev":"midi-out","port":0,"msg":"noteon","ch":3,"note":72,"vel":79,"@":7}
{"ev":"beat","bar":1,"beat":1,"pulse":1,"@":40}
{"ev":"midi-out","port":0,"msg":"noteoff","ch":10,"note":42,"vel":64,"@":64}
{"ev":"beat","bar":1,"beat":1,"pulse":2,"@":80}
{"ev":"beat","bar":1,"beat":1,"pulse":3,"@":120}
{"ev":"midi-out","port":0,"msg":"noteoff","ch":10,"note":36,"vel":64,"@":124}
{"ev":"beat","bar":1,"beat":1,"pulse":4,"@":160}
{"ev":"beat","bar":1,"beat":1,"pulse":5,"@":200}
{"ev":"midi-out","port":0,"msg":"noteoff","ch":2,"note":36,"vel":64,"@":224}
{"ev":"beat","bar":1,"beat":1,"pulse":6,"@":240}
{"ev":"beat","bar":1,"beat":1,"pulse":7,"@":280}
{"ev":"beat","bar":1,"beat":1,"pulse":8,"@":320}
{"ev":"beat","bar":1,"beat":1,"pulse":9,"@":360}
{"ev":"midi-out","port":0,"msg":"noteoff","ch":3,"note":60,"vel":64,"@":367}
{"ev":"midi-out","port":0,"msg":"noteoff","ch":3,"note":64,"vel":64,"@":367}
{"ev":"midi-out","port":0,"msg":"noteoff","ch":3,"note":67,"vel":64,"@":367}
{"ev":"midi-out","port":0,"msg":"noteoff","ch":3,"note":72,"vel":64,"@":367}
{"ev":"beat","bar":1,"beat":1,"pulse":10,"@":400}
{"ev":"beat","bar":1,"beat":1,"pulse":11,"@":440}
{"ev":"beat","bar":1,"beat":1,"pulse":12,"@":480}
{"ev":"midi-out","port":0,"msg":"noteon","ch":10,"note":42,"vel":59,"@":488}
{"ev":"beat","bar":1,"beat":1,"pulse":13,"@":520}
{"ev":"midi-out","port":0,"msg":"noteoff","ch":10,"note":42,"vel":64,"@":548}
{"ev":"beat","bar":1,"beat":1,"pulse":14,"@":560}
{"ev":"beat","bar":1,"beat":1,"pulse":15,"@":600}
{"ev":"beat","bar":1,"beat":1,"pulse":16,"@":640}
{"ev":"beat","bar":1,"beat":1,"pulse":17,"@":680}
{"ev":"beat","bar":1,"beat":1,"pulse":18,"@":720}
{"ev":"beat","bar":1,"beat":1,"pulse":19,"@":760}
{"ev":"beat","bar":1,"beat":1,"pulse":20,"@":800}
{"ev":"beat","bar":1,"beat":1,"pulse":21,"@":840}
{"ev":"beat","bar":1,"beat":1,"pulse":22,"@":880}
{"ev":"beat","bar":1,"beat":1,"pulse":23,"@":920}
{"ev":"beat","bar":1,"beat":2,"pulse":0,"@":960}
{"ev":"midi-out","port":1,"msg":"noteoff","ch":1,"note":60,"vel":64,"@":960}
{"ev":"midi-out","port":1,"msg":"noteoff","ch":10,"note":36,"vel":64,"@":960}
{"ev":"midi-out","port":0,"msg":"noteon","ch":10,"note":38,"vel":100,"@":964}
{"ev":"midi-out","port":0,"msg":"noteon","ch":10,"note":42,"vel":70,"@":964}
{"ev":"midi-out","port":0,"msg":"noteon","ch":2,"note":43,"vel":85,"@":964}
{"ev":"beat","bar":1,"beat":2,"pulse":1,"@":1000}
{"ev":"midi-out","port":0,"msg":"noteoff","ch":10,"note":42,"vel":64,"@":1024}
{"ev":"beat","bar":1,"beat":2,"pulse":2,"@":1040}
{"ev":"beat","bar":1,"beat":2,"pulse":3,"@":1080}
{"ev":"midi-out","port":0,"msg":"noteoff","ch":10,"note":38,"vel":64,"@":1084}
{"ev":"beat","bar":1,"beat":2,"pulse":4,"@":1120}
{"ev":"beat","bar":1,"beat":2,"pulse":5,"@":1160}
{"ev":"midi-out","port":0,"msg":"noteoff","ch":2,"note":43,"vel":64,"@":1184}
{"ev":"beat","bar":1,"beat":2,"pulse":6,"@":1200}
{"ev":"beat","bar":1,"beat":2,"pulse":7,"@":1240}
{"ev":"beat","bar":1,"beat":2,"pulse":8,"@":1280}
{"ev":"beat","bar":1,"beat":2,"pulse":9,"@":1320}
{"ev":"beat","bar":1,"beat":2,"pulse":10,"@":1360}
{"ev":"beat","bar":1,"beat":2,"pulse":11,"@":1400}
{"ev":"beat","bar":1,"beat":2,"pulse":12,"@":1440}
{"ev":"midi-out","port":0,"msg":"noteon","ch":10,"note":42,"vel":59,"@":1447}
{"ev":"beat","bar":1,"beat":2,"pulse":13,"@":1480}
{"ev":"midi-out","port":0,"msg":"noteoff","ch":10,"note":42,"vel":64,"@":1507}
{"ev":"beat","bar":1,"beat":2,"pulse":14,"@":1520}
{"ev":"beat","bar":1,"beat":2,"pulse":15,"@":1560}
{"ev":"beat","bar":1,"beat":2,"pulse":16,"@":1600}
{"ev":"beat","bar":1,"beat":2,"pulse":17,"@":1640}
{"ev":"beat","bar":1,"beat":2,"pulse":18,"@":1680}
{"ev":"beat","bar":1,"beat":2,"pulse":19,"@":1720}
{"ev":"beat","bar":1,"beat":2,"pulse":20,"@":1760}
{"ev":"beat","bar":1,"beat":2,"pulse":21,"@":1800}
{"ev":"beat","bar":1,"beat":2,"pulse":22,"@":1840}
{"ev":"beat","bar":1,"beat":2,"pulse":23,"@":1880}
{"ev":"chord-followed","cur":"Dm","cur_pcs":548,"next":"-","next_pcs":0,"src":"detect","@":1919}
{"ev":"beat","bar":1,"beat":3,"pulse":0,"@":1920}
{"ev":"midi-out","port":1,"msg":"noteon","ch":1,"note":62,"vel":90,"@":1920}
{"ev":"midi-out","port":0,"msg":"noteon","ch":10,"note":36,"vel":105,"@":1922}
{"ev":"midi-out","port":0,"msg":"noteon","ch":10,"note":42,"vel":70,"@":1922}
{"ev":"midi-out","port":0,"msg":"noteon","ch":2,"note":38,"vel":95,"@":1922}
{"ev":"midi-out","port":0,"msg":"noteon","ch":3,"note":62,"vel":75,"@":1929}
{"ev":"midi-out","port":0,"msg":"noteon","ch":3,"note":65,"vel":75,"@":1929}
{"ev":"midi-out","port":0,"msg":"noteon","ch":3,"note":69,"vel":75,"@":1929}
{"ev":"midi-out","port":0,"msg":"noteon","ch":3,"note":74,"vel":75,"@":1929}
{"ev":"beat","bar":1,"beat":3,"pulse":1,"@":1960}
{"ev":"midi-out","port":0,"msg":"noteoff","ch":10,"note":42,"vel":64,"@":1982}
{"ev":"beat","bar":1,"beat":3,"pulse":2,"@":2000}
{"ev":"beat","bar":1,"beat":3,"pulse":3,"@":2040}
{"ev":"midi-out","port":0,"msg":"noteoff","ch":10,"note":36,"vel":64,"@":2042}
{"ev":"beat","bar":1,"beat":3,"pulse":4,"@":2080}
{"ev":"beat","bar":1,"beat":3,"pulse":5,"@":2120}
{"ev":"midi-out","port":0,"msg":"noteoff","ch":2,"note":38,"vel":64,"@":2142}
{"ev":"beat","bar":1,"beat":3,"pulse":6,"@":2160}
{"ev":"beat","bar":1,"beat":3,"pulse":7,"@":2200}
{"ev":"beat","bar":1,"beat":3,"pulse":8,"@":2240}
{"ev":"beat","bar":1,"beat":3,"pulse":9,"@":2280}
{"ev":"midi-out","port":0,"msg":"noteoff","ch":3,"note":62,"vel":64,"@":2289}
{"ev":"midi-out","port":0,"msg":"noteoff","ch":3,"note":65,"vel":64,"@":2289}
{"ev":"midi-out","port":0,"msg":"noteoff","ch":3,"note":69,"vel":64,"@":2289}
{"ev":"midi-out","port":0,"msg":"noteoff","ch":3,"note":74,"vel":64,"@":2289}
{"ev":"beat","bar":1,"beat":3,"pulse":10,"@":2320}
{"ev":"beat","bar":1,"beat":3,"pulse":11,"@":2360}
{"ev":"beat","bar":1,"beat":3,"pulse":12,"@":2400}
{"ev":"midi-out","port":0,"msg":"noteon","ch":10,"note":42,"vel":59,"@":2406}
{"ev":"beat","bar":1,"beat":3,"pulse":13,"@":2440}
{"ev":"midi-out","port":0,"msg":"noteoff","ch":10,"note":42,"vel":64,"@":2466}
{"ev":"beat","bar":1,"beat":3,"pulse":14,"@":2480}
{"ev":"beat","bar":1,"beat":3,"pulse":15,"@":2520}
{"ev":"beat","bar":1,"beat":3,"pulse":16,"@":2560}
{"ev":"beat","bar":1,"beat":3,"pulse":17,"@":2600}
{"ev":"beat","bar":1,"beat":3,"pulse":18,"@":2640}
{"ev":"beat","bar":1,"beat":3,"pulse":19,"@":2680}
{"ev":"beat","bar":1,"beat":3,"pulse":20,"@":2720}
{"ev":"beat","bar":1,"beat":3,"pulse":21,"@":2760}
{"ev":"beat","bar":1,"beat":3,"pulse":22,"@":2800}
{"ev":"beat","bar":1,"beat":3,"pulse":23,"@":2840}
{"ev":"beat","bar":1,"beat":4,"pulse":0,"@":2880}
{"ev":"midi-out","port":1,"msg":"noteoff","ch":1,"note":62,"vel":64,"@":2880}
{"ev":"midi-out","port":0,"msg":"noteon","ch":10,"note":38,"vel":100,"@":2884}
{"ev":"midi-out","port":0,"msg":"noteon","ch":10,"note":42,"vel":70,"@":2884}
{"ev":"midi-out","port":0,"msg":"noteon","ch":2,"note":45,"vel":85,"@":2885}
{"ev":"beat","bar":1,"beat":4,"pulse":1,"@":2920}
{"ev":"midi-out","port":0,"msg":"noteoff","ch":10,"note":42,"vel":64,"@":2944}
{"ev":"beat","bar":1,"beat":4,"pulse":2,"@":2960}
{"ev":"beat","bar":1,"beat":4,"pulse":3,"@":3000}
