{"ev":"chord","in":"C4","out":"Cmaj7","deg":"I","@":0}
{"ev":"chord-followed","cur":"Cmaj7","cur_pcs":2193,"next":"-","next_pcs":0,"src":"sequencer","@":0}
{"ev":"midi-out","port":0,"msg":"noteon","ch":4,"note":60,"vel":100,"@":0}
{"ev":"midi-out","port":0,"msg":"noteon","ch":4,"note":64,"vel":100,"@":0}
{"ev":"midi-out","port":0,"msg":"noteon","ch":4,"note":67,"vel":100,"@":0}
{"ev":"midi-out","port":0,"msg":"noteon","ch":4,"note":71,"vel":100,"@":0}
{"ev":"midi-out","port":0,"msg":"noteon","ch":10,"note":36,"vel":110,"@":0}
{"ev":"midi-out","port":0,"msg":"noteon","ch":10,"note":42,"vel":70,"@":0}
{"ev":"midi-out","port":0,"msg":"noteon","ch":2,"note":36,"vel":100,"@":0}
{"ev":"midi-out","port":0,"msg":"noteon","ch":3,"note":60,"vel":80,"@":0}
{"ev":"midi-out","port":0,"msg":"noteon","ch":3,"note":64,"vel":80,"@":0}
{"ev":"midi-out","port":0,"msg":"noteon","ch":3,"note":67,"vel":80,"@":0}
{"ev":"midi-out","port":0,"msg":"noteon","ch":3,"note":71,"vel":80,"@":0}
{"ev":"transport","state":"playing","@":0}
{"ev":"midi-out","port":0,"msg":"noteoff","ch":10,"note":42,"vel":64,"@":60}
{"ev":"midi-out","port":0,"msg":"noteoff","ch":10,"note":36,"vel":64,"@":120}
{"ev":"midi-out","port":0,"msg":"noteoff","ch":2,"note":36,"vel":64,"@":220}
{"ev":"midi-out","port":0,"msg":"noteoff","ch":3,"note":60,"vel":64,"@":360}
{"ev":"midi-out","port":0,"msg":"noteoff","ch":3,"note":64,"vel":64,"@":360}
{"ev":"midi-out","port":0,"msg":"noteoff","ch":3,"note":67,"vel":64,"@":360}
{"ev":"midi-out","port":0,"msg":"noteoff","ch":3,"note":71,"vel":64,"@":360}
{"ev":"midi-out","port":0,"msg":"noteon","ch":10,"note":42,"vel":60,"@":480}
{"ev":"midi-out","port":0,"msg":"noteoff","ch":10,"note":42,"vel":64,"@":540}
{"ev":"midi-out","port":0,"msg":"noteon","ch":10,"note":38,"vel":100,"@":960}
{"ev":"midi-out","port":0,"msg":"noteon","ch":10,"note":42,"vel":70,"@":960}
{"ev":"midi-out","port":0,"msg":"noteon","ch":2,"note":43,"vel":85,"@":960}
{"ev":"midi-out","port":0,"msg":"noteoff","ch":10,"note":42,"vel":64,"@":1020}
{"ev":"midi-out","port":0,"msg":"noteoff","ch":10,"note":38,"vel":64,"@":1080}
{"ev":"midi-out","port":0,"msg":"noteoff","ch":2,"note":43,"vel":64,"@":1180}
{"ev":"midi-out","port":0,"msg":"noteon","ch":10,"note":42,"vel":60,"@":1440}
{"ev":"midi-out","port":0,"msg":"noteoff","ch":10,"note":42,"vel":64,"@":1500}
{"ev":"midi-out","port":0,"msg":"noteon","ch":10,"note":36,"vel":105,"@":1920}
{"ev":"midi-out","port":0,"msg":"noteon","ch":10,"note":42,"vel":70,"@":1920}
{"ev":"midi-out","port":0,"msg":"noteon","ch":2,"note":36,"vel":95,"@":1920}
{"ev":"midi-out","port":0,"msg":"noteon","ch":3,"note":60,"vel":75,"@":1920}
{"ev":"midi-out","port":0,"msg":"noteon","ch":3,"note":64,"vel":75,"@":1920}
{"ev":"midi-out","port":0,"msg":"noteon","ch":3,"note":67,"vel":75,"@":1920}
{"ev":"midi-out","port":0,"msg":"noteon","ch":3,"note":71,"vel":75,"@":1920}
{"ev":"midi-out","port":0,"msg":"noteoff","ch":10,"note":42,"vel":64,"@":1980}
{"ev":"midi-out","port":0,"msg":"noteoff","ch":10,"note":36,"vel":64,"@":2040}
{"ev":"midi-out","port":0,"msg":"noteoff","ch":2,"note":36,"vel":64,"@":2140}
{"ev":"midi-out","port":0,"msg":"noteoff","ch":3,"note":60,"vel":64,"@":2280}
{"ev":"midi-out","port":0,"msg":"noteoff","ch":3,"note":64,"vel":64,"@":2280}
{"ev":"midi-out","port":0,"msg":"noteoff","ch":3,"note":67,"vel":64,"@":2280}
{"ev":"midi-out","port":0,"msg":"noteoff","ch":3,"note":71,"vel":64,"@":2280}
{"ev":"midi-out","port":0,"msg":"noteon","ch":10,"note":42,"vel":60,"@":2400}
{"ev":"midi-out","port":0,"msg":"noteoff","ch":10,"note":42,"vel":64,"@":2460}
{"ev":"midi-out","port":0,"msg":"noteon","ch":10,"note":38,"vel":100,"@":2880}
{"ev":"midi-out","port":0,"msg":"noteon","ch":10,"note":42,"vel":70,"@":2880}
{"ev":"midi-out","port":0,"msg":"noteon","ch":2,"note":43,"vel":85,"@":2880}
{"ev":"midi-out","port":0,"msg":"noteoff","ch":10,"note":42,"vel":64,"@":2940}
{"ev":"midi-out","port":0,"msg":"noteoff","ch":10,"note":38,"vel":64,"@":3000}
{"ev":"midi-out","port":0,"msg":"noteoff","ch":2,"note":43,"vel":64,"@":3100}
{"ev":"midi-out","port":0,"msg":"noteon","ch":10,"note":42,"vel":60,"@":3360}
{"ev":"midi-out","port":0,"msg":"noteoff","ch":10,"note":42,"vel":64,"@":3420}
{"ev":"chord","in":"F4","out":"Fmaj7","deg":"IV","@":3840}
{"ev":"chord-followed","cur":"Fmaj7","cur_pcs":561,"next":"-","next_pcs":0,"src":"sequencer","@":3840}
{"ev":"midi-out","port":0,"msg":"noteoff","ch":4,"note":60,"vel":64,"@":3840}
{"ev":"midi-out","port":0,"msg":"noteoff","ch":4,"note":64,"vel":64,"@":3840}
{"ev":"midi-out","port":0,"msg":"noteoff","ch":4,"note":67,"vel":64,"@":3840}
{"ev":"midi-out","port":0,"msg":"noteoff","ch":4,"note":71,"vel":64,"@":3840}
{"ev":"midi-out","port":0,"msg":"noteon","ch":4,"note":65,"vel":100,"@":3840}
{"ev":"midi-out","port":0,"msg":"noteon","ch":4,"note":69,"vel":100,"@":3840}
{"ev":"midi-out","port":0,"msg":"noteon","ch":4,"note":72,"vel":100,"@":3840}
{"ev":"midi-out","port":0,"msg":"noteon","ch":4,"note":76,"vel":100,"@":3840}
{"ev":"midi-out","port":0,"msg":"noteon","ch":10,"note":36,"vel":110,"@":3840}
{"ev":"midi-out","port":0,"msg":"noteon","ch":10,"note":42,"vel":70,"@":3840}
{"ev":"midi-out","port":0,"msg":"noteon","ch":2,"note":41,"vel":100,"@":3840}
{"ev":"midi-out","port":0,"msg":"noteon","ch":3,"note":65,"vel":80,"@":3840}
{"ev":"midi-out","port":0,"msg":"noteon","ch":3,"note":69,"vel":80,"@":3840}
{"ev":"midi-out","port":0,"msg":"noteon","ch":3,"note":72,"vel":80,"@":3840}
{"ev":"midi-out","port":0,"msg":"noteon","ch":3,"note":76,"vel":80,"@":3840}
{"ev":"midi-out","port":0,"msg":"noteoff","ch":10,"note":42,"vel":64,"@":3900}
{"ev":"midi-out","port":0,"msg":"noteoff","ch":10,"note":36,"vel":64,"@":3960}
{"ev":"midi-out","port":0,"msg":"noteoff","ch":2,"note":41,"vel":64,"@":4060}
{"ev":"midi-out","port":0,"msg":"noteoff","ch":3,"note":65,"vel":64,"@":4200}
{"ev":"midi-out","port":0,"msg":"noteoff","ch":3,"note":69,"vel":64,"@":4200}
{"ev":"midi-out","port":0,"msg":"noteoff","ch":3,"note":72,"vel":64,"@":4200}
{"ev":"midi-out","port":0,"msg":"noteoff","ch":3,"note":76,"vel":64,"@":4200}
{"ev":"midi-out","port":0,"msg":"noteon","ch":10,"note":42,"vel":60,"@":4320}
{"ev":"midi-out","port":0,"msg":"noteoff","ch":10,"note":42,"vel":64,"@":4380}
{"ev":"midi-out","port":0,"msg":"noteon","ch":10,"note":38,"vel":100,"@":4800}
{"ev":"midi-out","port":0,"msg":"noteon","ch":10,"note":42,"vel":70,"@":4800}
{"ev":"midi-out","port":0,"msg":"noteon","ch":2,"note":48,"vel":85,"@":4800}
{"ev":"midi-out","port":0,"msg":"noteoff","ch":10,"note":42,"vel":64,"@":4860}
{"ev":"midi-out","port":0,"msg":"noteoff","ch":10,"note":38,"vel":64,"@":4920}
{"ev":"midi-out","port":0,"msg":"noteoff","ch":2,"note":48,"vel":64,"@":5020}
{"ev":"midi-out","port":0,"msg":"noteon","ch":10,"note":42,"vel":60,"@":5280}
{"ev":"midi-out","port":0,"msg":"noteoff","ch":10,"note":42,"vel":64,"@":5340}
{"ev":"midi-out","port":0,"msg":"noteon","ch":10,"note":36,"vel":105,"@":5760}
{"ev":"midi-out","port":0,"msg":"noteon","ch":10,"note":42,"vel":70,"@":5760}
{"ev":"midi-out","port":0,"msg":"noteon","ch":2,"note":41,"vel":95,"@":5760}
{"ev":"midi-out","port":0,"msg":"noteon","ch":3,"note":65,"vel":75,"@":5760}
{"ev":"midi-out","port":0,"msg":"noteon","ch":3,"note":69,"vel":75,"@":5760}
{"ev":"midi-out","port":0,"msg":"noteon","ch":3,"note":72,"vel":75,"@":5760}
{"ev":"midi-out","port":0,"msg":"noteon","ch":3,"note":76,"vel":75,"@":5760}
{"ev":"midi-out","port":0,"msg":"noteoff","ch":10,"note":42,"vel":64,"@":5820}
{"ev":"midi-out","port":0,"msg":"noteoff","ch":10,"note":36,"vel":64,"@":5880}
{"ev":"midi-out","port":0,"msg":"noteoff","ch":2,"note":41,"vel":64,"@":5980}
{"ev":"midi-out","port":0,"msg":"noteoff","ch":3,"note":65,"vel":64,"@":6120}
{"ev":"midi-out","port":0,"msg":"noteoff","ch":3,"note":69,"vel":64,"@":6120}
{"ev":"midi-out","port":0,"msg":"noteoff","ch":3,"note":72,"vel":64,"@":6120}
{"ev":"midi-out","port":0,"msg":"noteoff","ch":3,"note":76,"vel":64,"@":6120}
{"ev":"midi-out","port":0,"msg":"noteon","ch":10,"note":42,"vel":60,"@":6240}
{"ev":"midi-out","port":0,"msg":"noteoff","ch":10,"note":42,"vel":64,"@":6300}
{"ev":"midi-out","port":0,"msg":"noteon","ch":10,"note":38,"vel":100,"@":6720}
{"ev":"midi-out","port":0,"msg":"noteon","ch":10,"note":42,"vel":70,"@":6720}
{"ev":"midi-out","port":0,"msg":"noteon","ch":2,"note":48,"vel":85,"@":6720}
{"ev":"midi-out","port":0,"msg":"noteoff","ch":10,"note":42,"vel":64,"@":6780}
{"ev":"midi-out","port":0,"msg":"noteoff","ch":10,"note":38,"vel":64,"@":6840}
{"ev":"midi-out","port":0,"msg":"noteoff","ch":2,"note":48,"vel":64,"@":6940}
{"ev":"midi-out","port":0,"msg":"noteon","ch":10,"note":42,"vel":60,"@":7200}
{"ev":"midi-out","port":0,"msg":"noteoff","ch":10,"note":42,"vel":64,"@":7260}
{"ev":"chord","in":"C4","out":"Cmaj7","deg":"I","@":7680}
{"ev":"chord-followed","cur":"Cmaj7","cur_pcs":2193,"next":"-","next_pcs":0,"src":"sequencer","@":7680}
{"ev":"section","name":"varB","@":7680}
{"ev":"midi-out","port":0,"msg":"noteoff","ch":4,"note":65,"vel":64,"@":7680}
{"ev":"midi-out","port":0,"msg":"noteoff","ch":4,"note":69,"vel":64,"@":7680}
{"ev":"midi-out","port":0,"msg":"noteoff","ch":4,"note":72,"vel":64,"@":7680}
{"ev":"midi-out","port":0,"msg":"noteoff","ch":4,"note":76,"vel":64,"@":7680}
{"ev":"midi-out","port":0,"msg":"noteon","ch":4,"note":60,"vel":100,"@":7680}
{"ev":"midi-out","port":0,"msg":"noteon","ch":4,"note":64,"vel":100,"@":7680}
{"ev":"midi-out","port":0,"msg":"noteon","ch":4,"note":67,"vel":100,"@":7680}
{"ev":"midi-out","port":0,"msg":"noteon","ch":4,"note":71,"vel":100,"@":7680}
{"ev":"midi-out","port":0,"msg":"noteon","ch":10,"note":36,"vel":115,"@":7680}
{"ev":"midi-out","port":0,"msg":"noteon","ch":10,"note":42,"vel":75,"@":7680}
{"ev":"midi-out","port":0,"msg":"noteon","ch":2,"note":36,"vel":105,"@":7680}
{"ev":"midi-out","port":0,"msg":"noteoff","ch":10,"note":42,"vel":64,"@":7730}
{"ev":"midi-out","port":0,"msg":"noteoff","ch":10,"note":36,"vel":64,"@":7800}
{"ev":"midi-out","port":0,"msg":"noteoff","ch":2,"note":36,"vel":64,"@":7880}
{"ev":"midi-out","port":0,"msg":"noteon","ch":10,"note":42,"vel":55,"@":7920}
{"ev":"midi-out","port":0,"msg":"noteoff","ch":10,"note":42,"vel":64,"@":7970}
{"ev":"midi-out","port":0,"msg":"noteon","ch":10,"note":42,"vel":65,"@":8160}
{"ev":"midi-out","port":0,"msg":"noteon","ch":2,"note":36,"vel":70,"@":8160}
{"ev":"midi-out","port":0,"msg":"noteon","ch":3,"note":60,"vel":78,"@":8160}
{"ev":"midi-out","port":0,"msg":"noteon","ch":3,"note":64,"vel":78,"@":8160}
{"ev":"midi-out","port":0,"msg":"noteon","ch":3,"note":67,"vel":78,"@":8160}
{"ev":"midi-out","port":0,"msg":"noteoff","ch":10,"note":42,"vel":64,"@":8210}
{"ev":"midi-out","port":0,"msg":"noteoff","ch":2,"note":36,"vel":64,"@":8260}
{"ev":"midi-out","port":0,"msg":"noteoff","ch":3,"note":60,"vel":64,"@":8360}
{"ev":"midi-out","port":0,"msg":"noteoff","ch":3,"note":64,"vel":64,"@":8360}
{"ev":"midi-out","port":0,"msg":"noteoff","ch":3,"note":67,"vel":64,"@":8360}
{"ev":"midi-out","port":0,"msg":"noteon","ch":10,"note":42,"vel":55,"@":8400}
{"ev":"midi-out","port":0,"msg":"noteoff","ch":10,"note":42,"vel":64,"@":8450}
{"ev":"midi-out","port":0,"msg":"noteon","ch":10,"note":38,"vel":105,"@":8640}
{"ev":"midi-out","port":0,"msg":"noteon","ch":10,"note":42,"vel":75,"@":8640}
{"ev":"midi-out","port":0,"msg":"noteon","ch":2,"note":40,"vel":90,"@":8640}
{"ev":"midi-out","port":0,"msg":"noteoff","ch":10,"note":42,"vel":64,"@":8690}
{"ev":"midi-out","port":0,"msg":"noteoff","ch":10,"note":38,"vel":64,"@":8760}
{"ev":"midi-out","port":0,"msg":"noteoff","ch":2,"note":40,"vel":64,"@":8840}
{"ev":"midi-out","port":0,"msg":"noteon","ch":10,"note":42,"vel":55,"@":8880}
{"ev":"midi-out","port":0,"msg":"noteoff","ch":10,"note":42,"vel":64,"@":8930}
{"ev":"midi-out","port":0,"msg":"noteon","ch":10,"note":42,"vel":65,"@":9120}
{"ev":"midi-out","port":0,"msg":"noteon","ch":3,"note":60,"vel":72,"@":9120}
{"ev":"midi-out","port":0,"msg":"noteon","ch":3,"note":64,"vel":72,"@":9120}
{"ev":"midi-out","port":0,"msg":"noteon","ch":3,"note":67,"vel":72,"@":9120}
{"ev":"midi-out","port":0,"msg":"noteoff","ch":10,"note":42,"vel":64,"@":9170}
{"ev":"midi-out","port":0,"msg":"noteoff","ch":3,"note":60,"vel":64,"@":9320}
{"ev":"midi-out","port":0,"msg":"noteoff","ch":3,"note":64,"vel":64,"@":9320}
{"ev":"midi-out","port":0,"msg":"noteoff","ch":3,"note":67,"vel":64,"@":9320}
{"ev":"midi-out","port":0,"msg":"noteon","ch":10,"note":36,"vel":90,"@":9360}
{"ev":"midi-out","port":0,"msg":"noteon","ch":10,"note":42,"vel":55,"@":9360}
{"ev":"midi-out","port":0,"msg":"noteoff","ch":10,"note":42,"vel":64,"@":9410}
{"ev":"midi-out","port":0,"msg":"noteoff","ch":10,"note":36,"vel":64,"@":9480}
{"ev":"midi-out","port":0,"msg":"noteon","ch":10,"note":36,"vel":110,"@":9600}
{"ev":"midi-out","port":0,"msg":"noteon","ch":10,"note":42,"vel":75,"@":9600}
{"ev":"midi-out","port":0,"msg":"noteon","ch":2,"note":43,"vel":95,"@":9600}
{"ev":"midi-out","port":0,"msg":"noteoff","ch":10,"note":42,"vel":64,"@":9650}
{"ev":"midi-out","port":0,"msg":"noteoff","ch":10,"note":36,"vel":64,"@":9720}
{"ev":"midi-out","port":0,"msg":"noteoff","ch":2,"note":43,"vel":64,"@":9800}
{"ev":"midi-out","port":0,"msg":"noteon","ch":10,"note":42,"vel":55,"@":9840}
{"ev":"midi-out","port":0,"msg":"noteoff","ch":10,"note":42,"vel":64,"@":9890}
{"ev":"midi-out","port":0,"msg":"noteon","ch":10,"note":42,"vel":65,"@":10080}
{"ev":"midi-out","port":0,"msg":"noteon","ch":2,"note":48,"vel":75,"@":10080}
{"ev":"midi-out","port":0,"msg":"noteon","ch":3,"note":60,"vel":78,"@":10080}
{"ev":"midi-out","port":0,"msg":"noteon","ch":3,"note":64,"vel":78,"@":10080}
{"ev":"midi-out","port":0,"msg":"noteon","ch":3,"note":67,"vel":78,"@":10080}
{"ev":"midi-out","port":0,"msg":"noteoff","ch":10,"note":42,"vel":64,"@":10130}
{"ev":"midi-out","port":0,"msg":"noteoff","ch":2,"note":48,"vel":64,"@":10180}
{"ev":"midi-out","port":0,"msg":"noteoff","ch":3,"note":60,"vel":64,"@":10280}
{"ev":"midi-out","port":0,"msg":"noteoff","ch":3,"note":64,"vel":64,"@":10280}
{"ev":"midi-out","port":0,"msg":"noteoff","ch":3,"note":67,"vel":64,"@":10280}
{"ev":"midi-out","port":0,"msg":"noteon","ch":10,"note":42,"vel":55,"@":10320}
{"ev":"midi-out","port":0,"msg":"noteoff","ch":10,"note":42,"vel":64,"@":10370}
{"ev":"midi-out","port":0,"msg":"noteon","ch":10,"note":38,"vel":105,"@":10560}
{"ev":"midi-out","port":0,"msg":"noteon","ch":10,"note":42,"vel":75,"@":10560}
{"ev":"midi-out","port":0,"msg":"noteon","ch":2,"note":47,"vel":90,"@":10560}
{"ev":"midi-out","port":0,"msg":"noteoff","ch":10,"note":42,"vel":64,"@":10610}
{"ev":"midi-out","port":0,"msg":"noteoff","ch":10,"note":38,"vel":64,"@":10680}
{"ev":"midi-out","port":0,"msg":"noteoff","ch":2,"note":47,"vel":64,"@":10760}
{"ev":"midi-out","port":0,"msg":"noteon","ch":10,"note":42,"vel":55,"@":10800}
{"ev":"midi-out","port":0,"msg":"noteoff","ch":10,"note":42,"vel":64,"@":10850}
{"ev":"midi-out","port":0,"msg":"noteon","ch":10,"note":42,"vel":65,"@":11040}
{"ev":"midi-out","port":0,"msg":"noteon","ch":3,"note":60,"vel":72,"@":11040}
{"ev":"midi-out","port":0,"msg":"noteon","ch":3,"note":64,"vel":72,"@":11040}
{"ev":"midi-out","port":0,"msg":"noteon","ch":3,"note":67,"vel":72,"@":11040}
{"ev":"midi-out","port":0,"msg":"noteoff","ch":10,"note":42,"vel":64,"@":11090}
{"ev":"midi-out","port":0,"msg":"noteoff","ch":3,"note":60,"vel":64,"@":11240}
{"ev":"midi-out","port":0,"msg":"noteoff","ch":3,"note":64,"vel":64,"@":11240}
{"ev":"midi-out","port":0,"msg":"noteoff","ch":3,"note":67,"vel":64,"@":11240}
{"ev":"midi-out","port":0,"msg":"noteon","ch":10,"note":42,"vel":55,"@":11280}
{"ev":"midi-out","port":0,"msg":"noteoff","ch":10,"note":42,"vel":64,"@":11330}
{"ev":"chord","in":"F4","out":"Fmaj7","deg":"IV","@":11520}
{"ev":"chord-followed","cur":"Fmaj7","cur_pcs":561,"next":"-","next_pcs":0,"src":"sequencer","@":11520}
{"ev":"section","name":"fillA","@":11520}
{"ev":"midi-out","port":0,"msg":"noteoff","ch":4,"note":60,"vel":64,"@":11520}
{"ev":"midi-out","port":0,"msg":"noteoff","ch":4,"note":64,"vel":64,"@":11520}
{"ev":"midi-out","port":0,"msg":"noteoff","ch":4,"note":67,"vel":64,"@":11520}
{"ev":"midi-out","port":0,"msg":"noteoff","ch":4,"note":71,"vel":64,"@":11520}
{"ev":"midi-out","port":0,"msg":"noteon","ch":4,"note":65,"vel":100,"@":11520}
{"ev":"midi-out","port":0,"msg":"noteon","ch":4,"note":69,"vel":100,"@":11520}
{"ev":"midi-out","port":0,"msg":"noteon","ch":4,"note":72,"vel":100,"@":11520}
{"ev":"midi-out","port":0,"msg":"noteon","ch":4,"note":76,"vel":100,"@":11520}
{"ev":"midi-out","port":0,"msg":"noteon","ch":10,"note":36,"vel":110,"@":11520}
{"ev":"midi-out","port":0,"msg":"noteon","ch":2,"note":41,"vel":100,"@":11520}
{"ev":"midi-out","port":0,"msg":"noteoff","ch":10,"note":36,"vel":64,"@":11640}
{"ev":"midi-out","port":0,"msg":"noteoff","ch":2,"note":41,"vel":64,"@":11740}
{"ev":"midi-out","port":0,"msg":"noteon","ch":10,"note":38,"vel":100,"@":12480}
{"ev":"midi-out","port":0,"msg":"noteoff","ch":10,"note":38,"vel":64,"@":12600}
{"ev":"midi-out","port":0,"msg":"noteon","ch":10,"note":38,"vel":90,"@":13440}
{"ev":"midi-out","port":0,"msg":"noteon","ch":2,"note":48,"vel":90,"@":13440}
{"ev":"midi-out","port":0,"msg":"noteoff","ch":10,"note":38,"vel":64,"@":13540}
{"ev":"midi-out","port":0,"msg":"noteoff","ch":2,"note":48,"vel":64,"@":13660}
{"ev":"midi-out","port":0,"msg":"noteon","ch":10,"note":38,"vel":95,"@":13920}
{"ev":"midi-out","port":0,"msg":"noteoff","ch":10,"note":38,"vel":64,"@":14020}
{"ev":"midi-out","port":0,"msg":"noteon","ch":10,"note":38,"vel":105,"@":14400}
{"ev":"midi-out","port":0,"msg":"noteoff","ch":10,"note":38,"vel":64,"@":14500}
{"ev":"midi-out","port":0,"msg":"noteon","ch":10,"note":38,"vel":115,"@":14880}
{"ev":"midi-out","port":0,"msg":"noteoff","ch":10,"note":38,"vel":64,"@":14980}
{"ev":"chord","in":"C4","out":"Cmaj7","deg":"I","@":15360}
{"ev":"chord-followed","cur":"Cmaj7","cur_pcs":2193,"next":"-","next_pcs":0,"src":"sequencer","@":15360}
{"ev":"section","name":"ending1","@":15360}
{"ev":"midi-out","port":0,"msg":"noteoff","ch":4,"note":65,"vel":64,"@":15360}
{"ev":"midi-out","port":0,"msg":"noteoff","ch":4,"note":69,"vel":64,"@":15360}
{"ev":"midi-out","port":0,"msg":"noteoff","ch":4,"note":72,"vel":64,"@":15360}
{"ev":"midi-out","port":0,"msg":"noteoff","ch":4,"note":76,"vel":64,"@":15360}
{"ev":"midi-out","port":0,"msg":"noteon","ch":4,"note":60,"vel":100,"@":15360}
{"ev":"midi-out","port":0,"msg":"noteon","ch":4,"note":64,"vel":100,"@":15360}
{"ev":"midi-out","port":0,"msg":"noteon","ch":4,"note":67,"vel":100,"@":15360}
{"ev":"midi-out","port":0,"msg":"noteon","ch":4,"note":71,"vel":100,"@":15360}
{"ev":"midi-out","port":0,"msg":"noteon","ch":10,"note":36,"vel":115,"@":15360}
{"ev":"midi-out","port":0,"msg":"noteon","ch":10,"note":49,"vel":110,"@":15360}
{"ev":"midi-out","port":0,"msg":"noteon","ch":2,"note":36,"vel":100,"@":15360}
{"ev":"midi-out","port":0,"msg":"noteon","ch":3,"note":60,"vel":85,"@":15360}
{"ev":"midi-out","port":0,"msg":"noteon","ch":3,"note":64,"vel":85,"@":15360}
{"ev":"midi-out","port":0,"msg":"noteon","ch":3,"note":67,"vel":85,"@":15360}
{"ev":"midi-out","port":0,"msg":"noteon","ch":3,"note":71,"vel":85,"@":15360}
{"ev":"midi-out","port":0,"msg":"noteoff","ch":10,"note":36,"vel":64,"@":15480}
{"ev":"midi-out","port":0,"msg":"noteoff","ch":10,"note":49,"vel":64,"@":17160}
{"ev":"midi-out","port":0,"msg":"noteoff","ch":2,"note":36,"vel":64,"@":18960}
{"ev":"midi-out","port":0,"msg":"noteoff","ch":3,"note":60,"vel":64,"@":18960}
{"ev":"midi-out","port":0,"msg":"noteoff","ch":3,"note":64,"vel":64,"@":18960}
{"ev":"midi-out","port":0,"msg":"noteoff","ch":3,"note":67,"vel":64,"@":18960}
{"ev":"midi-out","port":0,"msg":"noteoff","ch":3,"note":71,"vel":64,"@":18960}
{"ev":"chord","in":"F4","out":"Fmaj7","deg":"IV","@":19200}
{"ev":"chord-followed","cur":"Fmaj7","cur_pcs":561,"next":"-","next_pcs":0,"src":"sequencer","@":19200}
{"ev":"midi-out","port":0,"msg":"noteoff","ch":4,"note":60,"vel":64,"@":19200}
{"ev":"midi-out","port":0,"msg":"noteoff","ch":4,"note":64,"vel":64,"@":19200}
{"ev":"midi-out","port":0,"msg":"noteoff","ch":4,"note":67,"vel":64,"@":19200}
{"ev":"midi-out","port":0,"msg":"noteoff","ch":4,"note":71,"vel":64,"@":19200}
{"ev":"midi-out","port":0,"msg":"noteoff","ch":4,"note":65,"vel":64,"@":19200}
{"ev":"midi-out","port":0,"msg":"noteoff","ch":4,"note":69,"vel":64,"@":19200}
{"ev":"midi-out","port":0,"msg":"noteoff","ch":4,"note":72,"vel":64,"@":19200}
{"ev":"midi-out","port":0,"msg":"noteoff","ch":4,"note":76,"vel":64,"@":19200}
{"ev":"midi-out","port":0,"msg":"noteon","ch":4,"note":65,"vel":100,"@":19200}
{"ev":"midi-out","port":0,"msg":"noteon","ch":4,"note":69,"vel":100,"@":19200}
{"ev":"midi-out","port":0,"msg":"noteon","ch":4,"note":72,"vel":100,"@":19200}
{"ev":"midi-out","port":0,"msg":"noteon","ch":4,"note":76,"vel":100,"@":19200}
{"ev":"transport","state":"stopped","@":19200}
