{"ev":"midi-out","port":0,"msg":"program","ch":6,"num":4,"@":0}
{"ev":"midi-out","port":0,"msg":"program","ch":5,"num":48,"@":0}
{"ev":"midi-out","port":0,"msg":"program","ch":6,"num":4,"@":0}
{"ev":"section","name":"varA","@":0}
{"ev":"chord","in":"C4","out":"Cmaj7","deg":"I","@":0}
{"ev":"chord-followed","cur":"Cmaj7","cur_pcs":2193,"next":"-","next_pcs":0,"src":"sequencer","@":0}
{"ev":"midi-out","port":0,"msg":"noteon","ch":4,"note":60,"vel":100,"@":0}
{"ev":"midi-out","port":0,"msg":"noteon","ch":4,"note":64,"vel":100,"@":0}
{"ev":"midi-out","port":0,"msg":"noteon","ch":4,"note":67,"vel":100,"@":0}
{"ev":"midi-out","port":0,"msg":"noteon","ch":4,"note":71,"vel":100,"@":0}
{"ev":"midi-out","port":0,"msg":"noteon","ch":2,"note":36,"vel":74,"@":0}
{"ev":"midi-out","port":0,"msg":"noteon","ch":3,"note":60,"vel":70,"@":0}
{"ev":"midi-out","port":0,"msg":"noteon","ch":5,"note":48,"vel":50,"@":0}
{"ev":"midi-out","port":0,"msg":"noteon","ch":5,"note":52,"vel":48,"@":0}
{"ev":"midi-out","port":0,"msg":"noteon","ch":5,"note":55,"vel":50,"@":0}
{"ev":"midi-out","port":0,"msg":"noteon","ch":6,"note":64,"vel":52,"@":0}
{"ev":"midi-out","port":0,"msg":"noteon","ch":6,"note":67,"vel":52,"@":0}
{"ev":"transport","state":"playing","@":0}
{"ev":"midi-out","port":0,"msg":"noteon","ch":3,"note":64,"vel":68,"@":960}
{"ev":"midi-out","port":0,"msg":"noteoff","ch":6,"note":64,"vel":64,"@":1800}
{"ev":"midi-out","port":0,"msg":"noteoff","ch":6,"note":67,"vel":64,"@":1800}
{"ev":"midi-out","port":0,"msg":"noteon","ch":3,"note":67,"vel":72,"@":1920}
{"ev":"midi-out","port":0,"msg":"noteoff","ch":3,"note":64,"vel":64,"@":2760}
{"ev":"midi-out","port":0,"msg":"noteon","ch":3,"note":71,"vel":66,"@":2880}
{"ev":"midi-out","port":0,"msg":"noteoff","ch":2,"note":36,"vel":64,"@":3600}
{"ev":"midi-out","port":0,"msg":"noteoff","ch":3,"note":60,"vel":64,"@":3600}
{"ev":"midi-out","port":0,"msg":"noteoff","ch":5,"note":48,"vel":64,"@":3600}
{"ev":"midi-out","port":0,"msg":"noteoff","ch":5,"note":52,"vel":64,"@":3600}
{"ev":"midi-out","port":0,"msg":"noteoff","ch":5,"note":55,"vel":64,"@":3600}
{"ev":"midi-out","port":0,"msg":"noteoff","ch":3,"note":67,"vel":64,"@":3720}
{"ev":"chord","in":"G4","out":"G7","deg":"V","@":3840}
{"ev":"chord-followed","cur":"G7","cur_pcs":2212,"next":"-","next_pcs":0,"src":"sequencer","@":3840}
{"ev":"midi-out","port":0,"msg":"noteoff","ch":4,"note":60,"vel":64,"@":3840}
{"ev":"midi-out","port":0,"msg":"noteoff","ch":4,"note":64,"vel":64,"@":3840}
{"ev":"midi-out","port":0,"msg":"noteoff","ch":4,"note":67,"vel":64,"@":3840}
{"ev":"midi-out","port":0,"msg":"noteoff","ch":4,"note":71,"vel":64,"@":3840}
{"ev":"midi-out","port":0,"msg":"noteon","ch":4,"note":67,"vel":100,"@":3840}
{"ev":"midi-out","port":0,"msg":"noteon","ch":4,"note":71,"vel":100,"@":3840}
{"ev":"midi-out","port":0,"msg":"noteon","ch":4,"note":74,"vel":100,"@":3840}
{"ev":"midi-out","port":0,"msg":"noteon","ch":4,"note":77,"vel":100,"@":3840}
{"ev":"midi-out","port":0,"msg":"noteon","ch":2,"note":43,"vel":74,"@":3840}
{"ev":"midi-out","port":0,"msg":"noteon","ch":3,"note":67,"vel":70,"@":3840}
{"ev":"midi-out","port":0,"msg":"noteon","ch":5,"note":43,"vel":50,"@":3840}
{"ev":"midi-out","port":0,"msg":"noteon","ch":5,"note":47,"vel":48,"@":3840}
{"ev":"midi-out","port":0,"msg":"noteon","ch":5,"note":50,"vel":50,"@":3840}
{"ev":"midi-out","port":0,"msg":"noteon","ch":6,"note":59,"vel":52,"@":3840}
{"ev":"midi-out","port":0,"msg":"noteon","ch":6,"note":62,"vel":52,"@":3840}
{"ev":"midi-out","port":0,"msg":"noteoff","ch":3,"note":71,"vel":64,"@":4680}
{"ev":"midi-out","port":0,"msg":"noteon","ch":3,"note":71,"vel":68,"@":4800}
{"ev":"midi-out","port":0,"msg":"noteoff","ch":6,"note":59,"vel":64,"@":5640}
{"ev":"midi-out","port":0,"msg":"noteoff","ch":6,"note":62,"vel":64,"@":5640}
{"ev":"midi-out","port":0,"msg":"noteon","ch":3,"note":74,"vel":72,"@":5760}
{"ev":"midi-out","port":0,"msg":"noteoff","ch":3,"note":71,"vel":64,"@":6600}
{"ev":"midi-out","port":0,"msg":"noteon","ch":3,"note":77,"vel":66,"@":6720}
{"ev":"midi-out","port":0,"msg":"noteoff","ch":2,"note":43,"vel":64,"@":7440}
{"ev":"midi-out","port":0,"msg":"noteoff","ch":3,"note":67,"vel":64,"@":7440}
{"ev":"midi-out","port":0,"msg":"noteoff","ch":5,"note":43,"vel":64,"@":7440}
{"ev":"midi-out","port":0,"msg":"noteoff","ch":5,"note":47,"vel":64,"@":7440}
{"ev":"midi-out","port":0,"msg":"noteoff","ch":5,"note":50,"vel":64,"@":7440}
{"ev":"midi-out","port":0,"msg":"noteoff","ch":3,"note":74,"vel":64,"@":7560}
{"ev":"chord","in":"C4","out":"Cmaj7","deg":"I","@":7680}
{"ev":"chord-followed","cur":"Cmaj7","cur_pcs":2193,"next":"-","next_pcs":0,"src":"sequencer","@":7680}
{"ev":"midi-out","port":0,"msg":"noteoff","ch":4,"note":67,"vel":64,"@":7680}
{"ev":"midi-out","port":0,"msg":"noteoff","ch":4,"note":71,"vel":64,"@":7680}
{"ev":"midi-out","port":0,"msg":"noteoff","ch":4,"note":74,"vel":64,"@":7680}
{"ev":"midi-out","port":0,"msg":"noteoff","ch":4,"note":77,"vel":64,"@":7680}
{"ev":"midi-out","port":0,"msg":"noteon","ch":4,"note":60,"vel":100,"@":7680}
{"ev":"midi-out","port":0,"msg":"noteon","ch":4,"note":64,"vel":100,"@":7680}
{"ev":"midi-out","port":0,"msg":"noteon","ch":4,"note":67,"vel":100,"@":7680}
{"ev":"midi-out","port":0,"msg":"noteon","ch":4,"note":71,"vel":100,"@":7680}
{"ev":"midi-out","port":0,"msg":"noteon","ch":2,"note":36,"vel":74,"@":7680}
{"ev":"midi-out","port":0,"msg":"noteon","ch":3,"note":60,"vel":70,"@":7680}
{"ev":"midi-out","port":0,"msg":"noteon","ch":5,"note":48,"vel":50,"@":7680}
{"ev":"midi-out","port":0,"msg":"noteon","ch":5,"note":52,"vel":48,"@":7680}
{"ev":"midi-out","port":0,"msg":"noteon","ch":5,"note":55,"vel":50,"@":7680}
{"ev":"midi-out","port":0,"msg":"noteon","ch":6,"note":64,"vel":52,"@":7680}
{"ev":"midi-out","port":0,"msg":"noteon","ch":6,"note":67,"vel":52,"@":7680}
