{"ev":"chord","in":"C4","out":"Cmaj7","deg":"I","@":0}
{"ev":"chord-followed","cur":"Cmaj7","cur_pcs":2193,"next":"-","next_pcs":0,"src":"sequencer","@":0}
{"ev":"midi-out","port":0,"msg":"noteon","ch":4,"note":60,"vel":100,"@":0}
{"ev":"midi-out","port":0,"msg":"noteon","ch":4,"note":64,"vel":100,"@":0}
{"ev":"midi-out","port":0,"msg":"noteon","ch":4,"note":67,"vel":100,"@":0}
{"ev":"midi-out","port":0,"msg":"noteon","ch":4,"note":71,"vel":100,"@":0}
{"ev":"midi-out","port":0,"msg":"noteon","ch":10,"note":36,"vel":110,"@":0}
{"ev":"midi-out","port":0,"msg":"noteon","ch":10,"note":42,"vel":70,"@":0}
{"ev":"midi-out","port":0,"msg":"noteon","ch":2,"note":36,"vel":100,"@":0}
{"ev":"midi-out","port":0,"msg":"noteon","ch":3,"note":60,"vel":79,"@":0}
{"ev":"midi-out","port":0,"msg":"noteon","ch":3,"note":64,"vel":79,"@":0}
{"ev":"midi-out","port":0,"msg":"noteon","ch":3,"note":67,"vel":79,"@":0}
{"ev":"midi-out","port":0,"msg":"noteon","ch":3,"note":71,"vel":79,"@":0}
{"ev":"transport","state":"playing","@":0}
{"ev":"beat","bar":1,"beat":1,"pulse":1,"@":40}
{"ev":"midi-out","port":0,"msg":"noteoff","ch":10,"note":42,"vel":64,"@":60}
{"ev":"beat","bar":1,"beat":1,"pulse":2,"@":80}
{"ev":"beat","bar":1,"beat":1,"pulse":3,"@":120}
{"ev":"midi-out","port":0,"msg":"noteoff","ch":10,"note":36,"vel":64,"@":120}
{"ev":"beat","bar":1,"beat":1,"pulse":4,"@":160}
{"ev":"beat","bar":1,"beat":1,"pulse":5,"@":200}
{"ev":"midi-out","port":0,"msg":"noteoff","ch":2,"note":36,"vel":64,"@":220}
{"ev":"beat","bar":1,"beat":1,"pulse":6,"@":240}
{"ev":"beat","bar":1,"beat":1,"pulse":7,"@":280}
{"ev":"beat","bar":1,"beat":1,"pulse":8,"@":320}
{"ev":"beat","bar":1,"beat":1,"pulse":9,"@":360}
{"ev":"midi-out","port":0,"msg":"noteoff","ch":3,"note":60,"vel":64,"@":360}
{"ev":"midi-out","port":0,"msg":"noteoff","ch":3,"note":64,"vel":64,"@":360}
{"ev":"midi-out","port":0,"msg":"noteoff","ch":3,"note":67,"vel":64,"@":360}
{"ev":"midi-out","port":0,"msg":"noteoff","ch":3,"note":71,"vel":64,"@":360}
{"ev":"beat","bar":1,"beat":1,"pulse":10,"@":400}
{"ev":"beat","bar":1,"beat":1,"pulse":11,"@":440}
{"ev":"beat","bar":1,"beat":1,"pulse":12,"@":480}
{"ev":"midi-out","port":0,"msg":"noteon","ch":10,"note":42,"vel":59,"@":488}
{"ev":"beat","bar":1,"beat":1,"pulse":13,"@":520}
{"ev":"midi-out","port":0,"msg":"noteoff","ch":10,"note":42,"vel":64,"@":548}
{"ev":"beat","bar":1,"beat":1,"pulse":14,"@":560}
{"ev":"beat","bar":1,"beat":1,"pulse":15,"@":600}
{"ev":"beat","bar":1,"beat":1,"pulse":16,"@":640}
{"ev":"beat","bar":1,"beat":1,"pulse":17,"@":680}
{"ev":"beat","bar":1,"beat":1,"pulse":18,"@":720}
{"ev":"beat","bar":1,"beat":1,"pulse":19,"@":760}
{"ev":"beat","bar":1,"beat":1,"pulse":20,"@":800}
{"ev":"beat","bar":1,"beat":1,"pulse":21,"@":840}
{"ev":"beat","bar":1,"beat":1,"pulse":22,"@":880}
{"ev":"beat","bar":1,"beat":1,"pulse":23,"@":920}
{"ev":"beat","bar":1,"beat":2,"pulse":0,"@":960}
{"ev":"midi-out","port":0,"msg":"noteon","ch":10,"note":38,"vel":100,"@":964}
{"ev":"midi-out","port":0,"msg":"noteon","ch":10,"note":42,"vel":70,"@":964}
{"ev":"midi-out","port":0,"msg":"noteon","ch":2,"note":43,"vel":85,"@":964}
{"ev":"beat","bar":1,"beat":2,"pulse":1,"@":1000}
{"ev":"midi-out","port":0,"msg":"noteoff","ch":10,"note":42,"vel":64,"@":1024}
{"ev":"beat","bar":1,"beat":2,"pulse":2,"@":1040}
{"ev":"beat","bar":1,"beat":2,"pulse":3,"@":1080}
{"ev":"midi-out","port":0,"msg":"noteoff","ch":10,"note":38,"vel":64,"@":1084}
{"ev":"beat","bar":1,"beat":2,"pulse":4,"@":1120}
{"ev":"beat","bar":1,"beat":2,"pulse":5,"@":1160}
{"ev":"midi-out","port":0,"msg":"noteoff","ch":2,"note":43,"vel":64,"@":1184}
{"ev":"beat","bar":1,"beat":2,"pulse":6,"@":1200}
{"ev":"beat","bar":1,"beat":2,"pulse":7,"@":1240}
{"ev":"beat","bar":1,"beat":2,"pulse":8,"@":1280}
{"ev":"beat","bar":1,"beat":2,"pulse":9,"@":1320}
{"ev":"beat","bar":1,"beat":2,"pulse":10,"@":1360}
{"ev":"beat","bar":1,"beat":2,"pulse":11,"@":1400}
{"ev":"beat","bar":1,"beat":2,"pulse":12,"@":1440}
{"ev":"midi-out","port":0,"msg":"noteon","ch":10,"note":42,"vel":59,"@":1447}
{"ev":"beat","bar":1,"beat":2,"pulse":13,"@":1480}
{"ev":"midi-out","port":0,"msg":"noteoff","ch":10,"note":42,"vel":64,"@":1507}
{"ev":"beat","bar":1,"beat":2,"pulse":14,"@":1520}
{"ev":"beat","bar":1,"beat":2,"pulse":15,"@":1560}
{"ev":"beat","bar":1,"beat":2,"pulse":16,"@":1600}
{"ev":"beat","bar":1,"beat":2,"pulse":17,"@":1640}
{"ev":"beat","bar":1,"beat":2,"pulse":18,"@":1680}
{"ev":"beat","bar":1,"beat":2,"pulse":19,"@":1720}
{"ev":"beat","bar":1,"beat":2,"pulse":20,"@":1760}
{"ev":"beat","bar":1,"beat":2,"pulse":21,"@":1800}
{"ev":"beat","bar":1,"beat":2,"pulse":22,"@":1840}
{"ev":"beat","bar":1,"beat":2,"pulse":23,"@":1880}
{"ev":"beat","bar":1,"beat":3,"pulse":0,"@":1920}
{"ev":"midi-out","port":0,"msg":"noteon","ch":10,"note":36,"vel":105,"@":1922}
{"ev":"midi-out","port":0,"msg":"noteon","ch":10,"note":42,"vel":70,"@":1922}
{"ev":"midi-out","port":0,"msg":"noteon","ch":2,"note":36,"vel":95,"@":1922}
{"ev":"midi-out","port":0,"msg":"noteon","ch":3,"note":60,"vel":75,"@":1929}
{"ev":"midi-out","port":0,"msg":"noteon","ch":3,"note":64,"vel":75,"@":1929}
{"ev":"midi-out","port":0,"msg":"noteon","ch":3,"note":67,"vel":75,"@":1929}
{"ev":"midi-out","port":0,"msg":"noteon","ch":3,"note":71,"vel":75,"@":1929}
{"ev":"beat","bar":1,"beat":3,"pulse":1,"@":1960}
{"ev":"midi-out","port":0,"msg":"noteoff","ch":10,"note":42,"vel":64,"@":1982}
{"ev":"beat","bar":1,"beat":3,"pulse":2,"@":2000}
{"ev":"beat","bar":1,"beat":3,"pulse":3,"@":2040}
{"ev":"midi-out","port":0,"msg":"noteoff","ch":10,"note":36,"vel":64,"@":2042}
{"ev":"beat","bar":1,"beat":3,"pulse":4,"@":2080}
{"ev":"beat","bar":1,"beat":3,"pulse":5,"@":2120}
{"ev":"midi-out","port":0,"msg":"noteoff","ch":2,"note":36,"vel":64,"@":2142}
{"ev":"beat","bar":1,"beat":3,"pulse":6,"@":2160}
{"ev":"beat","bar":1,"beat":3,"pulse":7,"@":2200}
{"ev":"beat","bar":1,"beat":3,"pulse":8,"@":2240}
{"ev":"beat","bar":1,"beat":3,"pulse":9,"@":2280}
{"ev":"midi-out","port":0,"msg":"noteoff","ch":3,"note":60,"vel":64,"@":2289}
{"ev":"midi-out","port":0,"msg":"noteoff","ch":3,"note":64,"vel":64,"@":2289}
{"ev":"midi-out","port":0,"msg":"noteoff","ch":3,"note":67,"vel":64,"@":2289}
{"ev":"midi-out","port":0,"msg":"noteoff","ch":3,"note":71,"vel":64,"@":2289}
{"ev":"beat","bar":1,"beat":3,"pulse":10,"@":2320}
{"ev":"beat","bar":1,"beat":3,"pulse":11,"@":2360}
{"ev":"beat","bar":1,"beat":3,"pulse":12,"@":2400}
{"ev":"midi-out","port":0,"msg":"noteon","ch":10,"note":42,"vel":59,"@":2406}
{"ev":"beat","bar":1,"beat":3,"pulse":13,"@":2440}
{"ev":"midi-out","port":0,"msg":"noteoff","ch":10,"note":42,"vel":64,"@":2466}
{"ev":"beat","bar":1,"beat":3,"pulse":14,"@":2480}
{"ev":"beat","bar":1,"beat":3,"pulse":15,"@":2520}
{"ev":"beat","bar":1,"beat":3,"pulse":16,"@":2560}
{"ev":"beat","bar":1,"beat":3,"pulse":17,"@":2600}
{"ev":"beat","bar":1,"beat":3,"pulse":18,"@":2640}
{"ev":"beat","bar":1,"beat":3,"pulse":19,"@":2680}
{"ev":"beat","bar":1,"beat":3,"pulse":20,"@":2720}
{"ev":"beat","bar":1,"beat":3,"pulse":21,"@":2760}
{"ev":"beat","bar":1,"beat":3,"pulse":22,"@":2800}
{"ev":"beat","bar":1,"beat":3,"pulse":23,"@":2840}
{"ev":"beat","bar":1,"beat":4,"pulse":0,"@":2880}
{"ev":"midi-out","port":0,"msg":"noteon","ch":10,"note":38,"vel":100,"@":2884}
{"ev":"midi-out","port":0,"msg":"noteon","ch":10,"note":42,"vel":70,"@":2884}
{"ev":"midi-out","port":0,"msg":"noteon","ch":2,"note":43,"vel":85,"@":2885}
{"ev":"beat","bar":1,"beat":4,"pulse":1,"@":2920}
{"ev":"midi-out","port":0,"msg":"noteoff","ch":10,"note":42,"vel":64,"@":2944}
{"ev":"beat","bar":1,"beat":4,"pulse":2,"@":2960}
{"ev":"beat","bar":1,"beat":4,"pulse":3,"@":3000}
{"ev":"midi-out","port":0,"msg":"noteoff","ch":10,"note":38,"vel":64,"@":3004}
{"ev":"beat","bar":1,"beat":4,"pulse":4,"@":3040}
{"ev":"beat","bar":1,"beat":4,"pulse":5,"@":3080}
{"ev":"midi-out","port":0,"msg":"noteoff","ch":2,"note":43,"vel":64,"@":3105}
{"ev":"beat","bar":1,"beat":4,"pulse":6,"@":3120}
{"ev":"beat","bar":1,"beat":4,"pulse":7,"@":3160}
{"ev":"beat","bar":1,"beat":4,"pulse":8,"@":3200}
{"ev":"beat","bar":1,"beat":4,"pulse":9,"@":3240}
{"ev":"beat","bar":1,"beat":4,"pulse":10,"@":3280}
{"ev":"beat","bar":1,"beat":4,"pulse":11,"@":3320}
{"ev":"beat","bar":1,"beat":4,"pulse":12,"@":3360}
{"ev":"midi-out","port":0,"msg":"noteon","ch":10,"note":42,"vel":60,"@":3363}
{"ev":"beat","bar":1,"beat":4,"pulse":13,"@":3400}
{"ev":"midi-out","port":0,"msg":"noteoff","ch":10,"note":42,"vel":64,"@":3423}
{"ev":"beat","bar":1,"beat":4,"pulse":14,"@":3440}
{"ev":"beat","bar":1,"beat":4,"pulse":15,"@":3480}
{"ev":"beat","bar":1,"beat":4,"pulse":16,"@":3520}
{"ev":"beat","bar":1,"beat":4,"pulse":17,"@":3560}
{"ev":"beat","bar":1,"beat":4,"pulse":18,"@":3600}
{"ev":"beat","bar":1,"beat":4,"pulse":19,"@":3640}
{"ev":"beat","bar":1,"beat":4,"pulse":20,"@":3680}
{"ev":"beat","bar":1,"beat":4,"pulse":21,"@":3720}
{"ev":"beat","bar":1,"beat":4,"pulse":22,"@":3760}
{"ev":"beat","bar":1,"beat":4,"pulse":23,"@":3800}
{"ev":"beat","bar":2,"beat":1,"pulse":0,"@":3840}
{"ev":"chord","in":"F4","out":"Fmaj7","deg":"IV","@":3840}
{"ev":"chord-followed","cur":"Fmaj7","cur_pcs":561,"next":"-","next_pcs":0,"src":"sequencer","@":3840}
{"ev":"midi-out","port":0,"msg":"noteoff","ch":4,"note":60,"vel":64,"@":3840}
{"ev":"midi-out","port":0,"msg":"noteoff","ch":4,"note":64,"vel":64,"@":3840}
{"ev":"midi-out","port":0,"msg":"noteoff","ch":4,"note":67,"vel":64,"@":3840}
{"ev":"midi-out","port":0,"msg":"noteoff","ch":4,"note":71,"vel":64,"@":3840}
{"ev":"midi-out","port":0,"msg":"noteon","ch":4,"note":65,"vel":100,"@":3840}
{"ev":"midi-out","port":0,"msg":"noteon","ch":4,"note":69,"vel":100,"@":3840}
{"ev":"midi-out","port":0,"msg":"noteon","ch":4,"note":72,"vel":100,"@":3840}
{"ev":"midi-out","port":0,"msg":"noteon","ch":4,"note":76,"vel":100,"@":3840}
{"ev":"midi-out","port":0,"msg":"noteon","ch":10,"note":36,"vel":111,"@":3840}
{"ev":"midi-out","port":0,"msg":"noteon","ch":10,"note":42,"vel":71,"@":3840}
{"ev":"midi-out","port":0,"msg":"noteon","ch":2,"note":41,"vel":100,"@":3840}
{"ev":"beat","bar":2,"beat":1,"pulse":1,"@":3880}
{"ev":"midi-out","port":0,"msg":"noteoff","ch":10,"note":42,"vel":64,"@":3900}
{"ev":"beat","bar":2,"beat":1,"pulse":2,"@":3920}
{"ev":"beat","bar":2,"beat":1,"pulse":3,"@":3960}
{"ev":"midi-out","port":0,"msg":"noteoff","ch":10,"note":36,"vel":64,"@":3960}
{"ev":"beat","bar":2,"beat":1,"pulse":4,"@":4000}
{"ev":"beat","bar":2,"beat":1,"pulse":5,"@":4040}
{"ev":"midi-out","port":0,"msg":"noteoff","ch":2,"note":41,"vel":64,"@":4060}
{"ev":"beat","bar":2,"beat":1,"pulse":6,"@":4080}
{"ev":"beat","bar":2,"beat":1,"pulse":7,"@":4120}
{"ev":"beat","bar":2,"beat":1,"pulse":8,"@":4160}
{"ev":"beat","bar":2,"beat":1,"pulse":9,"@":4200}
{"ev":"beat","bar":2,"beat":1,"pulse":10,"@":4240}
{"ev":"beat","bar":2,"beat":1,"pulse":11,"@":4280}
{"ev":"beat","bar":2,"beat":1,"pulse":12,"@":4320}
{"ev":"midi-out","port":0,"msg":"noteon","ch":3,"note":65,"vel":77,"@":4320}
{"ev":"midi-out","port":0,"msg":"noteon","ch":3,"note":69,"vel":77,"@":4320}
{"ev":"midi-out","port":0,"msg":"noteon","ch":3,"note":72,"vel":77,"@":4320}
{"ev":"midi-out","port":0,"msg":"noteon","ch":3,"note":76,"vel":77,"@":4320}
{"ev":"midi-out","port":0,"msg":"noteon","ch":10,"note":42,"vel":60,"@":4326}
{"ev":"beat","bar":2,"beat":1,"pulse":13,"@":4360}
{"ev":"midi-out","port":0,"msg":"noteoff","ch":10,"note":42,"vel":64,"@":4386}
{"ev":"beat","bar":2,"beat":1,"pulse":14,"@":4400}
{"ev":"beat","bar":2,"beat":1,"pulse":15,"@":4440}
{"ev":"beat","bar":2,"beat":1,"pulse":16,"@":4480}
{"ev":"beat","bar":2,"beat":1,"pulse":17,"@":4520}
{"ev":"beat","bar":2,"beat":1,"pulse":18,"@":4560}
{"ev":"beat","bar":2,"beat":1,"pulse":19,"@":4600}
{"ev":"beat","bar":2,"beat":1,"pulse":20,"@":4640}
{"ev":"beat","bar":2,"beat":1,"pulse":21,"@":4680}
{"ev":"midi-out","port":0,"msg":"noteoff","ch":3,"note":65,"vel":64,"@":4680}
{"ev":"midi-out","port":0,"msg":"noteoff","ch":3,"note":69,"vel":64,"@":4680}
{"ev":"midi-out","port":0,"msg":"noteoff","ch":3,"note":72,"vel":64,"@":4680}
{"ev":"midi-out","port":0,"msg":"noteoff","ch":3,"note":76,"vel":64,"@":4680}
{"ev":"beat","bar":2,"beat":1,"pulse":22,"@":4720}
{"ev":"beat","bar":2,"beat":1,"pulse":23,"@":4760}
{"ev":"beat","bar":2,"beat":2,"pulse":0,"@":4800}
{"ev":"midi-out","port":0,"msg":"noteon","ch":10,"note":38,"vel":100,"@":4800}
{"ev":"midi-out","port":0,"msg":"noteon","ch":10,"note":42,"vel":70,"@":4800}
{"ev":"midi-out","port":0,"msg":"noteon","ch":2,"note":48,"vel":86,"@":4801}
{"ev":"beat","bar":2,"beat":2,"pulse":1,"@":4840}
{"ev":"midi-out","port":0,"msg":"noteoff","ch":10,"note":42,"vel":64,"@":4860}
{"ev":"beat","bar":2,"beat":2,"pulse":2,"@":4880}
{"ev":"beat","bar":2,"beat":2,"pulse":3,"@":4920}
{"ev":"midi-out","port":0,"msg":"noteoff","ch":10,"note":38,"vel":64,"@":4920}
{"ev":"beat","bar":2,"beat":2,"pulse":4,"@":4960}
{"ev":"beat","bar":2,"beat":2,"pulse":5,"@":5000}
{"ev":"midi-out","port":0,"msg":"noteoff","ch":2,"note":48,"vel":64,"@":5021}
{"ev":"beat","bar":2,"beat":2,"pulse":6,"@":5040}
{"ev":"beat","bar":2,"beat":2,"pulse":7,"@":5080}
{"ev":"beat","bar":2,"beat":2,"pulse":8,"@":5120}
{"ev":"beat","bar":2,"beat":2,"pulse":9,"@":5160}
{"ev":"beat","bar":2,"beat":2,"pulse":10,"@":5200}
{"ev":"beat","bar":2,"beat":2,"pulse":11,"@":5240}
{"ev":"beat","bar":2,"beat":2,"pulse":12,"@":5280}
{"ev":"midi-out","port":0,"msg":"noteon","ch":10,"note":42,"vel":59,"@":5281}
{"ev":"beat","bar":2,"beat":2,"pulse":13,"@":5320}
{"ev":"midi-out","port":0,"msg":"noteoff","ch":10,"note":42,"vel":64,"@":5341}
{"ev":"beat","bar":2,"beat":2,"pulse":14,"@":5360}
{"ev":"beat","bar":2,"beat":2,"pulse":15,"@":5400}
{"ev":"beat","bar":2,"beat":2,"pulse":16,"@":5440}
{"ev":"beat","bar":2,"beat":2,"pulse":17,"@":5480}
{"ev":"beat","bar":2,"beat":2,"pulse":18,"@":5520}
{"ev":"beat","bar":2,"beat":2,"pulse":19,"@":5560}
{"ev":"beat","bar":2,"beat":2,"pulse":20,"@":5600}
{"ev":"beat","bar":2,"beat":2,"pulse":21,"@":5640}
{"ev":"beat","bar":2,"beat":2,"pulse":22,"@":5680}
{"ev":"beat","bar":2,"beat":2,"pulse":23,"@":5720}
{"ev":"beat","bar":2,"beat":3,"pulse":0,"@":5760}
{"ev":"midi-out","port":0,"msg":"noteon","ch":2,"note":53,"vel":95,"@":5766}
{"ev":"midi-out","port":0,"msg":"noteon","ch":10,"note":36,"vel":105,"@":5769}
{"ev":"midi-out","port":0,"msg":"noteon","ch":10,"note":42,"vel":70,"@":5769}
{"ev":"beat","bar":2,"beat":3,"pulse":1,"@":5800}
{"ev":"midi-out","port":0,"msg":"noteoff","ch":10,"note":42,"vel":64,"@":5829}
{"ev":"beat","bar":2,"beat":3,"pulse":2,"@":5840}
{"ev":"beat","bar":2,"beat":3,"pulse":3,"@":5880}
{"ev":"midi-out","port":0,"msg":"noteoff","ch":10,"note":36,"vel":64,"@":5889}
{"ev":"beat","bar":2,"beat":3,"pulse":4,"@":5920}
{"ev":"beat","bar":2,"beat":3,"pulse":5,"@":5960}
{"ev":"midi-out","port":0,"msg":"noteoff","ch":2,"note":53,"vel":64,"@":5986}
{"ev":"beat","bar":2,"beat":3,"pulse":6,"@":6000}
{"ev":"beat","bar":2,"beat":3,"pulse":7,"@":6040}
{"ev":"beat","bar":2,"beat":3,"pulse":8,"@":6080}
{"ev":"beat","bar":2,"beat":3,"pulse":9,"@":6120}
{"ev":"beat","bar":2,"beat":3,"pulse":10,"@":6160}
{"ev":"beat","bar":2,"beat":3,"pulse":11,"@":6200}
{"ev":"beat","bar":2,"beat":3,"pulse":12,"@":6240}
{"ev":"midi-out","port":0,"msg":"noteon","ch":10,"note":42,"vel":61,"@":6243}
{"ev":"midi-out","port":0,"msg":"noteon","ch":3,"note":65,"vel":74,"@":6248}
{"ev":"midi-out","port":0,"msg":"noteon","ch":3,"note":69,"vel":74,"@":6248}
{"ev":"midi-out","port":0,"msg":"noteon","ch":3,"note":72,"vel":74,"@":6248}
{"ev":"midi-out","port":0,"msg":"noteon","ch":3,"note":76,"vel":74,"@":6248}
{"ev":"beat","bar":2,"beat":3,"pulse":13,"@":6280}
{"ev":"midi-out","port":0,"msg":"noteoff","ch":10,"note":42,"vel":64,"@":6303}
{"ev":"beat","bar":2,"beat":3,"pulse":14,"@":6320}
{"ev":"beat","bar":2,"beat":3,"pulse":15,"@":6360}
{"ev":"beat","bar":2,"beat":3,"pulse":16,"@":6400}
{"ev":"beat","bar":2,"beat":3,"pulse":17,"@":6440}
{"ev":"beat","bar":2,"beat":3,"pulse":18,"@":6480}
{"ev":"beat","bar":2,"beat":3,"pulse":19,"@":6520}
{"ev":"beat","bar":2,"beat":3,"pulse":20,"@":6560}
{"ev":"beat","bar":2,"beat":3,"pulse":21,"@":6600}
{"ev":"midi-out","port":0,"msg":"noteoff","ch":3,"note":65,"vel":64,"@":6608}
{"ev":"midi-out","port":0,"msg":"noteoff","ch":3,"note":69,"vel":64,"@":6608}
{"ev":"midi-out","port":0,"msg":"noteoff","ch":3,"note":72,"vel":64,"@":6608}
{"ev":"midi-out","port":0,"msg":"noteoff","ch":3,"note":76,"vel":64,"@":6608}
{"ev":"beat","bar":2,"beat":3,"pulse":22,"@":6640}
{"ev":"beat","bar":2,"beat":3,"pulse":23,"@":6680}
{"ev":"beat","bar":2,"beat":4,"pulse":0,"@":6720}
{"ev":"midi-out","port":0,"msg":"noteon","ch":2,"note":52,"vel":88,"@":6728}
{"ev":"midi-out","port":0,"msg":"noteon","ch":10,"note":38,"vel":100,"@":6729}
{"ev":"midi-out","port":0,"msg":"noteon","ch":10,"note":42,"vel":70,"@":6729}
{"ev":"beat","bar":2,"beat":4,"pulse":1,"@":6760}
{"ev":"midi-out","port":0,"msg":"noteoff","ch":10,"note":42,"vel":64,"@":6789}
{"ev":"beat","bar":2,"beat":4,"pulse":2,"@":6800}
{"ev":"beat","bar":2,"beat":4,"pulse":3,"@":6840}
{"ev":"midi-out","port":0,"msg":"noteoff","ch":10,"note":38,"vel":64,"@":6849}
{"ev":"beat","bar":2,"beat":4,"pulse":4,"@":6880}
{"ev":"beat","bar":2,"beat":4,"pulse":5,"@":6920}
{"ev":"midi-out","port":0,"msg":"noteoff","ch":2,"note":52,"vel":64,"@":6948}
{"ev":"beat","bar":2,"beat":4,"pulse":6,"@":6960}
{"ev":"beat","bar":2,"beat":4,"pulse":7,"@":7000}
{"ev":"beat","bar":2,"beat":4,"pulse":8,"@":7040}
{"ev":"beat","bar":2,"beat":4,"pulse":9,"@":7080}
{"ev":"beat","bar":2,"beat":4,"pulse":10,"@":7120}
{"ev":"beat","bar":2,"beat":4,"pulse":11,"@":7160}
{"ev":"beat","bar":2,"beat":4,"pulse":12,"@":7200}
{"ev":"midi-out","port":0,"msg":"noteon","ch":10,"note":46,"vel":88,"@":7202}
{"ev":"beat","bar":2,"beat":4,"pulse":13,"@":7240}
{"ev":"beat","bar":2,"beat":4,"pulse":14,"@":7280}
{"ev":"midi-out","port":0,"msg":"noteoff","ch":10,"note":46,"vel":64,"@":7292}
{"ev":"beat","bar":2,"beat":4,"pulse":15,"@":7320}
{"ev":"beat","bar":2,"beat":4,"pulse":16,"@":7360}
{"ev":"beat","bar":2,"beat":4,"pulse":17,"@":7400}
{"ev":"beat","bar":2,"beat":4,"pulse":18,"@":7440}
{"ev":"beat","bar":2,"beat":4,"pulse":19,"@":7480}
{"ev":"beat","bar":2,"beat":4,"pulse":20,"@":7520}
{"ev":"beat","bar":2,"beat":4,"pulse":21,"@":7560}
{"ev":"beat","bar":2,"beat":4,"pulse":22,"@":7600}
{"ev":"beat","bar":2,"beat":4,"pulse":23,"@":7640}
{"ev":"beat","bar":3,"beat":1,"pulse":0,"@":7680}
{"ev":"chord","in":"C4","out":"Cmaj7","deg":"I","@":7680}
{"ev":"chord-followed","cur":"Cmaj7","cur_pcs":2193,"next":"-","next_pcs":0,"src":"sequencer","@":7680}
{"ev":"section","name":"varB","@":7680}
{"ev":"midi-out","port":0,"msg":"noteoff","ch":4,"note":65,"vel":64,"@":7680}
{"ev":"midi-out","port":0,"msg":"noteoff","ch":4,"note":69,"vel":64,"@":7680}
{"ev":"midi-out","port":0,"msg":"noteoff","ch":4,"note":72,"vel":64,"@":7680}
{"ev":"midi-out","port":0,"msg":"noteoff","ch":4,"note":76,"vel":64,"@":7680}
{"ev":"midi-out","port":0,"msg":"noteon","ch":4,"note":60,"vel":100,"@":7680}
{"ev":"midi-out","port":0,"msg":"noteon","ch":4,"note":64,"vel":100,"@":7680}
{"ev":"midi-out","port":0,"msg":"noteon","ch":4,"note":67,"vel":100,"@":7680}
{"ev":"midi-out","port":0,"msg":"noteon","ch":4,"note":71,"vel":100,"@":7680}
{"ev":"midi-out","port":0,"msg":"noteon","ch":10,"note":36,"vel":115,"@":7680}
{"ev":"midi-out","port":0,"msg":"noteon","ch":10,"note":42,"vel":75,"@":7680}
{"ev":"midi-out","port":0,"msg":"noteon","ch":2,"note":36,"vel":105,"@":7680}
{"ev":"beat","bar":3,"beat":1,"pulse":1,"@":7720}
{"ev":"midi-out","port":0,"msg":"noteoff","ch":10,"note":42,"vel":64,"@":7730}
{"ev":"beat","bar":3,"beat":1,"pulse":2,"@":7760}
{"ev":"beat","bar":3,"beat":1,"pulse":3,"@":7800}
{"ev":"midi-out","port":0,"msg":"noteoff","ch":10,"note":36,"vel":64,"@":7800}
{"ev":"beat","bar":3,"beat":1,"pulse":4,"@":7840}
{"ev":"beat","bar":3,"beat":1,"pulse":5,"@":7880}
{"ev":"midi-out","port":0,"msg":"noteoff","ch":2,"note":36,"vel":64,"@":7880}
{"ev":"beat","bar":3,"beat":1,"pulse":6,"@":7920}
{"ev":"midi-out","port":0,"msg":"noteon","ch":10,"note":42,"vel":55,"@":7922}
{"ev":"beat","bar":3,"beat":1,"pulse":7,"@":7960}
{"ev":"midi-out","port":0,"msg":"noteoff","ch":10,"note":42,"vel":64,"@":7972}
{"ev":"beat","bar":3,"beat":1,"pulse":8,"@":8000}
{"ev":"beat","bar":3,"beat":1,"pulse":9,"@":8040}
{"ev":"beat","bar":3,"beat":1,"pulse":10,"@":8080}
{"ev":"beat","bar":3,"beat":1,"pulse":11,"@":8120}
{"ev":"beat","bar":3,"beat":1,"pulse":12,"@":8160}
{"ev":"midi-out","port":0,"msg":"noteon","ch":10,"note":42,"vel":66,"@":8161}
{"ev":"midi-out","port":0,"msg":"noteon","ch":2,"note":36,"vel":70,"@":8163}
{"ev":"midi-out","port":0,"msg":"noteon","ch":3,"note":60,"vel":79,"@":8168}
{"ev":"midi-out","port":0,"msg":"noteon","ch":3,"note":64,"vel":79,"@":8168}
{"ev":"midi-out","port":0,"msg":"noteon","ch":3,"note":67,"vel":79,"@":8168}
{"ev":"beat","bar":3,"beat":1,"pulse":13,"@":8200}
{"ev":"midi-out","port":0,"msg":"noteoff","ch":10,"note":42,"vel":64,"@":8211}
{"ev":"beat","bar":3,"beat":1,"pulse":14,"@":8240}
{"ev":"midi-out","port":0,"msg":"noteoff","ch":2,"note":36,"vel":64,"@":8263}
{"ev":"beat","bar":3,"beat":1,"pulse":15,"@":8280}
{"ev":"beat","bar":3,"beat":1,"pulse":16,"@":8320}
{"ev":"beat","bar":3,"beat":1,"pulse":17,"@":8360}
{"ev":"midi-out","port":0,"msg":"noteoff","ch":3,"note":60,"vel":64,"@":8368}
{"ev":"midi-out","port":0,"msg":"noteoff","ch":3,"note":64,"vel":64,"@":8368}
{"ev":"midi-out","port":0,"msg":"noteoff","ch":3,"note":67,"vel":64,"@":8368}
{"ev":"beat","bar":3,"beat":1,"pulse":18,"@":8400}
{"ev":"midi-out","port":0,"msg":"noteon","ch":10,"note":42,"vel":55,"@":8409}
{"ev":"beat","bar":3,"beat":1,"pulse":19,"@":8440}
{"ev":"midi-out","port":0,"msg":"noteoff","ch":10,"note":42,"vel":64,"@":8459}
{"ev":"beat","bar":3,"beat":1,"pulse":20,"@":8480}
{"ev":"beat","bar":3,"beat":1,"pulse":21,"@":8520}
{"ev":"beat","bar":3,"beat":1,"pulse":22,"@":8560}
{"ev":"beat","bar":3,"beat":1,"pulse":23,"@":8600}
{"ev":"beat","bar":3,"beat":2,"pulse":0,"@":8640}
{"ev":"midi-out","port":0,"msg":"noteon","ch":2,"note":40,"vel":90,"@":8641}
{"ev":"midi-out","port":0,"msg":"noteon","ch":10,"note":38,"vel":104,"@":8649}
{"ev":"midi-out","port":0,"msg":"noteon","ch":10,"note":42,"vel":74,"@":8649}
{"ev":"beat","bar":3,"beat":2,"pulse":1,"@":8680}
{"ev":"midi-out","port":0,"msg":"noteoff","ch":10,"note":42,"vel":64,"@":8699}
{"ev":"beat","bar":3,"beat":2,"pulse":2,"@":8720}
{"ev":"beat","bar":3,"beat":2,"pulse":3,"@":8760}
{"ev":"midi-out","port":0,"msg":"noteoff","ch":10,"note":38,"vel":64,"@":8769}
{"ev":"beat","bar":3,"beat":2,"pulse":4,"@":8800}
{"ev":"beat","bar":3,"beat":2,"pulse":5,"@":8840}
{"ev":"midi-out","port":0,"msg":"noteoff","ch":2,"note":40,"vel":64,"@":8841}
{"ev":"beat","bar":3,"beat":2,"pulse":6,"@":8880}
{"ev":"midi-out","port":0,"msg":"noteon","ch":10,"note":42,"vel":55,"@":8882}
{"ev":"beat","bar":3,"beat":2,"pulse":7,"@":8920}
{"ev":"midi-out","port":0,"msg":"noteoff","ch":10,"note":42,"vel":64,"@":8932}
{"ev":"beat","bar":3,"beat":2,"pulse":8,"@":8960}
{"ev":"beat","bar":3,"beat":2,"pulse":9,"@":9000}
{"ev":"beat","bar":3,"beat":2,"pulse":10,"@":9040}
{"ev":"beat","bar":3,"beat":2,"pulse":11,"@":9080}
{"ev":"beat","bar":3,"beat":2,"pulse":12,"@":9120}
{"ev":"midi-out","port":0,"msg":"noteon","ch":3,"note":60,"vel":71,"@":9125}
{"ev":"midi-out","port":0,"msg":"noteon","ch":3,"note":64,"vel":71,"@":9125}
{"ev":"midi-out","port":0,"msg":"noteon","ch":3,"note":67,"vel":71,"@":9125}
{"ev":"midi-out","port":0,"msg":"noteon","ch":10,"note":42,"vel":66,"@":9128}
{"ev":"beat","bar":3,"beat":2,"pulse":13,"@":9160}
{"ev":"midi-out","port":0,"msg":"noteoff","ch":10,"note":42,"vel":64,"@":9178}
{"ev":"beat","bar":3,"beat":2,"pulse":14,"@":9200}
{"ev":"beat","bar":3,"beat":2,"pulse":15,"@":9240}
{"ev":"beat","bar":3,"beat":2,"pulse":16,"@":9280}
{"ev":"beat","bar":3,"beat":2,"pulse":17,"@":9320}
{"ev":"midi-out","port":0,"msg":"noteoff","ch":3,"note":60,"vel":64,"@":9325}
{"ev":"midi-out","port":0,"msg":"noteoff","ch":3,"note":64,"vel":64,"@":9325}
{"ev":"midi-out","port":0,"msg":"noteoff","ch":3,"note":67,"vel":64,"@":9325}
{"ev":"beat","bar":3,"beat":2,"pulse":18,"@":9360}
{"ev":"midi-out","port":0,"msg":"noteon","ch":10,"note":36,"vel":91,"@":9366}
{"ev":"midi-out","port":0,"msg":"noteon","ch":10,"note":42,"vel":56,"@":9366}
{"ev":"beat","bar":3,"beat":2,"pulse":19,"@":9400}
{"ev":"midi-out","port":0,"msg":"noteoff","ch":10,"note":42,"vel":64,"@":9416}
{"ev":"beat","bar":3,"beat":2,"pulse":20,"@":9440}
{"ev":"beat","bar":3,"beat":2,"pulse":21,"@":9480}
{"ev":"midi-out","port":0,"msg":"noteoff","ch":10,"note":36,"vel":64,"@":9486}
{"ev":"beat","bar":3,"beat":2,"pulse":22,"@":9520}
{"ev":"beat","bar":3,"beat":2,"pulse":23,"@":9560}
{"ev":"beat","bar":3,"beat":3,"pulse":0,"@":9600}
{"ev":"midi-out","port":0,"msg":"noteon","ch":10,"note":36,"vel":109,"@":9600}
{"ev":"midi-out","port":0,"msg":"noteon","ch":10,"note":42,"vel":74,"@":9600}
{"ev":"midi-out","port":0,"msg":"noteon","ch":2,"note":43,"vel":96,"@":9602}
{"ev":"beat","bar":3,"beat":3,"pulse":1,"@":9640}
{"ev":"midi-out","port":0,"msg":"noteoff","ch":10,"note":42,"vel":64,"@":9650}
{"ev":"beat","bar":3,"beat":3,"pulse":2,"@":9680}
{"ev":"beat","bar":3,"beat":3,"pulse":3,"@":9720}
{"ev":"midi-out","port":0,"msg":"noteoff","ch":10,"note":36,"vel":64,"@":9720}
{"ev":"beat","bar":3,"beat":3,"pulse":4,"@":9760}
{"ev":"beat","bar":3,"beat":3,"pulse":5,"@":9800}
{"ev":"midi-out","port":0,"msg":"noteoff","ch":2,"note":43,"vel":64,"@":9802}
{"ev":"beat","bar":3,"beat":3,"pulse":6,"@":9840}
{"ev":"midi-out","port":0,"msg":"noteon","ch":10,"note":42,"vel":55,"@":9843}
{"ev":"beat","bar":3,"beat":3,"pulse":7,"@":9880}
{"ev":"midi-out","port":0,"msg":"noteoff","ch":10,"note":42,"vel":64,"@":9893}
{"ev":"beat","bar":3,"beat":3,"pulse":8,"@":9920}
{"ev":"beat","bar":3,"beat":3,"pulse":9,"@":9960}
{"ev":"beat","bar":3,"beat":3,"pulse":10,"@":10000}
{"ev":"beat","bar":3,"beat":3,"pulse":11,"@":10040}
{"ev":"beat","bar":3,"beat":3,"pulse":12,"@":10080}
{"ev":"midi-out","port":0,"msg":"noteon","ch":10,"note":42,"vel":65,"@":10083}
{"ev":"midi-out","port":0,"msg":"noteon","ch":2,"note":48,"vel":74,"@":10083}
{"ev":"midi-out","port":0,"msg":"noteon","ch":3,"note":60,"vel":78,"@":10086}
{"ev":"midi-out","port":0,"msg":"noteon","ch":3,"note":64,"vel":78,"@":10086}
{"ev":"midi-out","port":0,"msg":"noteon","ch":3,"note":67,"vel":78,"@":10086}
{"ev":"beat","bar":3,"beat":3,"pulse":13,"@":10120}
{"ev":"midi-out","port":0,"msg":"noteoff","ch":10,"note":42,"vel":64,"@":10133}
{"ev":"beat","bar":3,"beat":3,"pulse":14,"@":10160}
{"ev":"midi-out","port":0,"msg":"noteoff","ch":2,"note":48,"vel":64,"@":10183}
{"ev":"beat","bar":3,"beat":3,"pulse":15,"@":10200}
{"ev":"beat","bar":3,"beat":3,"pulse":16,"@":10240}
{"ev":"beat","bar":3,"beat":3,"pulse":17,"@":10280}
{"ev":"midi-out","port":0,"msg":"noteoff","ch":3,"note":60,"vel":64,"@":10286}
{"ev":"midi-out","port":0,"msg":"noteoff","ch":3,"note":64,"vel":64,"@":10286}
{"ev":"midi-out","port":0,"msg":"noteoff","ch":3,"note":67,"vel":64,"@":10286}
{"ev":"beat","bar":3,"beat":3,"pulse":18,"@":10320}
{"ev":"midi-out","port":0,"msg":"noteon","ch":10,"note":42,"vel":54,"@":10327}
{"ev":"beat","bar":3,"beat":3,"pulse":19,"@":10360}
{"ev":"midi-out","port":0,"msg":"noteoff","ch":10,"note":42,"vel":64,"@":10377}
{"ev":"beat","bar":3,"beat":3,"pulse":20,"@":10400}
{"ev":"beat","bar":3,"beat":3,"pulse":21,"@":10440}
{"ev":"beat","bar":3,"beat":3,"pulse":22,"@":10480}
{"ev":"beat","bar":3,"beat":3,"pulse":23,"@":10520}
{"ev":"beat","bar":3,"beat":4,"pulse":0,"@":10560}
{"ev":"midi-out","port":0,"msg":"noteon","ch":10,"note":38,"vel":106,"@":10562}
{"ev":"midi-out","port":0,"msg":"noteon","ch":10,"note":42,"vel":76,"@":10562}
{"ev":"midi-out","port":0,"msg":"noteon","ch":2,"note":47,"vel":91,"@":10565}
{"ev":"beat","bar":3,"beat":4,"pulse":1,"@":10600}
{"ev":"midi-out","port":0,"msg":"noteoff","ch":10,"note":42,"vel":64,"@":10612}
{"ev":"beat","bar":3,"beat":4,"pulse":2,"@":10640}
{"ev":"beat","bar":3,"beat":4,"pulse":3,"@":10680}
{"ev":"midi-out","port":0,"msg":"noteoff","ch":10,"note":38,"vel":64,"@":10682}
{"ev":"beat","bar":3,"beat":4,"pulse":4,"@":10720}
{"ev":"beat","bar":3,"beat":4,"pulse":5,"@":10760}
{"ev":"midi-out","port":0,"msg":"noteoff","ch":2,"note":47,"vel":64,"@":10765}
{"ev":"beat","bar":3,"beat":4,"pulse":6,"@":10800}
{"ev":"midi-out","port":0,"msg":"noteon","ch":10,"note":42,"vel":54,"@":10804}
{"ev":"beat","bar":3,"beat":4,"pulse":7,"@":10840}
{"ev":"midi-out","port":0,"msg":"noteoff","ch":10,"note":42,"vel":64,"@":10854}
{"ev":"beat","bar":3,"beat":4,"pulse":8,"@":10880}
{"ev":"beat","bar":3,"beat":4,"pulse":9,"@":10920}
{"ev":"beat","bar":3,"beat":4,"pulse":10,"@":10960}
{"ev":"beat","bar":3,"beat":4,"pulse":11,"@":11000}
{"ev":"beat","bar":3,"beat":4,"pulse":12,"@":11040}
{"ev":"midi-out","port":0,"msg":"noteon","ch":3,"note":60,"vel":72,"@":11044}
{"ev":"midi-out","port":0,"msg":"noteon","ch":3,"note":64,"vel":72,"@":11044}
{"ev":"midi-out","port":0,"msg":"noteon","ch":3,"note":67,"vel":72,"@":11044}
{"ev":"midi-out","port":0,"msg":"noteon","ch":10,"note":42,"vel":64,"@":11048}
{"ev":"beat","bar":3,"beat":4,"pulse":13,"@":11080}
{"ev":"midi-out","port":0,"msg":"noteoff","ch":10,"note":42,"vel":64,"@":11098}
{"ev":"beat","bar":3,"beat":4,"pulse":14,"@":11120}
{"ev":"beat","bar":3,"beat":4,"pulse":15,"@":11160}
{"ev":"beat","bar":3,"beat":4,"pulse":16,"@":11200}
{"ev":"beat","bar":3,"beat":4,"pulse":17,"@":11240}
{"ev":"midi-out","port":0,"msg":"noteoff","ch":3,"note":60,"vel":64,"@":11244}
{"ev":"midi-out","port":0,"msg":"noteoff","ch":3,"note":64,"vel":64,"@":11244}
{"ev":"midi-out","port":0,"msg":"noteoff","ch":3,"note":67,"vel":64,"@":11244}
{"ev":"beat","bar":3,"beat":4,"pulse":18,"@":11280}
{"ev":"midi-out","port":0,"msg":"noteon","ch":10,"note":42,"vel":56,"@":11285}
{"ev":"beat","bar":3,"beat":4,"pulse":19,"@":11320}
{"ev":"midi-out","port":0,"msg":"noteoff","ch":10,"note":42,"vel":64,"@":11335}
{"ev":"beat","bar":3,"beat":4,"pulse":20,"@":11360}
{"ev":"beat","bar":3,"beat":4,"pulse":21,"@":11400}
{"ev":"beat","bar":3,"beat":4,"pulse":22,"@":11440}
{"ev":"beat","bar":3,"beat":4,"pulse":23,"@":11480}
{"ev":"beat","bar":4,"beat":1,"pulse":0,"@":11520}
{"ev":"chord","in":"F4","out":"Fmaj7","deg":"IV","@":11520}
{"ev":"chord-followed","cur":"Fmaj7","cur_pcs":561,"next":"-","next_pcs":0,"src":"sequencer","@":11520}
{"ev":"section","name":"fillA","@":11520}
{"ev":"midi-out","port":0,"msg":"noteoff","ch":4,"note":60,"vel":64,"@":11520}
{"ev":"midi-out","port":0,"msg":"noteoff","ch":4,"note":64,"vel":64,"@":11520}
{"ev":"midi-out","port":0,"msg":"noteoff","ch":4,"note":67,"vel":64,"@":11520}
{"ev":"midi-out","port":0,"msg":"noteoff","ch":4,"note":71,"vel":64,"@":11520}
{"ev":"midi-out","port":0,"msg":"noteon","ch":4,"note":65,"vel":100,"@":11520}
{"ev":"midi-out","port":0,"msg":"noteon","ch":4,"note":69,"vel":100,"@":11520}
{"ev":"midi-out","port":0,"msg":"noteon","ch":4,"note":72,"vel":100,"@":11520}
{"ev":"midi-out","port":0,"msg":"noteon","ch":4,"note":76,"vel":100,"@":11520}
{"ev":"midi-out","port":0,"msg":"noteon","ch":10,"note":36,"vel":110,"@":11520}
{"ev":"midi-out","port":0,"msg":"noteon","ch":2,"note":41,"vel":101,"@":11520}
{"ev":"beat","bar":4,"beat":1,"pulse":1,"@":11560}
{"ev":"beat","bar":4,"beat":1,"pulse":2,"@":11600}
{"ev":"beat","bar":4,"beat":1,"pulse":3,"@":11640}
{"ev":"midi-out","port":0,"msg":"noteoff","ch":10,"note":36,"vel":64,"@":11640}
{"ev":"beat","bar":4,"beat":1,"pulse":4,"@":11680}
{"ev":"beat","bar":4,"beat":1,"pulse":5,"@":11720}
{"ev":"midi-out","port":0,"msg":"noteoff","ch":2,"note":41,"vel":64,"@":11740}
{"ev":"beat","bar":4,"beat":1,"pulse":6,"@":11760}
{"ev":"beat","bar":4,"beat":1,"pulse":7,"@":11800}
{"ev":"beat","bar":4,"beat":1,"pulse":8,"@":11840}
{"ev":"beat","bar":4,"beat":1,"pulse":9,"@":11880}
{"ev":"beat","bar":4,"beat":1,"pulse":10,"@":11920}
{"ev":"beat","bar":4,"beat":1,"pulse":11,"@":11960}
{"ev":"beat","bar":4,"beat":1,"pulse":12,"@":12000}
{"ev":"beat","bar":4,"beat":1,"pulse":13,"@":12040}
{"ev":"beat","bar":4,"beat":1,"pulse":14,"@":12080}
{"ev":"beat","bar":4,"beat":1,"pulse":15,"@":12120}
{"ev":"beat","bar":4,"beat":1,"pulse":16,"@":12160}
{"ev":"beat","bar":4,"beat":1,"pulse":17,"@":12200}
{"ev":"beat","bar":4,"beat":1,"pulse":18,"@":12240}
{"ev":"beat","bar":4,"beat":1,"pulse":19,"@":12280}
{"ev":"beat","bar":4,"beat":1,"pulse":20,"@":12320}
{"ev":"beat","bar":4,"beat":1,"pulse":21,"@":12360}
{"ev":"beat","bar":4,"beat":1,"pulse":22,"@":12400}
{"ev":"beat","bar":4,"beat":1,"pulse":23,"@":12440}
{"ev":"beat","bar":4,"beat":2,"pulse":0,"@":12480}
{"ev":"midi-out","port":0,"msg":"noteon","ch":10,"note":38,"vel":100,"@":12482}
{"ev":"beat","bar":4,"beat":2,"pulse":1,"@":12520}
{"ev":"beat","bar":4,"beat":2,"pulse":2,"@":12560}
{"ev":"beat","bar":4,"beat":2,"pulse":3,"@":12600}
{"ev":"midi-out","port":0,"msg":"noteoff","ch":10,"note":38,"vel":64,"@":12602}
{"ev":"beat","bar":4,"beat":2,"pulse":4,"@":12640}
{"ev":"beat","bar":4,"beat":2,"pulse":5,"@":12680}
{"ev":"beat","bar":4,"beat":2,"pulse":6,"@":12720}
{"ev":"beat","bar":4,"beat":2,"pulse":7,"@":12760}
{"ev":"beat","bar":4,"beat":2,"pulse":8,"@":12800}
{"ev":"beat","bar":4,"beat":2,"pulse":9,"@":12840}
{"ev":"beat","bar":4,"beat":2,"pulse":10,"@":12880}
{"ev":"beat","bar":4,"beat":2,"pulse":11,"@":12920}
{"ev":"beat","bar":4,"beat":2,"pulse":12,"@":12960}
{"ev":"beat","bar":4,"beat":2,"pulse":13,"@":13000}
{"ev":"beat","bar":4,"beat":2,"pulse":14,"@":13040}
{"ev":"beat","bar":4,"beat":2,"pulse":15,"@":13080}
{"ev":"beat","bar":4,"beat":2,"pulse":16,"@":13120}
{"ev":"beat","bar":4,"beat":2,"pulse":17,"@":13160}
{"ev":"beat","bar":4,"beat":2,"pulse":18,"@":13200}
{"ev":"beat","bar":4,"beat":2,"pulse":19,"@":13240}
{"ev":"beat","bar":4,"beat":2,"pulse":20,"@":13280}
{"ev":"beat","bar":4,"beat":2,"pulse":21,"@":13320}
{"ev":"beat","bar":4,"beat":2,"pulse":22,"@":13360}
{"ev":"beat","bar":4,"beat":2,"pulse":23,"@":13400}
{"ev":"beat","bar":4,"beat":3,"pulse":0,"@":13440}
{"ev":"midi-out","port":0,"msg":"noteon","ch":2,"note":48,"vel":90,"@":13446}
{"ev":"midi-out","port":0,"msg":"noteon","ch":10,"note":38,"vel":90,"@":13447}
{"ev":"beat","bar":4,"beat":3,"pulse":1,"@":13480}
{"ev":"beat","bar":4,"beat":3,"pulse":2,"@":13520}
{"ev":"midi-out","port":0,"msg":"noteoff","ch":10,"note":38,"vel":64,"@":13547}
{"ev":"beat","bar":4,"beat":3,"pulse":3,"@":13560}
{"ev":"beat","bar":4,"beat":3,"pulse":4,"@":13600}
{"ev":"beat","bar":4,"beat":3,"pulse":5,"@":13640}
{"ev":"midi-out","port":0,"msg":"noteoff","ch":2,"note":48,"vel":64,"@":13666}
{"ev":"beat","bar":4,"beat":3,"pulse":6,"@":13680}
{"ev":"beat","bar":4,"beat":3,"pulse":7,"@":13720}
{"ev":"beat","bar":4,"beat":3,"pulse":8,"@":13760}
{"ev":"beat","bar":4,"beat":3,"pulse":9,"@":13800}
{"ev":"beat","bar":4,"beat":3,"pulse":10,"@":13840}
{"ev":"beat","bar":4,"beat":3,"pulse":11,"@":13880}
{"ev":"beat","bar":4,"beat":3,"pulse":12,"@":13920}
{"ev":"midi-out","port":0,"msg":"noteon","ch":10,"note":38,"vel":96,"@":13923}
{"ev":"beat","bar":4,"beat":3,"pulse":13,"@":13960}
{"ev":"beat","bar":4,"beat":3,"pulse":14,"@":14000}
{"ev":"midi-out","port":0,"msg":"noteoff","ch":10,"note":38,"vel":64,"@":14023}
{"ev":"beat","bar":4,"beat":3,"pulse":15,"@":14040}
{"ev":"beat","bar":4,"beat":3,"pulse":16,"@":14080}
{"ev":"beat","bar":4,"beat":3,"pulse":17,"@":14120}
{"ev":"beat","bar":4,"beat":3,"pulse":18,"@":14160}
{"ev":"beat","bar":4,"beat":3,"pulse":19,"@":14200}
{"ev":"beat","bar":4,"beat":3,"pulse":20,"@":14240}
{"ev":"beat","bar":4,"beat":3,"pulse":21,"@":14280}
{"ev":"beat","bar":4,"beat":3,"pulse":22,"@":14320}
{"ev":"beat","bar":4,"beat":3,"pulse":23,"@":14360}
{"ev":"beat","bar":4,"beat":4,"pulse":0,"@":14400}
{"ev":"midi-out","port":0,"msg":"noteon","ch":10,"note":38,"vel":105,"@":14403}
{"ev":"beat","bar":4,"beat":4,"pulse":1,"@":14440}
{"ev":"beat","bar":4,"beat":4,"pulse":2,"@":14480}
{"ev":"midi-out","port":0,"msg":"noteoff","ch":10,"note":38,"vel":64,"@":14503}
{"ev":"beat","bar":4,"beat":4,"pulse":3,"@":14520}
{"ev":"beat","bar":4,"beat":4,"pulse":4,"@":14560}
{"ev":"beat","bar":4,"beat":4,"pulse":5,"@":14600}
{"ev":"beat","bar":4,"beat":4,"pulse":6,"@":14640}
{"ev":"beat","bar":4,"beat":4,"pulse":7,"@":14680}
{"ev":"beat","bar":4,"beat":4,"pulse":8,"@":14720}
{"ev":"beat","bar":4,"beat":4,"pulse":9,"@":14760}
{"ev":"beat","bar":4,"beat":4,"pulse":10,"@":14800}
{"ev":"beat","bar":4,"beat":4,"pulse":11,"@":14840}
{"ev":"beat","bar":4,"beat":4,"pulse":12,"@":14880}
{"ev":"midi-out","port":0,"msg":"noteon","ch":10,"note":38,"vel":115,"@":14884}
{"ev":"beat","bar":4,"beat":4,"pulse":13,"@":14920}
{"ev":"beat","bar":4,"beat":4,"pulse":14,"@":14960}
{"ev":"midi-out","port":0,"msg":"noteoff","ch":10,"note":38,"vel":64,"@":14984}
{"ev":"beat","bar":4,"beat":4,"pulse":15,"@":15000}
{"ev":"beat","bar":4,"beat":4,"pulse":16,"@":15040}
{"ev":"beat","bar":4,"beat":4,"pulse":17,"@":15080}
{"ev":"beat","bar":4,"beat":4,"pulse":18,"@":15120}
{"ev":"beat","bar":4,"beat":4,"pulse":19,"@":15160}
{"ev":"beat","bar":4,"beat":4,"pulse":20,"@":15200}
{"ev":"beat","bar":4,"beat":4,"pulse":21,"@":15240}
{"ev":"beat","bar":4,"beat":4,"pulse":22,"@":15280}
{"ev":"beat","bar":4,"beat":4,"pulse":23,"@":15320}
{"ev":"beat","bar":5,"beat":1,"pulse":0,"@":15360}
{"ev":"chord","in":"C4","out":"Cmaj7","deg":"I","@":15360}
{"ev":"chord-followed","cur":"Cmaj7","cur_pcs":2193,"next":"-","next_pcs":0,"src":"sequencer","@":15360}
{"ev":"section","name":"ending1","@":15360}
{"ev":"midi-out","port":0,"msg":"noteoff","ch":4,"note":65,"vel":64,"@":15360}
{"ev":"midi-out","port":0,"msg":"noteoff","ch":4,"note":69,"vel":64,"@":15360}
{"ev":"midi-out","port":0,"msg":"noteoff","ch":4,"note":72,"vel":64,"@":15360}
{"ev":"midi-out","port":0,"msg":"noteoff","ch":4,"note":76,"vel":64,"@":15360}
{"ev":"midi-out","port":0,"msg":"noteon","ch":4,"note":60,"vel":100,"@":15360}
{"ev":"midi-out","port":0,"msg":"noteon","ch":4,"note":64,"vel":100,"@":15360}
{"ev":"midi-out","port":0,"msg":"noteon","ch":4,"note":67,"vel":100,"@":15360}
{"ev":"midi-out","port":0,"msg":"noteon","ch":4,"note":71,"vel":100,"@":15360}
{"ev":"midi-out","port":0,"msg":"noteon","ch":10,"note":36,"vel":115,"@":15360}
{"ev":"midi-out","port":0,"msg":"noteon","ch":10,"note":49,"vel":110,"@":15360}
{"ev":"midi-out","port":0,"msg":"noteon","ch":2,"note":36,"vel":100,"@":15360}
{"ev":"midi-out","port":0,"msg":"noteon","ch":3,"note":60,"vel":85,"@":15360}
{"ev":"midi-out","port":0,"msg":"noteon","ch":3,"note":64,"vel":85,"@":15360}
{"ev":"midi-out","port":0,"msg":"noteon","ch":3,"note":67,"vel":85,"@":15360}
{"ev":"midi-out","port":0,"msg":"noteon","ch":3,"note":71,"vel":85,"@":15360}
{"ev":"beat","bar":5,"beat":1,"pulse":1,"@":15400}
{"ev":"beat","bar":5,"beat":1,"pulse":2,"@":15440}
{"ev":"beat","bar":5,"beat":1,"pulse":3,"@":15480}
{"ev":"midi-out","port":0,"msg":"noteoff","ch":10,"note":36,"vel":64,"@":15480}
{"ev":"beat","bar":5,"beat":1,"pulse":4,"@":15520}
{"ev":"beat","bar":5,"beat":1,"pulse":5,"@":15560}
{"ev":"beat","bar":5,"beat":1,"pulse":6,"@":15600}
{"ev":"beat","bar":5,"beat":1,"pulse":7,"@":15640}
{"ev":"beat","bar":5,"beat":1,"pulse":8,"@":15680}
{"ev":"beat","bar":5,"beat":1,"pulse":9,"@":15720}
{"ev":"beat","bar":5,"beat":1,"pulse":10,"@":15760}
{"ev":"beat","bar":5,"beat":1,"pulse":11,"@":15800}
{"ev":"beat","bar":5,"beat":1,"pulse":12,"@":15840}
{"ev":"beat","bar":5,"beat":1,"pulse":13,"@":15880}
{"ev":"beat","bar":5,"beat":1,"pulse":14,"@":15920}
{"ev":"beat","bar":5,"beat":1,"pulse":15,"@":15960}
{"ev":"beat","bar":5,"beat":1,"pulse":16,"@":16000}
{"ev":"beat","bar":5,"beat":1,"pulse":17,"@":16040}
{"ev":"beat","bar":5,"beat":1,"pulse":18,"@":16080}
{"ev":"beat","bar":5,"beat":1,"pulse":19,"@":16120}
{"ev":"beat","bar":5,"beat":1,"pulse":20,"@":16160}
{"ev":"beat","bar":5,"beat":1,"pulse":21,"@":16200}
{"ev":"beat","bar":5,"beat":1,"pulse":22,"@":16240}
{"ev":"beat","bar":5,"beat":1,"pulse":23,"@":16280}
{"ev":"beat","bar":5,"beat":2,"pulse":0,"@":16320}
{"ev":"beat","bar":5,"beat":2,"pulse":1,"@":16360}
{"ev":"beat","bar":5,"beat":2,"pulse":2,"@":16400}
{"ev":"beat","bar":5,"beat":2,"pulse":3,"@":16440}
{"ev":"beat","bar":5,"beat":2,"pulse":4,"@":16480}
{"ev":"beat","bar":5,"beat":2,"pulse":5,"@":16520}
{"ev":"beat","bar":5,"beat":2,"pulse":6,"@":16560}
{"ev":"beat","bar":5,"beat":2,"pulse":7,"@":16600}
{"ev":"beat","bar":5,"beat":2,"pulse":8,"@":16640}
{"ev":"beat","bar":5,"beat":2,"pulse":9,"@":16680}
{"ev":"beat","bar":5,"beat":2,"pulse":10,"@":16720}
{"ev":"beat","bar":5,"beat":2,"pulse":11,"@":16760}
{"ev":"beat","bar":5,"beat":2,"pulse":12,"@":16800}
{"ev":"beat","bar":5,"beat":2,"pulse":13,"@":16840}
{"ev":"beat","bar":5,"beat":2,"pulse":14,"@":16880}
{"ev":"beat","bar":5,"beat":2,"pulse":15,"@":16920}
{"ev":"beat","bar":5,"beat":2,"pulse":16,"@":16960}
{"ev":"beat","bar":5,"beat":2,"pulse":17,"@":17000}
{"ev":"beat","bar":5,"beat":2,"pulse":18,"@":17040}
{"ev":"beat","bar":5,"beat":2,"pulse":19,"@":17080}
{"ev":"beat","bar":5,"beat":2,"pulse":20,"@":17120}
{"ev":"beat","bar":5,"beat":2,"pulse":21,"@":17160}
{"ev":"midi-out","port":0,"msg":"noteoff","ch":10,"note":49,"vel":64,"@":17160}
{"ev":"beat","bar":5,"beat":2,"pulse":22,"@":17200}
{"ev":"beat","bar":5,"beat":2,"pulse":23,"@":17240}
{"ev":"beat","bar":5,"beat":3,"pulse":0,"@":17280}
{"ev":"beat","bar":5,"beat":3,"pulse":1,"@":17320}
{"ev":"beat","bar":5,"beat":3,"pulse":2,"@":17360}
{"ev":"beat","bar":5,"beat":3,"pulse":3,"@":17400}
{"ev":"beat","bar":5,"beat":3,"pulse":4,"@":17440}
{"ev":"beat","bar":5,"beat":3,"pulse":5,"@":17480}
{"ev":"beat","bar":5,"beat":3,"pulse":6,"@":17520}
{"ev":"beat","bar":5,"beat":3,"pulse":7,"@":17560}
{"ev":"beat","bar":5,"beat":3,"pulse":8,"@":17600}
{"ev":"beat","bar":5,"beat":3,"pulse":9,"@":17640}
{"ev":"beat","bar":5,"beat":3,"pulse":10,"@":17680}
{"ev":"beat","bar":5,"beat":3,"pulse":11,"@":17720}
{"ev":"beat","bar":5,"beat":3,"pulse":12,"@":17760}
{"ev":"beat","bar":5,"beat":3,"pulse":13,"@":17800}
{"ev":"beat","bar":5,"beat":3,"pulse":14,"@":17840}
{"ev":"beat","bar":5,"beat":3,"pulse":15,"@":17880}
{"ev":"beat","bar":5,"beat":3,"pulse":16,"@":17920}
{"ev":"beat","bar":5,"beat":3,"pulse":17,"@":17960}
{"ev":"beat","bar":5,"beat":3,"pulse":18,"@":18000}
{"ev":"beat","bar":5,"beat":3,"pulse":19,"@":18040}
{"ev":"beat","bar":5,"beat":3,"pulse":20,"@":18080}
{"ev":"beat","bar":5,"beat":3,"pulse":21,"@":18120}
{"ev":"beat","bar":5,"beat":3,"pulse":22,"@":18160}
{"ev":"beat","bar":5,"beat":3,"pulse":23,"@":18200}
{"ev":"beat","bar":5,"beat":4,"pulse":0,"@":18240}
{"ev":"beat","bar":5,"beat":4,"pulse":1,"@":18280}
{"ev":"beat","bar":5,"beat":4,"pulse":2,"@":18320}
{"ev":"beat","bar":5,"beat":4,"pulse":3,"@":18360}
{"ev":"beat","bar":5,"beat":4,"pulse":4,"@":18400}
{"ev":"beat","bar":5,"beat":4,"pulse":5,"@":18440}
{"ev":"beat","bar":5,"beat":4,"pulse":6,"@":18480}
{"ev":"beat","bar":5,"beat":4,"pulse":7,"@":18520}
{"ev":"beat","bar":5,"beat":4,"pulse":8,"@":18560}
{"ev":"beat","bar":5,"beat":4,"pulse":9,"@":18600}
{"ev":"beat","bar":5,"beat":4,"pulse":10,"@":18640}
{"ev":"beat","bar":5,"beat":4,"pulse":11,"@":18680}
{"ev":"beat","bar":5,"beat":4,"pulse":12,"@":18720}
{"ev":"beat","bar":5,"beat":4,"pulse":13,"@":18760}
{"ev":"beat","bar":5,"beat":4,"pulse":14,"@":18800}
{"ev":"beat","bar":5,"beat":4,"pulse":15,"@":18840}
{"ev":"beat","bar":5,"beat":4,"pulse":16,"@":18880}
{"ev":"beat","bar":5,"beat":4,"pulse":17,"@":18920}
{"ev":"beat","bar":5,"beat":4,"pulse":18,"@":18960}
{"ev":"midi-out","port":0,"msg":"noteoff","ch":2,"note":36,"vel":64,"@":18960}
{"ev":"midi-out","port":0,"msg":"noteoff","ch":3,"note":60,"vel":64,"@":18960}
{"ev":"midi-out","port":0,"msg":"noteoff","ch":3,"note":64,"vel":64,"@":18960}
{"ev":"midi-out","port":0,"msg":"noteoff","ch":3,"note":67,"vel":64,"@":18960}
{"ev":"midi-out","port":0,"msg":"noteoff","ch":3,"note":71,"vel":64,"@":18960}
{"ev":"midi-out","port":0,"msg":"noteon","ch":3,"note":59,"vel":90,"@":18960}
{"ev":"beat","bar":5,"beat":4,"pulse":19,"@":19000}
{"ev":"midi-out","port":0,"msg":"noteoff","ch":3,"note":59,"vel":64,"@":19010}
{"ev":"beat","bar":5,"beat":4,"pulse":20,"@":19040}
{"ev":"beat","bar":5,"beat":4,"pulse":21,"@":19080}
{"ev":"beat","bar":5,"beat":4,"pulse":22,"@":19120}
{"ev":"beat","bar":5,"beat":4,"pulse":23,"@":19160}
{"ev":"beat","bar":6,"beat":1,"pulse":0,"@":19200}
{"ev":"chord","in":"F4","out":"Fmaj7","deg":"IV","@":19200}
{"ev":"chord-followed","cur":"Fmaj7","cur_pcs":561,"next":"-","next_pcs":0,"src":"sequencer","@":19200}
{"ev":"midi-out","port":0,"msg":"noteoff","ch":4,"note":60,"vel":64,"@":19200}
{"ev":"midi-out","port":0,"msg":"noteoff","ch":4,"note":64,"vel":64,"@":19200}
{"ev":"midi-out","port":0,"msg":"noteoff","ch":4,"note":67,"vel":64,"@":19200}
{"ev":"midi-out","port":0,"msg":"noteoff","ch":4,"note":71,"vel":64,"@":19200}
{"ev":"midi-out","port":0,"msg":"noteon","ch":4,"note":65,"vel":100,"@":19200}
{"ev":"midi-out","port":0,"msg":"noteon","ch":4,"note":69,"vel":100,"@":19200}
{"ev":"midi-out","port":0,"msg":"noteon","ch":4,"note":72,"vel":100,"@":19200}
{"ev":"midi-out","port":0,"msg":"noteon","ch":4,"note":76,"vel":100,"@":19200}
{"ev":"midi-out","port":0,"msg":"noteon","ch":10,"note":36,"vel":115,"@":19200}
{"ev":"midi-out","port":0,"msg":"noteon","ch":10,"note":49,"vel":110,"@":19200}
{"ev":"midi-out","port":0,"msg":"noteon","ch":2,"note":41,"vel":101,"@":19200}
{"ev":"midi-out","port":0,"msg":"noteon","ch":3,"note":65,"vel":99,"@":19200}
{"ev":"midi-out","port":0,"msg":"noteon","ch":3,"note":69,"vel":99,"@":19200}
{"ev":"midi-out","port":0,"msg":"noteon","ch":3,"note":72,"vel":99,"@":19200}
{"ev":"beat","bar":6,"beat":1,"pulse":1,"@":19240}
{"ev":"beat","bar":6,"beat":1,"pulse":2,"@":19280}
{"ev":"beat","bar":6,"beat":1,"pulse":3,"@":19320}
{"ev":"midi-out","port":0,"msg":"noteoff","ch":10,"note":36,"vel":64,"@":19320}
{"ev":"beat","bar":6,"beat":1,"pulse":4,"@":19360}
{"ev":"beat","bar":6,"beat":1,"pulse":5,"@":19400}
{"ev":"beat","bar":6,"beat":1,"pulse":6,"@":19440}
{"ev":"beat","bar":6,"beat":1,"pulse":7,"@":19480}
{"ev":"beat","bar":6,"beat":1,"pulse":8,"@":19520}
{"ev":"beat","bar":6,"beat":1,"pulse":9,"@":19560}
{"ev":"beat","bar":6,"beat":1,"pulse":10,"@":19600}
{"ev":"beat","bar":6,"beat":1,"pulse":11,"@":19640}
{"ev":"beat","bar":6,"beat":1,"pulse":12,"@":19680}
{"ev":"beat","bar":6,"beat":1,"pulse":13,"@":19720}
{"ev":"beat","bar":6,"beat":1,"pulse":14,"@":19760}
{"ev":"beat","bar":6,"beat":1,"pulse":15,"@":19800}
{"ev":"beat","bar":6,"beat":1,"pulse":16,"@":19840}
{"ev":"beat","bar":6,"beat":1,"pulse":17,"@":19880}
{"ev":"beat","bar":6,"beat":1,"pulse":18,"@":19920}
{"ev":"beat","bar":6,"beat":1,"pulse":19,"@":19960}
{"ev":"beat","bar":6,"beat":1,"pulse":20,"@":20000}
{"ev":"beat","bar":6,"beat":1,"pulse":21,"@":20040}
{"ev":"beat","bar":6,"beat":1,"pulse":22,"@":20080}
{"ev":"beat","bar":6,"beat":1,"pulse":23,"@":20120}
{"ev":"beat","bar":6,"beat":2,"pulse":0,"@":20160}
{"ev":"beat","bar":6,"beat":2,"pulse":1,"@":20200}
{"ev":"beat","bar":6,"beat":2,"pulse":2,"@":20240}
{"ev":"beat","bar":6,"beat":2,"pulse":3,"@":20280}
{"ev":"beat","bar":6,"beat":2,"pulse":4,"@":20320}
{"ev":"beat","bar":6,"beat":2,"pulse":5,"@":20360}
{"ev":"beat","bar":6,"beat":2,"pulse":6,"@":20400}
{"ev":"beat","bar":6,"beat":2,"pulse":7,"@":20440}
{"ev":"beat","bar":6,"beat":2,"pulse":8,"@":20480}
{"ev":"beat","bar":6,"beat":2,"pulse":9,"@":20520}
{"ev":"beat","bar":6,"beat":2,"pulse":10,"@":20560}
{"ev":"beat","bar":6,"beat":2,"pulse":11,"@":20600}
{"ev":"beat","bar":6,"beat":2,"pulse":12,"@":20640}
{"ev":"beat","bar":6,"beat":2,"pulse":13,"@":20680}
{"ev":"beat","bar":6,"beat":2,"pulse":14,"@":20720}
{"ev":"beat","bar":6,"beat":2,"pulse":15,"@":20760}
{"ev":"beat","bar":6,"beat":2,"pulse":16,"@":20800}
{"ev":"beat","bar":6,"beat":2,"pulse":17,"@":20840}
{"ev":"beat","bar":6,"beat":2,"pulse":18,"@":20880}
{"ev":"beat","bar":6,"beat":2,"pulse":19,"@":20920}
{"ev":"beat","bar":6,"beat":2,"pulse":20,"@":20960}
{"ev":"beat","bar":6,"beat":2,"pulse":21,"@":21000}
{"ev":"midi-out","port":0,"msg":"noteoff","ch":10,"note":49,"vel":64,"@":21000}
{"ev":"beat","bar":6,"beat":2,"pulse":22,"@":21040}
{"ev":"beat","bar":6,"beat":2,"pulse":23,"@":21080}
{"ev":"beat","bar":6,"beat":3,"pulse":0,"@":21120}
{"ev":"beat","bar":6,"beat":3,"pulse":1,"@":21160}
{"ev":"beat","bar":6,"beat":3,"pulse":2,"@":21200}
{"ev":"beat","bar":6,"beat":3,"pulse":3,"@":21240}
{"ev":"beat","bar":6,"beat":3,"pulse":4,"@":21280}
{"ev":"beat","bar":6,"beat":3,"pulse":5,"@":21320}
{"ev":"beat","bar":6,"beat":3,"pulse":6,"@":21360}
{"ev":"beat","bar":6,"beat":3,"pulse":7,"@":21400}
{"ev":"beat","bar":6,"beat":3,"pulse":8,"@":21440}
{"ev":"beat","bar":6,"beat":3,"pulse":9,"@":21480}
{"ev":"beat","bar":6,"beat":3,"pulse":10,"@":21520}
{"ev":"beat","bar":6,"beat":3,"pulse":11,"@":21560}
{"ev":"beat","bar":6,"beat":3,"pulse":12,"@":21600}
{"ev":"beat","bar":6,"beat":3,"pulse":13,"@":21640}
{"ev":"beat","bar":6,"beat":3,"pulse":14,"@":21680}
{"ev":"beat","bar":6,"beat":3,"pulse":15,"@":21720}
{"ev":"beat","bar":6,"beat":3,"pulse":16,"@":21760}
{"ev":"beat","bar":6,"beat":3,"pulse":17,"@":21800}
{"ev":"beat","bar":6,"beat":3,"pulse":18,"@":21840}
{"ev":"beat","bar":6,"beat":3,"pulse":19,"@":21880}
{"ev":"beat","bar":6,"beat":3,"pulse":20,"@":21920}
{"ev":"beat","bar":6,"beat":3,"pulse":21,"@":21960}
{"ev":"beat","bar":6,"beat":3,"pulse":22,"@":22000}
{"ev":"beat","bar":6,"beat":3,"pulse":23,"@":22040}
{"ev":"beat","bar":6,"beat":4,"pulse":0,"@":22080}
{"ev":"beat","bar":6,"beat":4,"pulse":1,"@":22120}
{"ev":"beat","bar":6,"beat":4,"pulse":2,"@":22160}
{"ev":"beat","bar":6,"beat":4,"pulse":3,"@":22200}
{"ev":"beat","bar":6,"beat":4,"pulse":4,"@":22240}
{"ev":"beat","bar":6,"beat":4,"pulse":5,"@":22280}
{"ev":"beat","bar":6,"beat":4,"pulse":6,"@":22320}
{"ev":"beat","bar":6,"beat":4,"pulse":7,"@":22360}
{"ev":"beat","bar":6,"beat":4,"pulse":8,"@":22400}
{"ev":"beat","bar":6,"beat":4,"pulse":9,"@":22440}
{"ev":"beat","bar":6,"beat":4,"pulse":10,"@":22480}
{"ev":"beat","bar":6,"beat":4,"pulse":11,"@":22520}
{"ev":"beat","bar":6,"beat":4,"pulse":12,"@":22560}
{"ev":"beat","bar":6,"beat":4,"pulse":13,"@":22600}
{"ev":"beat","bar":6,"beat":4,"pulse":14,"@":22640}
{"ev":"beat","bar":6,"beat":4,"pulse":15,"@":22680}
{"ev":"beat","bar":6,"beat":4,"pulse":16,"@":22720}
{"ev":"beat","bar":6,"beat":4,"pulse":17,"@":22760}
{"ev":"beat","bar":6,"beat":4,"pulse":18,"@":22800}
{"ev":"midi-out","port":0,"msg":"noteoff","ch":2,"note":41,"vel":64,"@":22800}
{"ev":"midi-out","port":0,"msg":"noteoff","ch":3,"note":65,"vel":64,"@":22800}
{"ev":"midi-out","port":0,"msg":"noteoff","ch":3,"note":69,"vel":64,"@":22800}
{"ev":"midi-out","port":0,"msg":"noteoff","ch":3,"note":72,"vel":64,"@":22800}
{"ev":"beat","bar":6,"beat":4,"pulse":19,"@":22840}
{"ev":"beat","bar":6,"beat":4,"pulse":20,"@":22880}
{"ev":"beat","bar":6,"beat":4,"pulse":21,"@":22920}
{"ev":"beat","bar":6,"beat":4,"pulse":22,"@":22960}
{"ev":"beat","bar":6,"beat":4,"pulse":23,"@":23000}
{"ev":"beat","bar":7,"beat":1,"pulse":0,"@":23040}
{"ev":"chord","in":"C4","out":"Cmaj7","deg":"I","@":23040}
{"ev":"chord-followed","cur":"Cmaj7","cur_pcs":2193,"next":"-","next_pcs":0,"src":"sequencer","@":23040}
{"ev":"midi-out","port":0,"msg":"noteoff","ch":4,"note":65,"vel":64,"@":23040}
{"ev":"midi-out","port":0,"msg":"noteoff","ch":4,"note":69,"vel":64,"@":23040}
{"ev":"midi-out","port":0,"msg":"noteoff","ch":4,"note":72,"vel":64,"@":23040}
{"ev":"midi-out","port":0,"msg":"noteoff","ch":4,"note":76,"vel":64,"@":23040}
{"ev":"midi-out","port":0,"msg":"noteoff","ch":4,"note":60,"vel":64,"@":23040}
{"ev":"midi-out","port":0,"msg":"noteoff","ch":4,"note":64,"vel":64,"@":23040}
{"ev":"midi-out","port":0,"msg":"noteoff","ch":4,"note":67,"vel":64,"@":23040}
{"ev":"midi-out","port":0,"msg":"noteoff","ch":4,"note":71,"vel":64,"@":23040}
{"ev":"midi-out","port":0,"msg":"noteon","ch":4,"note":60,"vel":100,"@":23040}
{"ev":"midi-out","port":0,"msg":"noteon","ch":4,"note":64,"vel":100,"@":23040}
{"ev":"midi-out","port":0,"msg":"noteon","ch":4,"note":67,"vel":100,"@":23040}
{"ev":"midi-out","port":0,"msg":"noteon","ch":4,"note":71,"vel":100,"@":23040}
{"ev":"transport","state":"stopped","@":23040}
