{"ev":"section","name":"varD","@":0}
{"ev":"chord","in":"C4","out":"Cmaj7","deg":"I","@":0}
{"ev":"chord-followed","cur":"Cmaj7","cur_pcs":2193,"next":"-","next_pcs":0,"src":"sequencer","@":0}
{"ev":"midi-out","port":0,"msg":"noteon","ch":4,"note":60,"vel":100,"@":0}
{"ev":"midi-out","port":0,"msg":"noteon","ch":4,"note":64,"vel":100,"@":0}
{"ev":"midi-out","port":0,"msg":"noteon","ch":4,"note":67,"vel":100,"@":0}
{"ev":"midi-out","port":0,"msg":"noteon","ch":4,"note":71,"vel":100,"@":0}
{"ev":"midi-out","port":0,"msg":"noteon","ch":10,"note":36,"vel":106,"@":0}
{"ev":"midi-out","port":0,"msg":"noteon","ch":10,"note":42,"vel":64,"@":0}
{"ev":"midi-out","port":0,"msg":"noteon","ch":2,"note":24,"vel":99,"@":0}
{"ev":"transport","state":"playing","@":0}
{"ev":"beat","bar":1,"beat":1,"pulse":1,"@":40}
{"ev":"midi-out","port":0,"msg":"noteoff","ch":10,"note":42,"vel":64,"@":50}
{"ev":"beat","bar":1,"beat":1,"pulse":2,"@":80}
{"ev":"beat","bar":1,"beat":1,"pulse":3,"@":120}
{"ev":"midi-out","port":0,"msg":"noteoff","ch":10,"note":36,"vel":64,"@":120}
{"ev":"beat","bar":1,"beat":1,"pulse":4,"@":160}
{"ev":"beat","bar":1,"beat":1,"pulse":5,"@":200}
{"ev":"beat","bar":1,"beat":1,"pulse":6,"@":240}
{"ev":"midi-out","port":0,"msg":"noteoff","ch":2,"note":24,"vel":64,"@":240}
{"ev":"midi-out","port":0,"msg":"noteon","ch":10,"note":42,"vel":48,"@":247}
{"ev":"beat","bar":1,"beat":1,"pulse":7,"@":280}
{"ev":"midi-out","port":0,"msg":"noteoff","ch":10,"note":42,"vel":64,"@":297}
{"ev":"beat","bar":1,"beat":1,"pulse":8,"@":320}
{"ev":"beat","bar":1,"beat":1,"pulse":9,"@":360}
{"ev":"beat","bar":1,"beat":1,"pulse":10,"@":400}
{"ev":"beat","bar":1,"beat":1,"pulse":11,"@":440}
{"ev":"beat","bar":1,"beat":1,"pulse":12,"@":480}
{"ev":"midi-out","port":0,"msg":"noteon","ch":2,"note":31,"vel":79,"@":480}
{"ev":"midi-out","port":0,"msg":"noteon","ch":10,"note":42,"vel":55,"@":490}
{"ev":"beat","bar":1,"beat":1,"pulse":13,"@":520}
{"ev":"midi-out","port":0,"msg":"noteoff","ch":10,"note":42,"vel":64,"@":540}
{"ev":"beat","bar":1,"beat":1,"pulse":14,"@":560}
{"ev":"beat","bar":1,"beat":1,"pulse":15,"@":600}
{"ev":"beat","bar":1,"beat":1,"pulse":16,"@":640}
{"ev":"beat","bar":1,"beat":1,"pulse":17,"@":680}
{"ev":"beat","bar":1,"beat":1,"pulse":18,"@":720}
{"ev":"midi-out","port":0,"msg":"noteoff","ch":2,"note":31,"vel":64,"@":720}
{"ev":"midi-out","port":0,"msg":"noteon","ch":10,"note":42,"vel":48,"@":724}
{"ev":"beat","bar":1,"beat":1,"pulse":19,"@":760}
{"ev":"midi-out","port":0,"msg":"noteoff","ch":10,"note":42,"vel":64,"@":774}
{"ev":"beat","bar":1,"beat":1,"pulse":20,"@":800}
{"ev":"beat","bar":1,"beat":1,"pulse":21,"@":840}
{"ev":"beat","bar":1,"beat":1,"pulse":22,"@":880}
{"ev":"beat","bar":1,"beat":1,"pulse":23,"@":920}
{"ev":"beat","bar":1,"beat":2,"pulse":0,"@":960}
{"ev":"midi-out","port":0,"msg":"noteon","ch":2,"note":31,"vel":88,"@":965}
{"ev":"midi-out","port":0,"msg":"noteon","ch":10,"note":38,"vel":102,"@":966}
{"ev":"midi-out","port":0,"msg":"noteon","ch":10,"note":42,"vel":64,"@":966}
{"ev":"midi-out","port":0,"msg":"noteon","ch":3,"note":60,"vel":83,"@":970}
{"ev":"midi-out","port":0,"msg":"noteon","ch":3,"note":64,"vel":83,"@":990}
{"ev":"beat","bar":1,"beat":2,"pulse":1,"@":1000}
{"ev":"midi-out","port":0,"msg":"noteon","ch":3,"note":67,"vel":83,"@":1010}
{"ev":"midi-out","port":0,"msg":"noteoff","ch":10,"note":42,"vel":64,"@":1016}
{"ev":"midi-out","port":0,"msg":"noteon","ch":3,"note":71,"vel":83,"@":1030}
{"ev":"beat","bar":1,"beat":2,"pulse":2,"@":1040}
{"ev":"beat","bar":1,"beat":2,"pulse":3,"@":1080}
{"ev":"midi-out","port":0,"msg":"noteoff","ch":10,"note":38,"vel":64,"@":1086}
{"ev":"beat","bar":1,"beat":2,"pulse":4,"@":1120}
{"ev":"beat","bar":1,"beat":2,"pulse":5,"@":1160}
{"ev":"midi-out","port":0,"msg":"noteoff","ch":3,"note":60,"vel":64,"@":1170}
{"ev":"midi-out","port":0,"msg":"noteoff","ch":3,"note":64,"vel":64,"@":1190}
{"ev":"beat","bar":1,"beat":2,"pulse":6,"@":1200}
{"ev":"midi-out","port":0,"msg":"noteoff","ch":2,"note":31,"vel":64,"@":1205}
{"ev":"midi-out","port":0,"msg":"noteoff","ch":3,"note":67,"vel":64,"@":1210}
{"ev":"midi-out","port":0,"msg":"noteon","ch":10,"note":42,"vel":48,"@":1211}
{"ev":"midi-out","port":0,"msg":"noteoff","ch":3,"note":71,"vel":64,"@":1230}
{"ev":"beat","bar":1,"beat":2,"pulse":7,"@":1240}
{"ev":"midi-out","port":0,"msg":"noteoff","ch":10,"note":42,"vel":64,"@":1261}
{"ev":"beat","bar":1,"beat":2,"pulse":8,"@":1280}
{"ev":"beat","bar":1,"beat":2,"pulse":9,"@":1320}
{"ev":"beat","bar":1,"beat":2,"pulse":10,"@":1360}
{"ev":"beat","bar":1,"beat":2,"pulse":11,"@":1400}
{"ev":"beat","bar":1,"beat":2,"pulse":12,"@":1440}
{"ev":"midi-out","port":0,"msg":"noteon","ch":3,"note":60,"vel":70,"@":1443}
{"ev":"midi-out","port":0,"msg":"noteon","ch":3,"note":64,"vel":70,"@":1443}
{"ev":"midi-out","port":0,"msg":"noteon","ch":3,"note":67,"vel":70,"@":1443}
{"ev":"midi-out","port":0,"msg":"noteon","ch":2,"note":40,"vel":80,"@":1448}
{"ev":"midi-out","port":0,"msg":"noteon","ch":10,"note":36,"vel":87,"@":1449}
{"ev":"midi-out","port":0,"msg":"noteon","ch":10,"note":42,"vel":55,"@":1449}
{"ev":"beat","bar":1,"beat":2,"pulse":13,"@":1480}
{"ev":"midi-out","port":0,"msg":"noteoff","ch":3,"note":60,"vel":64,"@":1493}
{"ev":"midi-out","port":0,"msg":"noteoff","ch":3,"note":64,"vel":64,"@":1493}
{"ev":"midi-out","port":0,"msg":"noteoff","ch":3,"note":67,"vel":64,"@":1493}
{"ev":"midi-out","port":0,"msg":"noteoff","ch":10,"note":42,"vel":64,"@":1499}
{"ev":"beat","bar":1,"beat":2,"pulse":14,"@":1520}
{"ev":"beat","bar":1,"beat":2,"pulse":15,"@":1560}
{"ev":"midi-out","port":0,"msg":"noteoff","ch":10,"note":36,"vel":64,"@":1569}
{"ev":"beat","bar":1,"beat":2,"pulse":16,"@":1600}
{"ev":"beat","bar":1,"beat":2,"pulse":17,"@":1640}
{"ev":"beat","bar":1,"beat":2,"pulse":18,"@":1680}
{"ev":"midi-out","port":0,"msg":"noteoff","ch":2,"note":40,"vel":64,"@":1688}
{"ev":"midi-out","port":0,"msg":"noteon","ch":10,"note":42,"vel":47,"@":1689}
{"ev":"beat","bar":1,"beat":2,"pulse":19,"@":1720}
{"ev":"midi-out","port":0,"msg":"noteoff","ch":10,"note":42,"vel":64,"@":1739}
{"ev":"beat","bar":1,"beat":2,"pulse":20,"@":1760}
{"ev":"beat","bar":1,"beat":2,"pulse":21,"@":1800}
{"ev":"beat","bar":1,"beat":2,"pulse":22,"@":1840}
{"ev":"beat","bar":1,"beat":2,"pulse":23,"@":1880}
{"ev":"beat","bar":1,"beat":3,"pulse":0,"@":1920}
{"ev":"midi-out","port":0,"msg":"noteon","ch":10,"note":36,"vel":102,"@":1922}
{"ev":"midi-out","port":0,"msg":"noteon","ch":10,"note":42,"vel":64,"@":1922}
{"ev":"midi-out","port":0,"msg":"noteon","ch":2,"note":24,"vel":96,"@":1922}
{"ev":"midi-out","port":0,"msg":"noteon","ch":7,"note":79,"vel":72,"@":1926}
{"ev":"beat","bar":1,"beat":3,"pulse":1,"@":1960}
{"ev":"midi-out","port":0,"msg":"noteoff","ch":10,"note":42,"vel":64,"@":1972}
{"ev":"beat","bar":1,"beat":3,"pulse":2,"@":2000}
{"ev":"beat","bar":1,"beat":3,"pulse":3,"@":2040}
{"ev":"midi-out","port":0,"msg":"noteoff","ch":10,"note":36,"vel":64,"@":2042}
{"ev":"beat","bar":1,"beat":3,"pulse":4,"@":2080}
{"ev":"beat","bar":1,"beat":3,"pulse":5,"@":2120}
{"ev":"beat","bar":1,"beat":3,"pulse":6,"@":2160}
{"ev":"midi-out","port":0,"msg":"noteoff","ch":2,"note":24,"vel":64,"@":2162}
{"ev":"midi-out","port":0,"msg":"noteoff","ch":7,"note":79,"vel":64,"@":2166}
{"ev":"midi-out","port":0,"msg":"noteon","ch":10,"note":42,"vel":48,"@":2167}
{"ev":"beat","bar":1,"beat":3,"pulse":7,"@":2200}
{"ev":"midi-out","port":0,"msg":"noteoff","ch":10,"note":42,"vel":64,"@":2217}
{"ev":"beat","bar":1,"beat":3,"pulse":8,"@":2240}
{"ev":"beat","bar":1,"beat":3,"pulse":9,"@":2280}
{"ev":"beat","bar":1,"beat":3,"pulse":10,"@":2320}
{"ev":"beat","bar":1,"beat":3,"pulse":11,"@":2360}
{"ev":"beat","bar":1,"beat":3,"pulse":12,"@":2400}
{"ev":"midi-out","port":0,"msg":"noteon","ch":7,"note":81,"vel":66,"@":2405}
{"ev":"midi-out","port":0,"msg":"noteon","ch":10,"note":36,"vel":87,"@":2408}
{"ev":"midi-out","port":0,"msg":"noteon","ch":2,"note":31,"vel":80,"@":2409}
{"ev":"beat","bar":1,"beat":3,"pulse":13,"@":2440}
{"ev":"beat","bar":1,"beat":3,"pulse":14,"@":2480}
{"ev":"beat","bar":1,"beat":3,"pulse":15,"@":2520}
{"ev":"midi-out","port":0,"msg":"noteoff","ch":10,"note":36,"vel":64,"@":2528}
{"ev":"beat","bar":1,"beat":3,"pulse":16,"@":2560}
{"ev":"beat","bar":1,"beat":3,"pulse":17,"@":2600}
{"ev":"beat","bar":1,"beat":3,"pulse":18,"@":2640}
{"ev":"midi-out","port":0,"msg":"noteoff","ch":7,"note":81,"vel":64,"@":2645}
{"ev":"midi-out","port":0,"msg":"noteon","ch":7,"note":75,"vel":65,"@":2646}
{"ev":"midi-out","port":0,"msg":"noteoff","ch":2,"note":31,"vel":64,"@":2649}
{"ev":"beat","bar":1,"beat":3,"pulse":19,"@":2680}
{"ev":"midi-out","port":0,"msg":"noteoff","ch":7,"note":75,"vel":64,"@":2696}
{"ev":"beat","bar":1,"beat":3,"pulse":20,"@":2720}
{"ev":"beat","bar":1,"beat":3,"pulse":21,"@":2760}
{"ev":"beat","bar":1,"beat":3,"pulse":22,"@":2800}
{"ev":"beat","bar":1,"beat":3,"pulse":23,"@":2840}
{"ev":"beat","bar":1,"beat":4,"pulse":0,"@":2880}
{"ev":"midi-out","port":0,"msg":"noteon","ch":7,"note":76,"vel":74,"@":2881}
{"ev":"midi-out","port":0,"msg":"noteon","ch":10,"note":38,"vel":102,"@":2885}
{"ev":"midi-out","port":0,"msg":"noteon","ch":2,"note":31,"vel":88,"@":2887}
{"ev":"midi-out","port":0,"msg":"noteon","ch":3,"note":71,"vel":84,"@":2889}
{"ev":"midi-out","port":0,"msg":"noteon","ch":3,"note":67,"vel":84,"@":2909}
{"ev":"beat","bar":1,"beat":4,"pulse":1,"@":2920}
{"ev":"midi-out","port":0,"msg":"noteon","ch":3,"note":64,"vel":84,"@":2929}
{"ev":"midi-out","port":0,"msg":"noteon","ch":3,"note":60,"vel":84,"@":2949}
{"ev":"beat","bar":1,"beat":4,"pulse":2,"@":2960}
{"ev":"beat","bar":1,"beat":4,"pulse":3,"@":3000}
{"ev":"midi-out","port":0,"msg":"noteoff","ch":10,"note":38,"vel":64,"@":3005}
{"ev":"beat","bar":1,"beat":4,"pulse":4,"@":3040}
{"ev":"beat","bar":1,"beat":4,"pulse":5,"@":3080}
{"ev":"midi-out","port":0,"msg":"noteoff","ch":3,"note":71,"vel":64,"@":3089}
{"ev":"midi-out","port":0,"msg":"noteoff","ch":3,"note":67,"vel":64,"@":3109}
{"ev":"beat","bar":1,"beat":4,"pulse":6,"@":3120}
{"ev":"midi-out","port":0,"msg":"noteoff","ch":7,"note":76,"vel":64,"@":3121}
{"ev":"midi-out","port":0,"msg":"noteoff","ch":2,"note":31,"vel":64,"@":3127}
{"ev":"midi-out","port":0,"msg":"noteoff","ch":3,"note":64,"vel":64,"@":3129}
{"ev":"midi-out","port":0,"msg":"noteoff","ch":3,"note":60,"vel":64,"@":3149}
{"ev":"beat","bar":1,"beat":4,"pulse":7,"@":3160}
{"ev":"beat","bar":1,"beat":4,"pulse":8,"@":3200}
{"ev":"beat","bar":1,"beat":4,"pulse":9,"@":3240}
{"ev":"beat","bar":1,"beat":4,"pulse":10,"@":3280}
{"ev":"beat","bar":1,"beat":4,"pulse":11,"@":3320}
{"ev":"beat","bar":1,"beat":4,"pulse":12,"@":3360}
{"ev":"midi-out","port":0,"msg":"noteon","ch":7,"note":72,"vel":76,"@":3361}
{"ev":"midi-out","port":0,"msg":"noteon","ch":2,"note":35,"vel":82,"@":3366}
{"ev":"midi-out","port":0,"msg":"noteon","ch":3,"note":60,"vel":71,"@":3366}
{"ev":"midi-out","port":0,"msg":"noteon","ch":3,"note":64,"vel":71,"@":3366}
{"ev":"midi-out","port":0,"msg":"noteon","ch":3,"note":67,"vel":71,"@":3366}
{"ev":"beat","bar":1,"beat":4,"pulse":13,"@":3400}
{"ev":"midi-out","port":0,"msg":"noteoff","ch":3,"note":60,"vel":64,"@":3416}
{"ev":"midi-out","port":0,"msg":"noteoff","ch":3,"note":64,"vel":64,"@":3416}
{"ev":"midi-out","port":0,"msg":"noteoff","ch":3,"note":67,"vel":64,"@":3416}
{"ev":"beat","bar":1,"beat":4,"pulse":14,"@":3440}
{"ev":"beat","bar":1,"beat":4,"pulse":15,"@":3480}
{"ev":"beat","bar":1,"beat":4,"pulse":16,"@":3520}
{"ev":"beat","bar":1,"beat":4,"pulse":17,"@":3560}
{"ev":"beat","bar":1,"beat":4,"pulse":18,"@":3600}
{"ev":"midi-out","port":0,"msg":"noteoff","ch":2,"note":35,"vel":64,"@":3606}
{"ev":"beat","bar":1,"beat":4,"pulse":19,"@":3640}
{"ev":"beat","bar":1,"beat":4,"pulse":20,"@":3680}
{"ev":"beat","bar":1,"beat":4,"pulse":21,"@":3720}
{"ev":"midi-out","port":0,"msg":"noteoff","ch":7,"note":72,"vel":64,"@":3721}
{"ev":"beat","bar":1,"beat":4,"pulse":22,"@":3760}
{"ev":"beat","bar":1,"beat":4,"pulse":23,"@":3800}
{"ev":"beat","bar":2,"beat":1,"pulse":0,"@":3840}
{"ev":"chord","in":"F4","out":"Fmaj7","deg":"IV","@":3840}
{"ev":"chord-followed","cur":"Fmaj7","cur_pcs":561,"next":"-","next_pcs":0,"src":"sequencer","@":3840}
{"ev":"midi-out","port":0,"msg":"noteoff","ch":4,"note":60,"vel":64,"@":3840}
{"ev":"midi-out","port":0,"msg":"noteoff","ch":4,"note":64,"vel":64,"@":3840}
{"ev":"midi-out","port":0,"msg":"noteoff","ch":4,"note":67,"vel":64,"@":3840}
{"ev":"midi-out","port":0,"msg":"noteoff","ch":4,"note":71,"vel":64,"@":3840}
{"ev":"midi-out","port":0,"msg":"noteon","ch":4,"note":65,"vel":100,"@":3840}
{"ev":"midi-out","port":0,"msg":"noteon","ch":4,"note":69,"vel":100,"@":3840}
{"ev":"midi-out","port":0,"msg":"noteon","ch":4,"note":72,"vel":100,"@":3840}
{"ev":"midi-out","port":0,"msg":"noteon","ch":4,"note":76,"vel":100,"@":3840}
{"ev":"midi-out","port":0,"msg":"noteon","ch":10,"note":42,"vel":48,"@":3840}
{"ev":"beat","bar":2,"beat":1,"pulse":1,"@":3880}
{"ev":"midi-out","port":0,"msg":"noteoff","ch":10,"note":42,"vel":64,"@":3890}
{"ev":"beat","bar":2,"beat":1,"pulse":2,"@":3920}
{"ev":"beat","bar":2,"beat":1,"pulse":3,"@":3960}
{"ev":"beat","bar":2,"beat":1,"pulse":4,"@":4000}
{"ev":"beat","bar":2,"beat":1,"pulse":5,"@":4040}
{"ev":"beat","bar":2,"beat":1,"pulse":6,"@":4080}
{"ev":"midi-out","port":0,"msg":"noteon","ch":3,"note":65,"vel":70,"@":4084}
{"ev":"midi-out","port":0,"msg":"noteon","ch":3,"note":69,"vel":70,"@":4084}
{"ev":"midi-out","port":0,"msg":"noteon","ch":3,"note":72,"vel":70,"@":4084}
{"ev":"midi-out","port":0,"msg":"noteon","ch":10,"note":36,"vel":88,"@":4085}
{"ev":"midi-out","port":0,"msg":"noteon","ch":2,"note":40,"vel":82,"@":4088}
{"ev":"beat","bar":2,"beat":1,"pulse":7,"@":4120}
{"ev":"midi-out","port":0,"msg":"noteoff","ch":3,"note":65,"vel":64,"@":4134}
{"ev":"midi-out","port":0,"msg":"noteoff","ch":3,"note":69,"vel":64,"@":4134}
{"ev":"midi-out","port":0,"msg":"noteoff","ch":3,"note":72,"vel":64,"@":4134}
{"ev":"beat","bar":2,"beat":1,"pulse":8,"@":4160}
{"ev":"beat","bar":2,"beat":1,"pulse":9,"@":4200}
{"ev":"midi-out","port":0,"msg":"noteoff","ch":10,"note":36,"vel":64,"@":4205}
{"ev":"beat","bar":2,"beat":1,"pulse":10,"@":4240}
{"ev":"beat","bar":2,"beat":1,"pulse":11,"@":4280}
{"ev":"beat","bar":2,"beat":1,"pulse":12,"@":4320}
{"ev":"midi-out","port":0,"msg":"noteoff","ch":2,"note":40,"vel":64,"@":4328}
{"ev":"beat","bar":2,"beat":1,"pulse":13,"@":4360}
{"ev":"beat","bar":2,"beat":1,"pulse":14,"@":4400}
{"ev":"beat","bar":2,"beat":1,"pulse":15,"@":4440}
{"ev":"beat","bar":2,"beat":1,"pulse":16,"@":4480}
{"ev":"beat","bar":2,"beat":1,"pulse":17,"@":4520}
{"ev":"beat","bar":2,"beat":1,"pulse":18,"@":4560}
{"ev":"midi-out","port":0,"msg":"noteon","ch":2,"note":36,"vel":88,"@":4561}
{"ev":"midi-out","port":0,"msg":"noteon","ch":3,"note":76,"vel":83,"@":4568}
{"ev":"midi-out","port":0,"msg":"noteon","ch":10,"note":38,"vel":102,"@":4571}
{"ev":"midi-out","port":0,"msg":"noteon","ch":3,"note":72,"vel":83,"@":4588}
{"ev":"beat","bar":2,"beat":1,"pulse":19,"@":4600}
{"ev":"midi-out","port":0,"msg":"noteon","ch":3,"note":69,"vel":83,"@":4608}
{"ev":"midi-out","port":0,"msg":"noteon","ch":3,"note":65,"vel":83,"@":4628}
{"ev":"beat","bar":2,"beat":1,"pulse":20,"@":4640}
{"ev":"beat","bar":2,"beat":1,"pulse":21,"@":4680}
{"ev":"midi-out","port":0,"msg":"noteoff","ch":10,"note":38,"vel":64,"@":4691}
{"ev":"beat","bar":2,"beat":1,"pulse":22,"@":4720}
{"ev":"beat","bar":2,"beat":1,"pulse":23,"@":4760}
{"ev":"midi-out","port":0,"msg":"noteoff","ch":3,"note":76,"vel":64,"@":4768}
{"ev":"midi-out","port":0,"msg":"noteoff","ch":3,"note":72,"vel":64,"@":4788}
{"ev":"beat","bar":2,"beat":2,"pulse":0,"@":4800}
{"ev":"midi-out","port":0,"msg":"noteoff","ch":2,"note":36,"vel":64,"@":4801}
{"ev":"midi-out","port":0,"msg":"noteoff","ch":3,"note":69,"vel":64,"@":4808}
{"ev":"midi-out","port":0,"msg":"noteoff","ch":3,"note":65,"vel":64,"@":4828}
{"ev":"beat","bar":2,"beat":2,"pulse":1,"@":4840}
{"ev":"beat","bar":2,"beat":2,"pulse":2,"@":4880}
{"ev":"beat","bar":2,"beat":2,"pulse":3,"@":4920}
{"ev":"beat","bar":2,"beat":2,"pulse":4,"@":4960}
{"ev":"beat","bar":2,"beat":2,"pulse":5,"@":5000}
{"ev":"beat","bar":2,"beat":2,"pulse":6,"@":5040}
{"ev":"midi-out","port":0,"msg":"noteon","ch":2,"note":36,"vel":80,"@":5051}
{"ev":"beat","bar":2,"beat":2,"pulse":7,"@":5080}
{"ev":"beat","bar":2,"beat":2,"pulse":8,"@":5120}
{"ev":"beat","bar":2,"beat":2,"pulse":9,"@":5160}
{"ev":"beat","bar":2,"beat":2,"pulse":10,"@":5200}
{"ev":"beat","bar":2,"beat":2,"pulse":11,"@":5240}
{"ev":"beat","bar":2,"beat":2,"pulse":12,"@":5280}
{"ev":"midi-out","port":0,"msg":"noteoff","ch":2,"note":36,"vel":64,"@":5291}
{"ev":"beat","bar":2,"beat":2,"pulse":13,"@":5320}
{"ev":"beat","bar":2,"beat":2,"pulse":14,"@":5360}
{"ev":"beat","bar":2,"beat":2,"pulse":15,"@":5400}
{"ev":"beat","bar":2,"beat":2,"pulse":16,"@":5440}
{"ev":"beat","bar":2,"beat":2,"pulse":17,"@":5480}
{"ev":"beat","bar":2,"beat":2,"pulse":18,"@":5520}
{"ev":"midi-out","port":0,"msg":"noteon","ch":10,"note":36,"vel":106,"@":5524}
{"ev":"midi-out","port":0,"msg":"noteon","ch":10,"note":42,"vel":64,"@":5524}
{"ev":"midi-out","port":0,"msg":"noteon","ch":2,"note":29,"vel":95,"@":5525}
{"ev":"beat","bar":2,"beat":2,"pulse":19,"@":5560}
{"ev":"midi-out","port":0,"msg":"noteoff","ch":10,"note":42,"vel":64,"@":5574}
{"ev":"beat","bar":2,"beat":2,"pulse":20,"@":5600}
{"ev":"beat","bar":2,"beat":2,"pulse":21,"@":5640}
{"ev":"midi-out","port":0,"msg":"noteoff","ch":10,"note":36,"vel":64,"@":5644}
{"ev":"beat","bar":2,"beat":2,"pulse":22,"@":5680}
{"ev":"beat","bar":2,"beat":2,"pulse":23,"@":5720}
{"ev":"beat","bar":2,"beat":3,"pulse":0,"@":5760}
{"ev":"midi-out","port":0,"msg":"noteoff","ch":2,"note":29,"vel":64,"@":5765}
{"ev":"midi-out","port":0,"msg":"noteon","ch":7,"note":77,"vel":71,"@":5768}
{"ev":"midi-out","port":0,"msg":"noteon","ch":10,"note":42,"vel":48,"@":5771}
{"ev":"beat","bar":2,"beat":3,"pulse":1,"@":5800}
{"ev":"midi-out","port":0,"msg":"noteoff","ch":10,"note":42,"vel":64,"@":5821}
{"ev":"beat","bar":2,"beat":3,"pulse":2,"@":5840}
{"ev":"beat","bar":2,"beat":3,"pulse":3,"@":5880}
{"ev":"beat","bar":2,"beat":3,"pulse":4,"@":5920}
{"ev":"beat","bar":2,"beat":3,"pulse":5,"@":5960}
{"ev":"beat","bar":2,"beat":3,"pulse":6,"@":6000}
{"ev":"midi-out","port":0,"msg":"noteon","ch":3,"note":65,"vel":69,"@":6002}
{"ev":"midi-out","port":0,"msg":"noteon","ch":3,"note":69,"vel":69,"@":6002}
{"ev":"midi-out","port":0,"msg":"noteon","ch":3,"note":72,"vel":69,"@":6002}
{"ev":"midi-out","port":0,"msg":"noteon","ch":10,"note":42,"vel":57,"@":6006}
{"ev":"midi-out","port":0,"msg":"noteoff","ch":7,"note":77,"vel":64,"@":6008}
{"ev":"midi-out","port":0,"msg":"noteon","ch":2,"note":45,"vel":80,"@":6008}
{"ev":"beat","bar":2,"beat":3,"pulse":7,"@":6040}
{"ev":"midi-out","port":0,"msg":"noteoff","ch":3,"note":65,"vel":64,"@":6052}
{"ev":"midi-out","port":0,"msg":"noteoff","ch":3,"note":69,"vel":64,"@":6052}
{"ev":"midi-out","port":0,"msg":"noteoff","ch":3,"note":72,"vel":64,"@":6052}
{"ev":"midi-out","port":0,"msg":"noteoff","ch":10,"note":42,"vel":64,"@":6056}
{"ev":"beat","bar":2,"beat":3,"pulse":8,"@":6080}
{"ev":"beat","bar":2,"beat":3,"pulse":9,"@":6120}
{"ev":"beat","bar":2,"beat":3,"pulse":10,"@":6160}
{"ev":"beat","bar":2,"beat":3,"pulse":11,"@":6200}
{"ev":"beat","bar":2,"beat":3,"pulse":12,"@":6240}
{"ev":"midi-out","port":0,"msg":"noteon","ch":10,"note":42,"vel":48,"@":6240}
{"ev":"midi-out","port":0,"msg":"noteon","ch":7,"note":79,"vel":66,"@":6247}
{"ev":"midi-out","port":0,"msg":"noteoff","ch":2,"note":45,"vel":64,"@":6248}
{"ev":"beat","bar":2,"beat":3,"pulse":13,"@":6280}
{"ev":"midi-out","port":0,"msg":"noteoff","ch":10,"note":42,"vel":64,"@":6290}
{"ev":"beat","bar":2,"beat":3,"pulse":14,"@":6320}
{"ev":"beat","bar":2,"beat":3,"pulse":15,"@":6360}
{"ev":"beat","bar":2,"beat":3,"pulse":16,"@":6400}
{"ev":"beat","bar":2,"beat":3,"pulse":17,"@":6440}
{"ev":"beat","bar":2,"beat":3,"pulse":18,"@":6480}
{"ev":"midi-out","port":0,"msg":"noteoff","ch":7,"note":79,"vel":64,"@":6480}
{"ev":"midi-out","port":0,"msg":"noteon","ch":7,"note":79,"vel":64,"@":6480}
{"ev":"midi-out","port":0,"msg":"noteon","ch":10,"note":38,"vel":103,"@":6482}
{"ev":"midi-out","port":0,"msg":"noteon","ch":10,"note":42,"vel":65,"@":6482}
{"ev":"midi-out","port":0,"msg":"noteon","ch":2,"note":36,"vel":89,"@":6485}
{"ev":"midi-out","port":0,"msg":"noteon","ch":3,"note":65,"vel":85,"@":6486}
{"ev":"midi-out","port":0,"msg":"noteon","ch":3,"note":69,"vel":85,"@":6506}
{"ev":"beat","bar":2,"beat":3,"pulse":19,"@":6520}
{"ev":"midi-out","port":0,"msg":"noteon","ch":3,"note":72,"vel":85,"@":6526}
{"ev":"midi-out","port":0,"msg":"noteoff","ch":7,"note":79,"vel":64,"@":6530}
{"ev":"midi-out","port":0,"msg":"noteoff","ch":10,"note":42,"vel":64,"@":6532}
{"ev":"midi-out","port":0,"msg":"noteon","ch":3,"note":76,"vel":85,"@":6546}
{"ev":"beat","bar":2,"beat":3,"pulse":20,"@":6560}
{"ev":"beat","bar":2,"beat":3,"pulse":21,"@":6600}
{"ev":"midi-out","port":0,"msg":"noteoff","ch":10,"note":38,"vel":64,"@":6602}
{"ev":"beat","bar":2,"beat":3,"pulse":22,"@":6640}
{"ev":"beat","bar":2,"beat":3,"pulse":23,"@":6680}
{"ev":"midi-out","port":0,"msg":"noteoff","ch":3,"note":65,"vel":64,"@":6686}
{"ev":"midi-out","port":0,"msg":"noteoff","ch":3,"note":69,"vel":64,"@":6706}
{"ev":"beat","bar":2,"beat":4,"pulse":0,"@":6720}
{"ev":"midi-out","port":0,"msg":"noteon","ch":10,"note":42,"vel":49,"@":6723}
{"ev":"midi-out","port":0,"msg":"noteon","ch":7,"note":74,"vel":74,"@":6724}
{"ev":"midi-out","port":0,"msg":"noteoff","ch":2,"note":36,"vel":64,"@":6725}
{"ev":"midi-out","port":0,"msg":"noteoff","ch":3,"note":72,"vel":64,"@":6726}
{"ev":"midi-out","port":0,"msg":"noteoff","ch":3,"note":76,"vel":64,"@":6746}
{"ev":"beat","bar":2,"beat":4,"pulse":1,"@":6760}
{"ev":"midi-out","port":0,"msg":"noteoff","ch":10,"note":42,"vel":64,"@":6773}
{"ev":"beat","bar":2,"beat":4,"pulse":2,"@":6800}
{"ev":"beat","bar":2,"beat":4,"pulse":3,"@":6840}
{"ev":"beat","bar":2,"beat":4,"pulse":4,"@":6880}
{"ev":"beat","bar":2,"beat":4,"pulse":5,"@":6920}
{"ev":"beat","bar":2,"beat":4,"pulse":6,"@":6960}
{"ev":"midi-out","port":0,"msg":"noteon","ch":10,"note":36,"vel":87,"@":6960}
{"ev":"midi-out","port":0,"msg":"noteon","ch":10,"note":42,"vel":55,"@":6960}
{"ev":"midi-out","port":0,"msg":"noteon","ch":2,"note":36,"vel":81,"@":6961}
{"ev":"midi-out","port":0,"msg":"noteoff","ch":7,"note":74,"vel":64,"@":6964}
{"ev":"beat","bar":2,"beat":4,"pulse":7,"@":7000}
{"ev":"midi-out","port":0,"msg":"noteoff","ch":10,"note":42,"vel":64,"@":7010}
{"ev":"beat","bar":2,"beat":4,"pulse":8,"@":7040}
{"ev":"beat","bar":2,"beat":4,"pulse":9,"@":7080}
{"ev":"midi-out","port":0,"msg":"noteoff","ch":10,"note":36,"vel":64,"@":7080}
{"ev":"beat","bar":2,"beat":4,"pulse":10,"@":7120}
{"ev":"beat","bar":2,"beat":4,"pulse":11,"@":7160}
{"ev":"beat","bar":2,"beat":4,"pulse":12,"@":7200}
{"ev":"midi-out","port":0,"msg":"noteoff","ch":2,"note":36,"vel":64,"@":7201}
{"ev":"midi-out","port":0,"msg":"noteon","ch":10,"note":42,"vel":48,"@":7203}
{"ev":"midi-out","port":0,"msg":"noteon","ch":7,"note":71,"vel":76,"@":7207}
{"ev":"beat","bar":2,"beat":4,"pulse":13,"@":7240}
{"ev":"midi-out","port":0,"msg":"noteoff","ch":10,"note":42,"vel":64,"@":7253}
{"ev":"beat","bar":2,"beat":4,"pulse":14,"@":7280}
{"ev":"beat","bar":2,"beat":4,"pulse":15,"@":7320}
{"ev":"beat","bar":2,"beat":4,"pulse":16,"@":7360}
{"ev":"beat","bar":2,"beat":4,"pulse":17,"@":7400}
{"ev":"beat","bar":2,"beat":4,"pulse":18,"@":7440}
{"ev":"midi-out","port":0,"msg":"noteon","ch":10,"note":36,"vel":102,"@":7447}
{"ev":"midi-out","port":0,"msg":"noteon","ch":10,"note":42,"vel":64,"@":7447}
{"ev":"midi-out","port":0,"msg":"noteon","ch":2,"note":29,"vel":98,"@":7451}
{"ev":"beat","bar":2,"beat":4,"pulse":19,"@":7480}
{"ev":"midi-out","port":0,"msg":"noteoff","ch":10,"note":42,"vel":64,"@":7497}
{"ev":"beat","bar":2,"beat":4,"pulse":20,"@":7520}
{"ev":"beat","bar":2,"beat":4,"pulse":21,"@":7560}
{"ev":"midi-out","port":0,"msg":"noteoff","ch":7,"note":71,"vel":64,"@":7567}
{"ev":"midi-out","port":0,"msg":"noteoff","ch":10,"note":36,"vel":64,"@":7567}
{"ev":"beat","bar":2,"beat":4,"pulse":22,"@":7600}
{"ev":"beat","bar":2,"beat":4,"pulse":23,"@":7640}
{"ev":"beat","bar":3,"beat":1,"pulse":0,"@":7680}
{"ev":"chord","in":"C4","out":"Cmaj7","deg":"I","@":7680}
{"ev":"chord-followed","cur":"Cmaj7","cur_pcs":2193,"next":"-","next_pcs":0,"src":"sequencer","@":7680}
{"ev":"midi-out","port":0,"msg":"noteoff","ch":4,"note":65,"vel":64,"@":7680}
{"ev":"midi-out","port":0,"msg":"noteoff","ch":4,"note":69,"vel":64,"@":7680}
{"ev":"midi-out","port":0,"msg":"noteoff","ch":4,"note":72,"vel":64,"@":7680}
{"ev":"midi-out","port":0,"msg":"noteoff","ch":4,"note":76,"vel":64,"@":7680}
{"ev":"midi-out","port":0,"msg":"noteon","ch":4,"note":60,"vel":100,"@":7680}
{"ev":"midi-out","port":0,"msg":"noteon","ch":4,"note":64,"vel":100,"@":7680}
{"ev":"midi-out","port":0,"msg":"noteon","ch":4,"note":67,"vel":100,"@":7680}
{"ev":"midi-out","port":0,"msg":"noteon","ch":4,"note":71,"vel":100,"@":7680}
{"ev":"midi-out","port":0,"msg":"noteon","ch":10,"note":36,"vel":106,"@":7680}
{"ev":"midi-out","port":0,"msg":"noteon","ch":10,"note":42,"vel":64,"@":7680}
{"ev":"midi-out","port":0,"msg":"noteon","ch":2,"note":24,"vel":98,"@":7680}
