{"ev":"midi-out","port":0,"msg":"start","@":0}
{"ev":"midi-out","port":0,"msg":"clock","@":0}
{"ev":"transport","state":"playing","@":0}
{"ev":"beat","bar":1,"beat":1,"pulse":1,"@":40}
{"ev":"midi-out","port":0,"msg":"clock","@":40}
{"ev":"beat","bar":1,"beat":1,"pulse":2,"@":80}
{"ev":"midi-out","port":0,"msg":"clock","@":80}
{"ev":"midi-out","port":0,"msg":"stop","@":80}
{"ev":"transport","state":"stopped","@":80}
