{"ev":"chord","in":"C4","out":"Cmaj7","deg":"I","@":0}
{"ev":"chord-followed","cur":"Cmaj7","cur_pcs":2193,"next":"-","next_pcs":0,"src":"manual","@":0}
{"ev":"midi-out","port":0,"msg":"noteon","ch":4,"note":60,"vel":100,"@":0}
{"ev":"midi-out","port":0,"msg":"noteon","ch":4,"note":64,"vel":100,"@":0}
{"ev":"midi-out","port":0,"msg":"noteon","ch":4,"note":67,"vel":100,"@":0}
{"ev":"midi-out","port":0,"msg":"noteon","ch":4,"note":71,"vel":100,"@":0}
{"ev":"section","name":"varD","@":0}
{"ev":"midi-out","port":0,"msg":"noteon","ch":10,"note":51,"vel":83,"@":0}
{"ev":"midi-out","port":0,"msg":"noteon","ch":10,"note":36,"vel":97,"@":0}
{"ev":"transport","state":"playing","@":0}
{"ev":"midi-out","port":0,"msg":"noteoff","ch":10,"note":36,"vel":64,"@":100}
{"ev":"midi-out","port":0,"msg":"noteoff","ch":10,"note":51,"vel":64,"@":120}
{"ev":"midi-out","port":0,"msg":"noteon","ch":10,"note":51,"vel":58,"@":600}
{"ev":"midi-out","port":0,"msg":"noteoff","ch":10,"note":51,"vel":64,"@":720}
{"ev":"midi-out","port":0,"msg":"noteon","ch":10,"note":51,"vel":72,"@":960}
{"ev":"midi-out","port":0,"msg":"noteon","ch":10,"note":38,"vel":100,"@":960}
{"ev":"midi-out","port":0,"msg":"noteoff","ch":10,"note":38,"vel":64,"@":1060}
{"ev":"midi-out","port":0,"msg":"noteoff","ch":10,"note":51,"vel":64,"@":1080}
{"ev":"midi-out","port":0,"msg":"noteon","ch":10,"note":51,"vel":58,"@":1560}
{"ev":"midi-out","port":0,"msg":"noteon","ch":10,"note":36,"vel":78,"@":1560}
{"ev":"midi-out","port":0,"msg":"noteoff","ch":10,"note":36,"vel":64,"@":1660}
{"ev":"midi-out","port":0,"msg":"noteoff","ch":10,"note":51,"vel":64,"@":1680}
{"ev":"midi-out","port":0,"msg":"noteon","ch":10,"note":51,"vel":79,"@":1920}
{"ev":"midi-out","port":0,"msg":"noteon","ch":10,"note":36,"vel":93,"@":1920}
{"ev":"midi-out","port":0,"msg":"noteoff","ch":10,"note":36,"vel":64,"@":2020}
{"ev":"midi-out","port":0,"msg":"noteoff","ch":10,"note":51,"vel":64,"@":2040}
{"ev":"midi-out","port":0,"msg":"noteon","ch":10,"note":51,"vel":58,"@":2520}
{"ev":"midi-out","port":0,"msg":"noteoff","ch":10,"note":51,"vel":64,"@":2640}
{"ev":"midi-out","port":0,"msg":"noteon","ch":10,"note":51,"vel":72,"@":2880}
{"ev":"midi-out","port":0,"msg":"noteon","ch":10,"note":38,"vel":102,"@":2880}
{"ev":"midi-out","port":0,"msg":"noteoff","ch":10,"note":38,"vel":64,"@":2980}
{"ev":"midi-out","port":0,"msg":"noteoff","ch":10,"note":51,"vel":64,"@":3000}
{"ev":"midi-out","port":0,"msg":"noteon","ch":10,"note":51,"vel":58,"@":3480}
{"ev":"midi-out","port":0,"msg":"noteon","ch":10,"note":38,"vel":62,"@":3480}
{"ev":"midi-out","port":0,"msg":"noteoff","ch":10,"note":38,"vel":64,"@":3530}
{"ev":"midi-out","port":0,"msg":"noteoff","ch":10,"note":51,"vel":64,"@":3600}
{"ev":"midi-out","port":0,"msg":"noteon","ch":10,"note":51,"vel":83,"@":3840}
{"ev":"midi-out","port":0,"msg":"noteon","ch":10,"note":36,"vel":97,"@":3840}
