{"ev":"chord","in":"C4","out":"Cmaj7","deg":"I","@":0}
{"ev":"chord-followed","cur":"Cmaj7","cur_pcs":2193,"next":"-","next_pcs":0,"src":"manual","@":0}
{"ev":"midi-out","port":0,"msg":"noteon","ch":4,"note":60,"vel":100,"@":0}
{"ev":"midi-out","port":0,"msg":"noteon","ch":4,"note":64,"vel":100,"@":0}
{"ev":"midi-out","port":0,"msg":"noteon","ch":4,"note":67,"vel":100,"@":0}
{"ev":"midi-out","port":0,"msg":"noteon","ch":4,"note":71,"vel":100,"@":0}
{"ev":"section","name":"varD","@":0}
{"ev":"midi-out","port":0,"msg":"noteon","ch":10,"note":51,"vel":81,"@":0}
{"ev":"midi-out","port":0,"msg":"noteon","ch":10,"note":36,"vel":53,"@":0}
{"ev":"transport","state":"playing","@":0}
{"ev":"midi-out","port":0,"msg":"noteoff","ch":10,"note":36,"vel":64,"@":50}
{"ev":"midi-out","port":0,"msg":"noteoff","ch":10,"note":51,"vel":64,"@":120}
{"ev":"midi-out","port":0,"msg":"noteon","ch":10,"note":51,"vel":56,"@":579}
{"ev":"midi-out","port":0,"msg":"noteon","ch":10,"note":38,"vel":54,"@":579}
{"ev":"midi-out","port":0,"msg":"noteoff","ch":10,"note":38,"vel":64,"@":629}
{"ev":"midi-out","port":0,"msg":"noteoff","ch":10,"note":51,"vel":64,"@":699}
{"ev":"midi-out","port":0,"msg":"noteon","ch":10,"note":51,"vel":72,"@":960}
{"ev":"midi-out","port":0,"msg":"noteon","ch":10,"note":42,"vel":62,"@":960}
{"ev":"midi-out","port":0,"msg":"noteon","ch":10,"note":36,"vel":44,"@":960}
{"ev":"midi-out","port":0,"msg":"noteoff","ch":10,"note":42,"vel":64,"@":1010}
{"ev":"midi-out","port":0,"msg":"noteoff","ch":10,"note":36,"vel":64,"@":1010}
{"ev":"midi-out","port":0,"msg":"noteoff","ch":10,"note":51,"vel":64,"@":1080}
{"ev":"midi-out","port":0,"msg":"noteon","ch":10,"note":51,"vel":58,"@":1539}
{"ev":"midi-out","port":0,"msg":"noteon","ch":10,"note":38,"vel":58,"@":1539}
{"ev":"midi-out","port":0,"msg":"noteoff","ch":10,"note":38,"vel":64,"@":1589}
{"ev":"midi-out","port":0,"msg":"noteoff","ch":10,"note":51,"vel":64,"@":1659}
{"ev":"midi-out","port":0,"msg":"noteon","ch":10,"note":51,"vel":77,"@":1920}
{"ev":"midi-out","port":0,"msg":"noteon","ch":10,"note":36,"vel":49,"@":1920}
{"ev":"midi-out","port":0,"msg":"noteoff","ch":10,"note":36,"vel":64,"@":1970}
{"ev":"midi-out","port":0,"msg":"noteoff","ch":10,"note":51,"vel":64,"@":2040}
{"ev":"midi-out","port":0,"msg":"noteon","ch":10,"note":51,"vel":56,"@":2499}
{"ev":"midi-out","port":0,"msg":"noteon","ch":10,"note":38,"vel":54,"@":2499}
{"ev":"midi-out","port":0,"msg":"noteoff","ch":10,"note":38,"vel":64,"@":2549}
{"ev":"midi-out","port":0,"msg":"noteoff","ch":10,"note":51,"vel":64,"@":2619}
{"ev":"midi-out","port":0,"msg":"noteon","ch":10,"note":51,"vel":72,"@":2880}
{"ev":"midi-out","port":0,"msg":"noteon","ch":10,"note":42,"vel":62,"@":2880}
{"ev":"midi-out","port":0,"msg":"noteon","ch":10,"note":36,"vel":44,"@":2880}
{"ev":"midi-out","port":0,"msg":"noteoff","ch":10,"note":42,"vel":64,"@":2930}
{"ev":"midi-out","port":0,"msg":"noteoff","ch":10,"note":36,"vel":64,"@":2930}
{"ev":"midi-out","port":0,"msg":"noteoff","ch":10,"note":51,"vel":64,"@":3000}
{"ev":"midi-out","port":0,"msg":"noteon","ch":10,"note":51,"vel":58,"@":3459}
{"ev":"midi-out","port":0,"msg":"noteon","ch":10,"note":38,"vel":60,"@":3459}
{"ev":"midi-out","port":0,"msg":"noteoff","ch":10,"note":38,"vel":64,"@":3509}
{"ev":"midi-out","port":0,"msg":"noteoff","ch":10,"note":51,"vel":64,"@":3579}
{"ev":"midi-out","port":0,"msg":"noteon","ch":10,"note":51,"vel":81,"@":3840}
{"ev":"midi-out","port":0,"msg":"noteon","ch":10,"note":36,"vel":53,"@":3840}
