{"ev":"section","name":"varD","@":0}
{"ev":"chord","in":"C4","out":"Cmaj7","deg":"I","@":0}
{"ev":"chord-followed","cur":"Cmaj7","cur_pcs":2193,"next":"-","next_pcs":0,"src":"sequencer","@":0}
{"ev":"midi-out","port":0,"msg":"noteon","ch":4,"note":60,"vel":100,"@":0}
{"ev":"midi-out","port":0,"msg":"noteon","ch":4,"note":64,"vel":100,"@":0}
{"ev":"midi-out","port":0,"msg":"noteon","ch":4,"note":67,"vel":100,"@":0}
{"ev":"midi-out","port":0,"msg":"noteon","ch":4,"note":71,"vel":100,"@":0}
{"ev":"midi-out","port":0,"msg":"noteon","ch":10,"note":36,"vel":120,"@":0}
{"ev":"midi-out","port":0,"msg":"noteon","ch":10,"note":42,"vel":82,"@":0}
{"ev":"midi-out","port":0,"msg":"noteon","ch":2,"note":36,"vel":115,"@":0}
{"ev":"midi-out","port":0,"msg":"noteon","ch":7,"note":72,"vel":96,"@":0}
{"ev":"transport","state":"playing","@":0}
{"ev":"beat","bar":1,"beat":1,"pulse":1,"@":40}
{"ev":"midi-out","port":0,"msg":"noteoff","ch":10,"note":42,"vel":64,"@":50}
{"ev":"midi-out","port":0,"msg":"noteoff","ch":2,"note":36,"vel":64,"@":50}
{"ev":"beat","bar":1,"beat":1,"pulse":2,"@":80}
{"ev":"beat","bar":1,"beat":1,"pulse":3,"@":120}
{"ev":"midi-out","port":0,"msg":"noteoff","ch":10,"note":36,"vel":64,"@":120}
{"ev":"beat","bar":1,"beat":1,"pulse":4,"@":160}
{"ev":"beat","bar":1,"beat":1,"pulse":5,"@":200}
{"ev":"midi-out","port":0,"msg":"noteoff","ch":7,"note":72,"vel":64,"@":200}
{"ev":"beat","bar":1,"beat":1,"pulse":6,"@":240}
{"ev":"beat","bar":1,"beat":1,"pulse":7,"@":280}
{"ev":"beat","bar":1,"beat":1,"pulse":8,"@":320}
{"ev":"beat","bar":1,"beat":1,"pulse":9,"@":360}
{"ev":"beat","bar":1,"beat":1,"pulse":10,"@":400}
{"ev":"beat","bar":1,"beat":1,"pulse":11,"@":440}
{"ev":"beat","bar":1,"beat":1,"pulse":12,"@":480}
{"ev":"midi-out","port":0,"msg":"noteon","ch":10,"note":38,"vel":46,"@":480}
{"ev":"midi-out","port":0,"msg":"noteon","ch":10,"note":46,"vel":72,"@":480}
{"ev":"midi-out","port":0,"msg":"noteon","ch":2,"note":48,"vel":92,"@":480}
{"ev":"midi-out","port":0,"msg":"noteon","ch":3,"note":60,"vel":86,"@":480}
{"ev":"midi-out","port":0,"msg":"noteon","ch":3,"note":64,"vel":86,"@":480}
{"ev":"midi-out","port":0,"msg":"noteon","ch":3,"note":67,"vel":86,"@":480}
{"ev":"midi-out","port":0,"msg":"noteon","ch":3,"note":71,"vel":86,"@":480}
{"ev":"beat","bar":1,"beat":1,"pulse":13,"@":520}
{"ev":"midi-out","port":0,"msg":"noteoff","ch":10,"note":38,"vel":64,"@":530}
{"ev":"midi-out","port":0,"msg":"noteoff","ch":2,"note":48,"vel":64,"@":530}
{"ev":"midi-out","port":0,"msg":"noteoff","ch":3,"note":60,"vel":64,"@":530}
{"ev":"midi-out","port":0,"msg":"noteoff","ch":3,"note":64,"vel":64,"@":530}
{"ev":"midi-out","port":0,"msg":"noteoff","ch":3,"note":67,"vel":64,"@":530}
{"ev":"midi-out","port":0,"msg":"noteoff","ch":3,"note":71,"vel":64,"@":530}
{"ev":"beat","bar":1,"beat":1,"pulse":14,"@":560}
{"ev":"beat","bar":1,"beat":1,"pulse":15,"@":600}
{"ev":"midi-out","port":0,"msg":"noteoff","ch":10,"note":46,"vel":64,"@":600}
{"ev":"beat","bar":1,"beat":1,"pulse":16,"@":640}
{"ev":"beat","bar":1,"beat":1,"pulse":17,"@":680}
{"ev":"beat","bar":1,"beat":1,"pulse":18,"@":720}
{"ev":"midi-out","port":0,"msg":"noteon","ch":10,"note":36,"vel":96,"@":720}
{"ev":"midi-out","port":0,"msg":"noteon","ch":2,"note":36,"vel":94,"@":720}
{"ev":"beat","bar":1,"beat":1,"pulse":19,"@":760}
{"ev":"midi-out","port":0,"msg":"noteoff","ch":2,"note":36,"vel":64,"@":770}
{"ev":"beat","bar":1,"beat":1,"pulse":20,"@":800}
{"ev":"beat","bar":1,"beat":1,"pulse":21,"@":840}
{"ev":"midi-out","port":0,"msg":"noteoff","ch":10,"note":36,"vel":64,"@":840}
{"ev":"beat","bar":1,"beat":1,"pulse":22,"@":880}
{"ev":"beat","bar":1,"beat":1,"pulse":23,"@":920}
{"ev":"beat","bar":1,"beat":2,"pulse":0,"@":960}
{"ev":"midi-out","port":0,"msg":"noteon","ch":10,"note":38,"vel":116,"@":960}
{"ev":"midi-out","port":0,"msg":"noteon","ch":10,"note":42,"vel":74,"@":960}
{"ev":"beat","bar":1,"beat":2,"pulse":1,"@":1000}
{"ev":"midi-out","port":0,"msg":"noteoff","ch":10,"note":42,"vel":64,"@":1010}
{"ev":"beat","bar":1,"beat":2,"pulse":2,"@":1040}
{"ev":"beat","bar":1,"beat":2,"pulse":3,"@":1080}
{"ev":"midi-out","port":0,"msg":"noteoff","ch":10,"note":38,"vel":64,"@":1080}
{"ev":"beat","bar":1,"beat":2,"pulse":4,"@":1120}
{"ev":"beat","bar":1,"beat":2,"pulse":5,"@":1160}
{"ev":"beat","bar":1,"beat":2,"pulse":6,"@":1200}
{"ev":"beat","bar":1,"beat":2,"pulse":7,"@":1240}
{"ev":"beat","bar":1,"beat":2,"pulse":8,"@":1280}
{"ev":"beat","bar":1,"beat":2,"pulse":9,"@":1320}
{"ev":"beat","bar":1,"beat":2,"pulse":10,"@":1360}
{"ev":"beat","bar":1,"beat":2,"pulse":11,"@":1400}
{"ev":"beat","bar":1,"beat":2,"pulse":12,"@":1440}
{"ev":"midi-out","port":0,"msg":"noteon","ch":10,"note":36,"vel":104,"@":1440}
{"ev":"midi-out","port":0,"msg":"noteon","ch":10,"note":46,"vel":72,"@":1440}
{"ev":"midi-out","port":0,"msg":"noteon","ch":2,"note":43,"vel":98,"@":1440}
{"ev":"midi-out","port":0,"msg":"noteon","ch":3,"note":60,"vel":82,"@":1440}
{"ev":"midi-out","port":0,"msg":"noteon","ch":3,"note":64,"vel":82,"@":1440}
{"ev":"midi-out","port":0,"msg":"noteon","ch":3,"note":71,"vel":82,"@":1440}
{"ev":"midi-out","port":0,"msg":"noteon","ch":7,"note":71,"vel":96,"@":1440}
{"ev":"beat","bar":1,"beat":2,"pulse":13,"@":1480}
{"ev":"midi-out","port":0,"msg":"noteoff","ch":2,"note":43,"vel":64,"@":1490}
{"ev":"midi-out","port":0,"msg":"noteoff","ch":3,"note":60,"vel":64,"@":1490}
{"ev":"midi-out","port":0,"msg":"noteoff","ch":3,"note":64,"vel":64,"@":1490}
{"ev":"midi-out","port":0,"msg":"noteoff","ch":3,"note":71,"vel":64,"@":1490}
{"ev":"beat","bar":1,"beat":2,"pulse":14,"@":1520}
{"ev":"beat","bar":1,"beat":2,"pulse":15,"@":1560}
{"ev":"midi-out","port":0,"msg":"noteoff","ch":10,"note":36,"vel":64,"@":1560}
{"ev":"midi-out","port":0,"msg":"noteoff","ch":10,"note":46,"vel":64,"@":1560}
{"ev":"beat","bar":1,"beat":2,"pulse":16,"@":1600}
{"ev":"beat","bar":1,"beat":2,"pulse":17,"@":1640}
{"ev":"midi-out","port":0,"msg":"noteoff","ch":7,"note":71,"vel":64,"@":1640}
{"ev":"beat","bar":1,"beat":2,"pulse":18,"@":1680}
{"ev":"midi-out","port":0,"msg":"noteon","ch":10,"note":38,"vel":50,"@":1680}
{"ev":"beat","bar":1,"beat":2,"pulse":19,"@":1720}
{"ev":"midi-out","port":0,"msg":"noteoff","ch":10,"note":38,"vel":64,"@":1730}
{"ev":"beat","bar":1,"beat":2,"pulse":20,"@":1760}
{"ev":"beat","bar":1,"beat":2,"pulse":21,"@":1800}
{"ev":"beat","bar":1,"beat":2,"pulse":22,"@":1840}
{"ev":"beat","bar":1,"beat":2,"pulse":23,"@":1880}
{"ev":"beat","bar":1,"beat":3,"pulse":0,"@":1920}
{"ev":"midi-out","port":0,"msg":"noteon","ch":10,"note":36,"vel":110,"@":1920}
{"ev":"midi-out","port":0,"msg":"noteon","ch":10,"note":42,"vel":82,"@":1920}
{"ev":"midi-out","port":0,"msg":"noteon","ch":2,"note":36,"vel":104,"@":1920}
{"ev":"beat","bar":1,"beat":3,"pulse":1,"@":1960}
{"ev":"midi-out","port":0,"msg":"noteoff","ch":10,"note":42,"vel":64,"@":1970}
{"ev":"midi-out","port":0,"msg":"noteoff","ch":2,"note":36,"vel":64,"@":1970}
{"ev":"beat","bar":1,"beat":3,"pulse":2,"@":2000}
{"ev":"beat","bar":1,"beat":3,"pulse":3,"@":2040}
{"ev":"midi-out","port":0,"msg":"noteoff","ch":10,"note":36,"vel":64,"@":2040}
{"ev":"beat","bar":1,"beat":3,"pulse":4,"@":2080}
{"ev":"beat","bar":1,"beat":3,"pulse":5,"@":2120}
{"ev":"beat","bar":1,"beat":3,"pulse":6,"@":2160}
{"ev":"beat","bar":1,"beat":3,"pulse":7,"@":2200}
{"ev":"beat","bar":1,"beat":3,"pulse":8,"@":2240}
{"ev":"beat","bar":1,"beat":3,"pulse":9,"@":2280}
{"ev":"beat","bar":1,"beat":3,"pulse":10,"@":2320}
{"ev":"beat","bar":1,"beat":3,"pulse":11,"@":2360}
{"ev":"beat","bar":1,"beat":3,"pulse":12,"@":2400}
{"ev":"midi-out","port":0,"msg":"noteon","ch":10,"note":36,"vel":100,"@":2400}
{"ev":"midi-out","port":0,"msg":"noteon","ch":10,"note":46,"vel":72,"@":2400}
{"ev":"midi-out","port":0,"msg":"noteon","ch":2,"note":47,"vel":96,"@":2400}
{"ev":"midi-out","port":0,"msg":"noteon","ch":3,"note":60,"vel":86,"@":2400}
{"ev":"midi-out","port":0,"msg":"noteon","ch":3,"note":64,"vel":86,"@":2400}
{"ev":"midi-out","port":0,"msg":"noteon","ch":3,"note":67,"vel":86,"@":2400}
{"ev":"midi-out","port":0,"msg":"noteon","ch":3,"note":71,"vel":86,"@":2400}
{"ev":"beat","bar":1,"beat":3,"pulse":13,"@":2440}
{"ev":"midi-out","port":0,"msg":"noteoff","ch":2,"note":47,"vel":64,"@":2450}
{"ev":"midi-out","port":0,"msg":"noteoff","ch":3,"note":60,"vel":64,"@":2450}
{"ev":"midi-out","port":0,"msg":"noteoff","ch":3,"note":64,"vel":64,"@":2450}
{"ev":"midi-out","port":0,"msg":"noteoff","ch":3,"note":67,"vel":64,"@":2450}
{"ev":"midi-out","port":0,"msg":"noteoff","ch":3,"note":71,"vel":64,"@":2450}
{"ev":"beat","bar":1,"beat":3,"pulse":14,"@":2480}
{"ev":"beat","bar":1,"beat":3,"pulse":15,"@":2520}
{"ev":"midi-out","port":0,"msg":"noteoff","ch":10,"note":36,"vel":64,"@":2520}
{"ev":"midi-out","port":0,"msg":"noteoff","ch":10,"note":46,"vel":64,"@":2520}
{"ev":"beat","bar":1,"beat":3,"pulse":16,"@":2560}
{"ev":"beat","bar":1,"beat":3,"pulse":17,"@":2600}
{"ev":"beat","bar":1,"beat":3,"pulse":18,"@":2640}
{"ev":"midi-out","port":0,"msg":"noteon","ch":10,"note":38,"vel":48,"@":2640}
{"ev":"midi-out","port":0,"msg":"noteon","ch":2,"note":48,"vel":90,"@":2640}
{"ev":"beat","bar":1,"beat":3,"pulse":19,"@":2680}
{"ev":"midi-out","port":0,"msg":"noteoff","ch":10,"note":38,"vel":64,"@":2690}
{"ev":"midi-out","port":0,"msg":"noteoff","ch":2,"note":48,"vel":64,"@":2690}
{"ev":"beat","bar":1,"beat":3,"pulse":20,"@":2720}
{"ev":"beat","bar":1,"beat":3,"pulse":21,"@":2760}
{"ev":"beat","bar":1,"beat":3,"pulse":22,"@":2800}
{"ev":"beat","bar":1,"beat":3,"pulse":23,"@":2840}
{"ev":"beat","bar":1,"beat":4,"pulse":0,"@":2880}
{"ev":"midi-out","port":0,"msg":"noteon","ch":10,"note":38,"vel":116,"@":2880}
{"ev":"midi-out","port":0,"msg":"noteon","ch":10,"note":42,"vel":74,"@":2880}
{"ev":"midi-out","port":0,"msg":"noteon","ch":7,"note":72,"vel":96,"@":2880}
{"ev":"beat","bar":1,"beat":4,"pulse":1,"@":2920}
{"ev":"midi-out","port":0,"msg":"noteoff","ch":10,"note":42,"vel":64,"@":2930}
{"ev":"beat","bar":1,"beat":4,"pulse":2,"@":2960}
{"ev":"beat","bar":1,"beat":4,"pulse":3,"@":3000}
{"ev":"midi-out","port":0,"msg":"noteoff","ch":10,"note":38,"vel":64,"@":3000}
{"ev":"beat","bar":1,"beat":4,"pulse":4,"@":3040}
{"ev":"beat","bar":1,"beat":4,"pulse":5,"@":3080}
{"ev":"midi-out","port":0,"msg":"noteoff","ch":7,"note":72,"vel":64,"@":3080}
{"ev":"beat","bar":1,"beat":4,"pulse":6,"@":3120}
{"ev":"midi-out","port":0,"msg":"noteon","ch":10,"note":36,"vel":94,"@":3120}
{"ev":"beat","bar":1,"beat":4,"pulse":7,"@":3160}
{"ev":"beat","bar":1,"beat":4,"pulse":8,"@":3200}
{"ev":"beat","bar":1,"beat":4,"pulse":9,"@":3240}
{"ev":"midi-out","port":0,"msg":"noteoff","ch":10,"note":36,"vel":64,"@":3240}
{"ev":"beat","bar":1,"beat":4,"pulse":10,"@":3280}
{"ev":"beat","bar":1,"beat":4,"pulse":11,"@":3320}
{"ev":"beat","bar":1,"beat":4,"pulse":12,"@":3360}
{"ev":"midi-out","port":0,"msg":"noteon","ch":10,"note":46,"vel":74,"@":3360}
{"ev":"midi-out","port":0,"msg":"noteon","ch":2,"note":43,"vel":94,"@":3360}
{"ev":"midi-out","port":0,"msg":"noteon","ch":3,"note":60,"vel":82,"@":3360}
{"ev":"midi-out","port":0,"msg":"noteon","ch":3,"note":64,"vel":82,"@":3360}
{"ev":"midi-out","port":0,"msg":"noteon","ch":3,"note":71,"vel":82,"@":3360}
{"ev":"beat","bar":1,"beat":4,"pulse":13,"@":3400}
{"ev":"midi-out","port":0,"msg":"noteoff","ch":2,"note":43,"vel":64,"@":3410}
{"ev":"midi-out","port":0,"msg":"noteoff","ch":3,"note":60,"vel":64,"@":3410}
{"ev":"midi-out","port":0,"msg":"noteoff","ch":3,"note":64,"vel":64,"@":3410}
{"ev":"midi-out","port":0,"msg":"noteoff","ch":3,"note":71,"vel":64,"@":3410}
{"ev":"beat","bar":1,"beat":4,"pulse":14,"@":3440}
{"ev":"beat","bar":1,"beat":4,"pulse":15,"@":3480}
{"ev":"midi-out","port":0,"msg":"noteoff","ch":10,"note":46,"vel":64,"@":3480}
{"ev":"beat","bar":1,"beat":4,"pulse":16,"@":3520}
{"ev":"beat","bar":1,"beat":4,"pulse":17,"@":3560}
{"ev":"beat","bar":1,"beat":4,"pulse":18,"@":3600}
{"ev":"midi-out","port":0,"msg":"noteon","ch":10,"note":38,"vel":52,"@":3600}
{"ev":"beat","bar":1,"beat":4,"pulse":19,"@":3640}
{"ev":"midi-out","port":0,"msg":"noteoff","ch":10,"note":38,"vel":64,"@":3650}
{"ev":"beat","bar":1,"beat":4,"pulse":20,"@":3680}
{"ev":"beat","bar":1,"beat":4,"pulse":21,"@":3720}
{"ev":"beat","bar":1,"beat":4,"pulse":22,"@":3760}
{"ev":"beat","bar":1,"beat":4,"pulse":23,"@":3800}
{"ev":"beat","bar":2,"beat":1,"pulse":0,"@":3840}
{"ev":"chord","in":"F4","out":"Fmaj7","deg":"IV","@":3840}
{"ev":"chord-followed","cur":"Fmaj7","cur_pcs":561,"next":"-","next_pcs":0,"src":"sequencer","@":3840}
{"ev":"midi-out","port":0,"msg":"noteoff","ch":4,"note":60,"vel":64,"@":3840}
{"ev":"midi-out","port":0,"msg":"noteoff","ch":4,"note":64,"vel":64,"@":3840}
{"ev":"midi-out","port":0,"msg":"noteoff","ch":4,"note":67,"vel":64,"@":3840}
{"ev":"midi-out","port":0,"msg":"noteoff","ch":4,"note":71,"vel":64,"@":3840}
{"ev":"midi-out","port":0,"msg":"noteon","ch":4,"note":65,"vel":100,"@":3840}
{"ev":"midi-out","port":0,"msg":"noteon","ch":4,"note":69,"vel":100,"@":3840}
{"ev":"midi-out","port":0,"msg":"noteon","ch":4,"note":72,"vel":100,"@":3840}
{"ev":"midi-out","port":0,"msg":"noteon","ch":4,"note":76,"vel":100,"@":3840}
{"ev":"midi-out","port":0,"msg":"noteon","ch":10,"note":36,"vel":120,"@":3840}
{"ev":"midi-out","port":0,"msg":"noteon","ch":10,"note":42,"vel":82,"@":3840}
{"ev":"midi-out","port":0,"msg":"noteon","ch":2,"note":41,"vel":115,"@":3840}
{"ev":"midi-out","port":0,"msg":"noteon","ch":7,"note":76,"vel":96,"@":3840}
{"ev":"beat","bar":2,"beat":1,"pulse":1,"@":3880}
{"ev":"midi-out","port":0,"msg":"noteoff","ch":10,"note":42,"vel":64,"@":3890}
{"ev":"midi-out","port":0,"msg":"noteoff","ch":2,"note":41,"vel":64,"@":3890}
{"ev":"beat","bar":2,"beat":1,"pulse":2,"@":3920}
{"ev":"beat","bar":2,"beat":1,"pulse":3,"@":3960}
{"ev":"midi-out","port":0,"msg":"noteoff","ch":10,"note":36,"vel":64,"@":3960}
{"ev":"beat","bar":2,"beat":1,"pulse":4,"@":4000}
{"ev":"beat","bar":2,"beat":1,"pulse":5,"@":4040}
{"ev":"midi-out","port":0,"msg":"noteoff","ch":7,"note":76,"vel":64,"@":4040}
{"ev":"beat","bar":2,"beat":1,"pulse":6,"@":4080}
{"ev":"beat","bar":2,"beat":1,"pulse":7,"@":4120}
{"ev":"beat","bar":2,"beat":1,"pulse":8,"@":4160}
{"ev":"beat","bar":2,"beat":1,"pulse":9,"@":4200}
{"ev":"beat","bar":2,"beat":1,"pulse":10,"@":4240}
{"ev":"beat","bar":2,"beat":1,"pulse":11,"@":4280}
{"ev":"beat","bar":2,"beat":1,"pulse":12,"@":4320}
{"ev":"midi-out","port":0,"msg":"noteon","ch":10,"note":38,"vel":46,"@":4320}
{"ev":"midi-out","port":0,"msg":"noteon","ch":10,"note":46,"vel":72,"@":4320}
{"ev":"midi-out","port":0,"msg":"noteon","ch":2,"note":53,"vel":92,"@":4320}
{"ev":"midi-out","port":0,"msg":"noteon","ch":3,"note":65,"vel":86,"@":4320}
{"ev":"midi-out","port":0,"msg":"noteon","ch":3,"note":69,"vel":86,"@":4320}
{"ev":"midi-out","port":0,"msg":"noteon","ch":3,"note":72,"vel":86,"@":4320}
{"ev":"midi-out","port":0,"msg":"noteon","ch":3,"note":76,"vel":86,"@":4320}
{"ev":"beat","bar":2,"beat":1,"pulse":13,"@":4360}
{"ev":"midi-out","port":0,"msg":"noteoff","ch":10,"note":38,"vel":64,"@":4370}
{"ev":"midi-out","port":0,"msg":"noteoff","ch":2,"note":53,"vel":64,"@":4370}
{"ev":"midi-out","port":0,"msg":"noteoff","ch":3,"note":65,"vel":64,"@":4370}
{"ev":"midi-out","port":0,"msg":"noteoff","ch":3,"note":69,"vel":64,"@":4370}
{"ev":"midi-out","port":0,"msg":"noteoff","ch":3,"note":72,"vel":64,"@":4370}
{"ev":"midi-out","port":0,"msg":"noteoff","ch":3,"note":76,"vel":64,"@":4370}
{"ev":"beat","bar":2,"beat":1,"pulse":14,"@":4400}
{"ev":"beat","bar":2,"beat":1,"pulse":15,"@":4440}
{"ev":"midi-out","port":0,"msg":"noteoff","ch":10,"note":46,"vel":64,"@":4440}
{"ev":"beat","bar":2,"beat":1,"pulse":16,"@":4480}
{"ev":"beat","bar":2,"beat":1,"pulse":17,"@":4520}
{"ev":"beat","bar":2,"beat":1,"pulse":18,"@":4560}
{"ev":"midi-out","port":0,"msg":"noteon","ch":10,"note":36,"vel":96,"@":4560}
{"ev":"midi-out","port":0,"msg":"noteon","ch":2,"note":41,"vel":94,"@":4560}
{"ev":"beat","bar":2,"beat":1,"pulse":19,"@":4600}
{"ev":"midi-out","port":0,"msg":"noteoff","ch":2,"note":41,"vel":64,"@":4610}
{"ev":"beat","bar":2,"beat":1,"pulse":20,"@":4640}
{"ev":"beat","bar":2,"beat":1,"pulse":21,"@":4680}
{"ev":"midi-out","port":0,"msg":"noteoff","ch":10,"note":36,"vel":64,"@":4680}
{"ev":"beat","bar":2,"beat":1,"pulse":22,"@":4720}
{"ev":"beat","bar":2,"beat":1,"pulse":23,"@":4760}
{"ev":"beat","bar":2,"beat":2,"pulse":0,"@":4800}
{"ev":"midi-out","port":0,"msg":"noteon","ch":10,"note":38,"vel":116,"@":4800}
{"ev":"midi-out","port":0,"msg":"noteon","ch":10,"note":42,"vel":74,"@":4800}
{"ev":"beat","bar":2,"beat":2,"pulse":1,"@":4840}
{"ev":"midi-out","port":0,"msg":"noteoff","ch":10,"note":42,"vel":64,"@":4850}
{"ev":"beat","bar":2,"beat":2,"pulse":2,"@":4880}
{"ev":"beat","bar":2,"beat":2,"pulse":3,"@":4920}
{"ev":"midi-out","port":0,"msg":"noteoff","ch":10,"note":38,"vel":64,"@":4920}
{"ev":"beat","bar":2,"beat":2,"pulse":4,"@":4960}
{"ev":"beat","bar":2,"beat":2,"pulse":5,"@":5000}
{"ev":"beat","bar":2,"beat":2,"pulse":6,"@":5040}
{"ev":"beat","bar":2,"beat":2,"pulse":7,"@":5080}
{"ev":"beat","bar":2,"beat":2,"pulse":8,"@":5120}
{"ev":"beat","bar":2,"beat":2,"pulse":9,"@":5160}
{"ev":"beat","bar":2,"beat":2,"pulse":10,"@":5200}
{"ev":"beat","bar":2,"beat":2,"pulse":11,"@":5240}
{"ev":"beat","bar":2,"beat":2,"pulse":12,"@":5280}
{"ev":"midi-out","port":0,"msg":"noteon","ch":10,"note":36,"vel":104,"@":5280}
{"ev":"midi-out","port":0,"msg":"noteon","ch":10,"note":46,"vel":72,"@":5280}
{"ev":"midi-out","port":0,"msg":"noteon","ch":2,"note":48,"vel":98,"@":5280}
{"ev":"midi-out","port":0,"msg":"noteon","ch":3,"note":65,"vel":82,"@":5280}
{"ev":"midi-out","port":0,"msg":"noteon","ch":3,"note":69,"vel":82,"@":5280}
{"ev":"midi-out","port":0,"msg":"noteon","ch":3,"note":76,"vel":82,"@":5280}
{"ev":"midi-out","port":0,"msg":"noteon","ch":7,"note":74,"vel":96,"@":5280}
{"ev":"beat","bar":2,"beat":2,"pulse":13,"@":5320}
{"ev":"midi-out","port":0,"msg":"noteoff","ch":2,"note":48,"vel":64,"@":5330}
{"ev":"midi-out","port":0,"msg":"noteoff","ch":3,"note":65,"vel":64,"@":5330}
{"ev":"midi-out","port":0,"msg":"noteoff","ch":3,"note":69,"vel":64,"@":5330}
{"ev":"midi-out","port":0,"msg":"noteoff","ch":3,"note":76,"vel":64,"@":5330}
{"ev":"beat","bar":2,"beat":2,"pulse":14,"@":5360}
{"ev":"beat","bar":2,"beat":2,"pulse":15,"@":5400}
{"ev":"midi-out","port":0,"msg":"noteoff","ch":10,"note":36,"vel":64,"@":5400}
{"ev":"midi-out","port":0,"msg":"noteoff","ch":10,"note":46,"vel":64,"@":5400}
{"ev":"beat","bar":2,"beat":2,"pulse":16,"@":5440}
{"ev":"beat","bar":2,"beat":2,"pulse":17,"@":5480}
{"ev":"midi-out","port":0,"msg":"noteoff","ch":7,"note":74,"vel":64,"@":5480}
{"ev":"beat","bar":2,"beat":2,"pulse":18,"@":5520}
{"ev":"midi-out","port":0,"msg":"noteon","ch":10,"note":38,"vel":50,"@":5520}
{"ev":"beat","bar":2,"beat":2,"pulse":19,"@":5560}
{"ev":"midi-out","port":0,"msg":"noteoff","ch":10,"note":38,"vel":64,"@":5570}
{"ev":"beat","bar":2,"beat":2,"pulse":20,"@":5600}
{"ev":"beat","bar":2,"beat":2,"pulse":21,"@":5640}
{"ev":"beat","bar":2,"beat":2,"pulse":22,"@":5680}
{"ev":"beat","bar":2,"beat":2,"pulse":23,"@":5720}
{"ev":"beat","bar":2,"beat":3,"pulse":0,"@":5760}
{"ev":"midi-out","port":0,"msg":"noteon","ch":10,"note":36,"vel":110,"@":5760}
{"ev":"midi-out","port":0,"msg":"noteon","ch":10,"note":42,"vel":82,"@":5760}
{"ev":"midi-out","port":0,"msg":"noteon","ch":2,"note":41,"vel":104,"@":5760}
{"ev":"beat","bar":2,"beat":3,"pulse":1,"@":5800}
{"ev":"midi-out","port":0,"msg":"noteoff","ch":10,"note":42,"vel":64,"@":5810}
{"ev":"midi-out","port":0,"msg":"noteoff","ch":2,"note":41,"vel":64,"@":5810}
{"ev":"beat","bar":2,"beat":3,"pulse":2,"@":5840}
{"ev":"beat","bar":2,"beat":3,"pulse":3,"@":5880}
{"ev":"midi-out","port":0,"msg":"noteoff","ch":10,"note":36,"vel":64,"@":5880}
{"ev":"beat","bar":2,"beat":3,"pulse":4,"@":5920}
{"ev":"beat","bar":2,"beat":3,"pulse":5,"@":5960}
{"ev":"beat","bar":2,"beat":3,"pulse":6,"@":6000}
{"ev":"beat","bar":2,"beat":3,"pulse":7,"@":6040}
{"ev":"beat","bar":2,"beat":3,"pulse":8,"@":6080}
{"ev":"beat","bar":2,"beat":3,"pulse":9,"@":6120}
{"ev":"beat","bar":2,"beat":3,"pulse":10,"@":6160}
{"ev":"beat","bar":2,"beat":3,"pulse":11,"@":6200}
{"ev":"beat","bar":2,"beat":3,"pulse":12,"@":6240}
{"ev":"midi-out","port":0,"msg":"noteon","ch":10,"note":36,"vel":100,"@":6240}
{"ev":"midi-out","port":0,"msg":"noteon","ch":10,"note":46,"vel":72,"@":6240}
{"ev":"midi-out","port":0,"msg":"noteon","ch":2,"note":52,"vel":96,"@":6240}
{"ev":"midi-out","port":0,"msg":"noteon","ch":3,"note":65,"vel":86,"@":6240}
{"ev":"midi-out","port":0,"msg":"noteon","ch":3,"note":69,"vel":86,"@":6240}
{"ev":"midi-out","port":0,"msg":"noteon","ch":3,"note":72,"vel":86,"@":6240}
{"ev":"midi-out","port":0,"msg":"noteon","ch":3,"note":76,"vel":86,"@":6240}
{"ev":"beat","bar":2,"beat":3,"pulse":13,"@":6280}
{"ev":"midi-out","port":0,"msg":"noteoff","ch":2,"note":52,"vel":64,"@":6290}
{"ev":"midi-out","port":0,"msg":"noteoff","ch":3,"note":65,"vel":64,"@":6290}
{"ev":"midi-out","port":0,"msg":"noteoff","ch":3,"note":69,"vel":64,"@":6290}
{"ev":"midi-out","port":0,"msg":"noteoff","ch":3,"note":72,"vel":64,"@":6290}
{"ev":"midi-out","port":0,"msg":"noteoff","ch":3,"note":76,"vel":64,"@":6290}
{"ev":"beat","bar":2,"beat":3,"pulse":14,"@":6320}
{"ev":"beat","bar":2,"beat":3,"pulse":15,"@":6360}
{"ev":"midi-out","port":0,"msg":"noteoff","ch":10,"note":36,"vel":64,"@":6360}
{"ev":"midi-out","port":0,"msg":"noteoff","ch":10,"note":46,"vel":64,"@":6360}
{"ev":"beat","bar":2,"beat":3,"pulse":16,"@":6400}
{"ev":"beat","bar":2,"beat":3,"pulse":17,"@":6440}
{"ev":"beat","bar":2,"beat":3,"pulse":18,"@":6480}
{"ev":"midi-out","port":0,"msg":"noteon","ch":10,"note":38,"vel":48,"@":6480}
{"ev":"midi-out","port":0,"msg":"noteon","ch":2,"note":53,"vel":90,"@":6480}
{"ev":"beat","bar":2,"beat":3,"pulse":19,"@":6520}
{"ev":"midi-out","port":0,"msg":"noteoff","ch":10,"note":38,"vel":64,"@":6530}
{"ev":"midi-out","port":0,"msg":"noteoff","ch":2,"note":53,"vel":64,"@":6530}
{"ev":"beat","bar":2,"beat":3,"pulse":20,"@":6560}
{"ev":"beat","bar":2,"beat":3,"pulse":21,"@":6600}
{"ev":"beat","bar":2,"beat":3,"pulse":22,"@":6640}
{"ev":"beat","bar":2,"beat":3,"pulse":23,"@":6680}
{"ev":"beat","bar":2,"beat":4,"pulse":0,"@":6720}
{"ev":"midi-out","port":0,"msg":"noteon","ch":10,"note":38,"vel":116,"@":6720}
{"ev":"midi-out","port":0,"msg":"noteon","ch":10,"note":42,"vel":74,"@":6720}
{"ev":"midi-out","port":0,"msg":"noteon","ch":7,"note":76,"vel":96,"@":6720}
{"ev":"beat","bar":2,"beat":4,"pulse":1,"@":6760}
{"ev":"midi-out","port":0,"msg":"noteoff","ch":10,"note":42,"vel":64,"@":6770}
{"ev":"beat","bar":2,"beat":4,"pulse":2,"@":6800}
{"ev":"beat","bar":2,"beat":4,"pulse":3,"@":6840}
{"ev":"midi-out","port":0,"msg":"noteoff","ch":10,"note":38,"vel":64,"@":6840}
{"ev":"beat","bar":2,"beat":4,"pulse":4,"@":6880}
{"ev":"beat","bar":2,"beat":4,"pulse":5,"@":6920}
{"ev":"midi-out","port":0,"msg":"noteoff","ch":7,"note":76,"vel":64,"@":6920}
{"ev":"beat","bar":2,"beat":4,"pulse":6,"@":6960}
{"ev":"midi-out","port":0,"msg":"noteon","ch":10,"note":36,"vel":94,"@":6960}
{"ev":"beat","bar":2,"beat":4,"pulse":7,"@":7000}
{"ev":"beat","bar":2,"beat":4,"pulse":8,"@":7040}
{"ev":"beat","bar":2,"beat":4,"pulse":9,"@":7080}
{"ev":"midi-out","port":0,"msg":"noteoff","ch":10,"note":36,"vel":64,"@":7080}
{"ev":"beat","bar":2,"beat":4,"pulse":10,"@":7120}
{"ev":"beat","bar":2,"beat":4,"pulse":11,"@":7160}
{"ev":"beat","bar":2,"beat":4,"pulse":12,"@":7200}
{"ev":"midi-out","port":0,"msg":"noteon","ch":10,"note":46,"vel":74,"@":7200}
{"ev":"midi-out","port":0,"msg":"noteon","ch":2,"note":48,"vel":94,"@":7200}
{"ev":"midi-out","port":0,"msg":"noteon","ch":3,"note":65,"vel":82,"@":7200}
{"ev":"midi-out","port":0,"msg":"noteon","ch":3,"note":69,"vel":82,"@":7200}
{"ev":"midi-out","port":0,"msg":"noteon","ch":3,"note":76,"vel":82,"@":7200}
{"ev":"beat","bar":2,"beat":4,"pulse":13,"@":7240}
{"ev":"midi-out","port":0,"msg":"noteoff","ch":2,"note":48,"vel":64,"@":7250}
{"ev":"midi-out","port":0,"msg":"noteoff","ch":3,"note":65,"vel":64,"@":7250}
{"ev":"midi-out","port":0,"msg":"noteoff","ch":3,"note":69,"vel":64,"@":7250}
{"ev":"midi-out","port":0,"msg":"noteoff","ch":3,"note":76,"vel":64,"@":7250}
{"ev":"beat","bar":2,"beat":4,"pulse":14,"@":7280}
{"ev":"beat","bar":2,"beat":4,"pulse":15,"@":7320}
{"ev":"midi-out","port":0,"msg":"noteoff","ch":10,"note":46,"vel":64,"@":7320}
{"ev":"beat","bar":2,"beat":4,"pulse":16,"@":7360}
{"ev":"beat","bar":2,"beat":4,"pulse":17,"@":7400}
{"ev":"beat","bar":2,"beat":4,"pulse":18,"@":7440}
{"ev":"midi-out","port":0,"msg":"noteon","ch":10,"note":38,"vel":52,"@":7440}
{"ev":"beat","bar":2,"beat":4,"pulse":19,"@":7480}
{"ev":"midi-out","port":0,"msg":"noteoff","ch":10,"note":38,"vel":64,"@":7490}
{"ev":"beat","bar":2,"beat":4,"pulse":20,"@":7520}
{"ev":"beat","bar":2,"beat":4,"pulse":21,"@":7560}
{"ev":"beat","bar":2,"beat":4,"pulse":22,"@":7600}
{"ev":"beat","bar":2,"beat":4,"pulse":23,"@":7640}
{"ev":"beat","bar":3,"beat":1,"pulse":0,"@":7680}
{"ev":"chord","in":"C4","out":"Cmaj7","deg":"I","@":7680}
{"ev":"chord-followed","cur":"Cmaj7","cur_pcs":2193,"next":"-","next_pcs":0,"src":"sequencer","@":7680}
{"ev":"midi-out","port":0,"msg":"noteoff","ch":4,"note":65,"vel":64,"@":7680}
{"ev":"midi-out","port":0,"msg":"noteoff","ch":4,"note":69,"vel":64,"@":7680}
{"ev":"midi-out","port":0,"msg":"noteoff","ch":4,"note":72,"vel":64,"@":7680}
{"ev":"midi-out","port":0,"msg":"noteoff","ch":4,"note":76,"vel":64,"@":7680}
{"ev":"midi-out","port":0,"msg":"noteon","ch":4,"note":60,"vel":100,"@":7680}
{"ev":"midi-out","port":0,"msg":"noteon","ch":4,"note":64,"vel":100,"@":7680}
{"ev":"midi-out","port":0,"msg":"noteon","ch":4,"note":67,"vel":100,"@":7680}
{"ev":"midi-out","port":0,"msg":"noteon","ch":4,"note":71,"vel":100,"@":7680}
{"ev":"midi-out","port":0,"msg":"noteon","ch":10,"note":36,"vel":120,"@":7680}
{"ev":"midi-out","port":0,"msg":"noteon","ch":10,"note":42,"vel":82,"@":7680}
{"ev":"midi-out","port":0,"msg":"noteon","ch":2,"note":36,"vel":115,"@":7680}
{"ev":"midi-out","port":0,"msg":"noteon","ch":7,"note":72,"vel":96,"@":7680}
