{"ev":"chord","in":"D4","out":"Dm7","deg":"ii","@":0}
{"ev":"chord-followed","cur":"Dm7","cur_pcs":549,"next":"-","next_pcs":0,"src":"sequencer","@":0}
{"ev":"midi-out","port":0,"msg":"noteon","ch":1,"note":62,"vel":100,"@":0}
{"ev":"midi-out","port":0,"msg":"noteon","ch":1,"note":65,"vel":100,"@":0}
{"ev":"midi-out","port":0,"msg":"noteon","ch":1,"note":69,"vel":100,"@":0}
{"ev":"midi-out","port":0,"msg":"noteon","ch":1,"note":72,"vel":100,"@":0}
{"ev":"transport","state":"playing","@":0}
{"ev":"beat","bar":1,"beat":1,"pulse":1,"@":40}
{"ev":"beat","bar":1,"beat":1,"pulse":2,"@":80}
{"ev":"beat","bar":1,"beat":1,"pulse":3,"@":120}
{"ev":"beat","bar":1,"beat":1,"pulse":4,"@":160}
{"ev":"beat","bar":1,"beat":1,"pulse":5,"@":200}
{"ev":"beat","bar":1,"beat":1,"pulse":6,"@":240}
{"ev":"beat","bar":1,"beat":1,"pulse":7,"@":280}
{"ev":"beat","bar":1,"beat":1,"pulse":8,"@":320}
{"ev":"beat","bar":1,"beat":1,"pulse":9,"@":360}
{"ev":"beat","bar":1,"beat":1,"pulse":10,"@":400}
{"ev":"beat","bar":1,"beat":1,"pulse":11,"@":440}
{"ev":"beat","bar":1,"beat":1,"pulse":12,"@":480}
{"ev":"beat","bar":1,"beat":1,"pulse":13,"@":520}
{"ev":"beat","bar":1,"beat":1,"pulse":14,"@":560}
{"ev":"beat","bar":1,"beat":1,"pulse":15,"@":600}
{"ev":"beat","bar":1,"beat":1,"pulse":16,"@":640}
{"ev":"beat","bar":1,"beat":1,"pulse":17,"@":680}
{"ev":"beat","bar":1,"beat":1,"pulse":18,"@":720}
{"ev":"beat","bar":1,"beat":1,"pulse":19,"@":760}
{"ev":"beat","bar":1,"beat":1,"pulse":20,"@":800}
{"ev":"beat","bar":1,"beat":1,"pulse":21,"@":840}
{"ev":"beat","bar":1,"beat":1,"pulse":22,"@":880}
{"ev":"beat","bar":1,"beat":1,"pulse":23,"@":920}
{"ev":"beat","bar":1,"beat":2,"pulse":0,"@":960}
{"ev":"beat","bar":1,"beat":2,"pulse":1,"@":1000}
{"ev":"beat","bar":1,"beat":2,"pulse":2,"@":1040}
{"ev":"beat","bar":1,"beat":2,"pulse":3,"@":1080}
{"ev":"beat","bar":1,"beat":2,"pulse":4,"@":1120}
{"ev":"beat","bar":1,"beat":2,"pulse":5,"@":1160}
{"ev":"beat","bar":1,"beat":2,"pulse":6,"@":1200}
{"ev":"beat","bar":1,"beat":2,"pulse":7,"@":1240}
{"ev":"beat","bar":1,"beat":2,"pulse":8,"@":1280}
{"ev":"beat","bar":1,"beat":2,"pulse":9,"@":1320}
{"ev":"beat","bar":1,"beat":2,"pulse":10,"@":1360}
{"ev":"beat","bar":1,"beat":2,"pulse":11,"@":1400}
{"ev":"beat","bar":1,"beat":2,"pulse":12,"@":1440}
{"ev":"beat","bar":1,"beat":2,"pulse":13,"@":1480}
{"ev":"beat","bar":1,"beat":2,"pulse":14,"@":1520}
{"ev":"beat","bar":1,"beat":2,"pulse":15,"@":1560}
{"ev":"beat","bar":1,"beat":2,"pulse":16,"@":1600}
{"ev":"beat","bar":1,"beat":2,"pulse":17,"@":1640}
{"ev":"beat","bar":1,"beat":2,"pulse":18,"@":1680}
{"ev":"beat","bar":1,"beat":2,"pulse":19,"@":1720}
{"ev":"beat","bar":1,"beat":2,"pulse":20,"@":1760}
{"ev":"beat","bar":1,"beat":2,"pulse":21,"@":1800}
{"ev":"beat","bar":1,"beat":2,"pulse":22,"@":1840}
{"ev":"beat","bar":1,"beat":2,"pulse":23,"@":1880}
{"ev":"beat","bar":1,"beat":3,"pulse":0,"@":1920}
{"ev":"beat","bar":1,"beat":3,"pulse":1,"@":1960}
{"ev":"beat","bar":1,"beat":3,"pulse":2,"@":2000}
{"ev":"beat","bar":1,"beat":3,"pulse":3,"@":2040}
{"ev":"beat","bar":1,"beat":3,"pulse":4,"@":2080}
{"ev":"beat","bar":1,"beat":3,"pulse":5,"@":2120}
{"ev":"beat","bar":1,"beat":3,"pulse":6,"@":2160}
{"ev":"beat","bar":1,"beat":3,"pulse":7,"@":2200}
{"ev":"beat","bar":1,"beat":3,"pulse":8,"@":2240}
{"ev":"beat","bar":1,"beat":3,"pulse":9,"@":2280}
{"ev":"beat","bar":1,"beat":3,"pulse":10,"@":2320}
{"ev":"beat","bar":1,"beat":3,"pulse":11,"@":2360}
{"ev":"beat","bar":1,"beat":3,"pulse":12,"@":2400}
{"ev":"beat","bar":1,"beat":3,"pulse":13,"@":2440}
{"ev":"beat","bar":1,"beat":3,"pulse":14,"@":2480}
{"ev":"beat","bar":1,"beat":3,"pulse":15,"@":2520}
{"ev":"beat","bar":1,"beat":3,"pulse":16,"@":2560}
{"ev":"beat","bar":1,"beat":3,"pulse":17,"@":2600}
{"ev":"beat","bar":1,"beat":3,"pulse":18,"@":2640}
{"ev":"beat","bar":1,"beat":3,"pulse":19,"@":2680}
{"ev":"beat","bar":1,"beat":3,"pulse":20,"@":2720}
{"ev":"beat","bar":1,"beat":3,"pulse":21,"@":2760}
{"ev":"beat","bar":1,"beat":3,"pulse":22,"@":2800}
{"ev":"beat","bar":1,"beat":3,"pulse":23,"@":2840}
{"ev":"beat","bar":1,"beat":4,"pulse":0,"@":2880}
{"ev":"beat","bar":1,"beat":4,"pulse":1,"@":2920}
{"ev":"beat","bar":1,"beat":4,"pulse":2,"@":2960}
{"ev":"beat","bar":1,"beat":4,"pulse":3,"@":3000}
{"ev":"beat","bar":1,"beat":4,"pulse":4,"@":3040}
{"ev":"beat","bar":1,"beat":4,"pulse":5,"@":3080}
{"ev":"beat","bar":1,"beat":4,"pulse":6,"@":3120}
{"ev":"beat","bar":1,"beat":4,"pulse":7,"@":3160}
{"ev":"beat","bar":1,"beat":4,"pulse":8,"@":3200}
{"ev":"beat","bar":1,"beat":4,"pulse":9,"@":3240}
{"ev":"beat","bar":1,"beat":4,"pulse":10,"@":3280}
{"ev":"beat","bar":1,"beat":4,"pulse":11,"@":3320}
{"ev":"beat","bar":1,"beat":4,"pulse":12,"@":3360}
{"ev":"beat","bar":1,"beat":4,"pulse":13,"@":3400}
{"ev":"beat","bar":1,"beat":4,"pulse":14,"@":3440}
{"ev":"beat","bar":1,"beat":4,"pulse":15,"@":3480}
{"ev":"beat","bar":1,"beat":4,"pulse":16,"@":3520}
{"ev":"beat","bar":1,"beat":4,"pulse":17,"@":3560}
{"ev":"beat","bar":1,"beat":4,"pulse":18,"@":3600}
{"ev":"beat","bar":1,"beat":4,"pulse":19,"@":3640}
{"ev":"beat","bar":1,"beat":4,"pulse":20,"@":3680}
{"ev":"beat","bar":1,"beat":4,"pulse":21,"@":3720}
{"ev":"beat","bar":1,"beat":4,"pulse":22,"@":3760}
{"ev":"beat","bar":1,"beat":4,"pulse":23,"@":3800}
{"ev":"beat","bar":2,"beat":1,"pulse":0,"@":3840}
{"ev":"chord","in":"G4","out":"G7","deg":"V","@":3840}
{"ev":"chord-followed","cur":"G7","cur_pcs":2212,"next":"-","next_pcs":0,"src":"sequencer","@":3840}
{"ev":"midi-out","port":0,"msg":"noteoff","ch":1,"note":62,"vel":64,"@":3840}
{"ev":"midi-out","port":0,"msg":"noteoff","ch":1,"note":65,"vel":64,"@":3840}
{"ev":"midi-out","port":0,"msg":"noteoff","ch":1,"note":69,"vel":64,"@":3840}
{"ev":"midi-out","port":0,"msg":"noteoff","ch":1,"note":72,"vel":64,"@":3840}
{"ev":"midi-out","port":0,"msg":"noteon","ch":1,"note":67,"vel":100,"@":3840}
{"ev":"midi-out","port":0,"msg":"noteon","ch":1,"note":71,"vel":100,"@":3840}
{"ev":"midi-out","port":0,"msg":"noteon","ch":1,"note":74,"vel":100,"@":3840}
{"ev":"midi-out","port":0,"msg":"noteon","ch":1,"note":77,"vel":100,"@":3840}
{"ev":"beat","bar":2,"beat":1,"pulse":1,"@":3880}
{"ev":"beat","bar":2,"beat":1,"pulse":2,"@":3920}
{"ev":"beat","bar":2,"beat":1,"pulse":3,"@":3960}
{"ev":"beat","bar":2,"beat":1,"pulse":4,"@":4000}
{"ev":"beat","bar":2,"beat":1,"pulse":5,"@":4040}
{"ev":"beat","bar":2,"beat":1,"pulse":6,"@":4080}
{"ev":"beat","bar":2,"beat":1,"pulse":7,"@":4120}
{"ev":"beat","bar":2,"beat":1,"pulse":8,"@":4160}
{"ev":"beat","bar":2,"beat":1,"pulse":9,"@":4200}
{"ev":"beat","bar":2,"beat":1,"pulse":10,"@":4240}
{"ev":"beat","bar":2,"beat":1,"pulse":11,"@":4280}
{"ev":"beat","bar":2,"beat":1,"pulse":12,"@":4320}
{"ev":"beat","bar":2,"beat":1,"pulse":13,"@":4360}
{"ev":"beat","bar":2,"beat":1,"pulse":14,"@":4400}
{"ev":"beat","bar":2,"beat":1,"pulse":15,"@":4440}
{"ev":"beat","bar":2,"beat":1,"pulse":16,"@":4480}
{"ev":"beat","bar":2,"beat":1,"pulse":17,"@":4520}
{"ev":"beat","bar":2,"beat":1,"pulse":18,"@":4560}
{"ev":"beat","bar":2,"beat":1,"pulse":19,"@":4600}
{"ev":"beat","bar":2,"beat":1,"pulse":20,"@":4640}
{"ev":"beat","bar":2,"beat":1,"pulse":21,"@":4680}
{"ev":"beat","bar":2,"beat":1,"pulse":22,"@":4720}
{"ev":"beat","bar":2,"beat":1,"pulse":23,"@":4760}
{"ev":"beat","bar":2,"beat":2,"pulse":0,"@":4800}
{"ev":"beat","bar":2,"beat":2,"pulse":1,"@":4840}
{"ev":"beat","bar":2,"beat":2,"pulse":2,"@":4880}
{"ev":"beat","bar":2,"beat":2,"pulse":3,"@":4920}
{"ev":"beat","bar":2,"beat":2,"pulse":4,"@":4960}
{"ev":"beat","bar":2,"beat":2,"pulse":5,"@":5000}
{"ev":"beat","bar":2,"beat":2,"pulse":6,"@":5040}
{"ev":"beat","bar":2,"beat":2,"pulse":7,"@":5080}
{"ev":"beat","bar":2,"beat":2,"pulse":8,"@":5120}
{"ev":"beat","bar":2,"beat":2,"pulse":9,"@":5160}
{"ev":"beat","bar":2,"beat":2,"pulse":10,"@":5200}
{"ev":"beat","bar":2,"beat":2,"pulse":11,"@":5240}
{"ev":"beat","bar":2,"beat":2,"pulse":12,"@":5280}
{"ev":"beat","bar":2,"beat":2,"pulse":13,"@":5320}
{"ev":"beat","bar":2,"beat":2,"pulse":14,"@":5360}
{"ev":"beat","bar":2,"beat":2,"pulse":15,"@":5400}
{"ev":"beat","bar":2,"beat":2,"pulse":16,"@":5440}
{"ev":"beat","bar":2,"beat":2,"pulse":17,"@":5480}
{"ev":"beat","bar":2,"beat":2,"pulse":18,"@":5520}
{"ev":"beat","bar":2,"beat":2,"pulse":19,"@":5560}
{"ev":"beat","bar":2,"beat":2,"pulse":20,"@":5600}
{"ev":"beat","bar":2,"beat":2,"pulse":21,"@":5640}
{"ev":"beat","bar":2,"beat":2,"pulse":22,"@":5680}
{"ev":"beat","bar":2,"beat":2,"pulse":23,"@":5720}
{"ev":"beat","bar":2,"beat":3,"pulse":0,"@":5760}
{"ev":"beat","bar":2,"beat":3,"pulse":1,"@":5800}
{"ev":"beat","bar":2,"beat":3,"pulse":2,"@":5840}
{"ev":"beat","bar":2,"beat":3,"pulse":3,"@":5880}
{"ev":"beat","bar":2,"beat":3,"pulse":4,"@":5920}
{"ev":"beat","bar":2,"beat":3,"pulse":5,"@":5960}
{"ev":"beat","bar":2,"beat":3,"pulse":6,"@":6000}
{"ev":"beat","bar":2,"beat":3,"pulse":7,"@":6040}
{"ev":"beat","bar":2,"beat":3,"pulse":8,"@":6080}
{"ev":"beat","bar":2,"beat":3,"pulse":9,"@":6120}
{"ev":"beat","bar":2,"beat":3,"pulse":10,"@":6160}
{"ev":"beat","bar":2,"beat":3,"pulse":11,"@":6200}
{"ev":"beat","bar":2,"beat":3,"pulse":12,"@":6240}
{"ev":"beat","bar":2,"beat":3,"pulse":13,"@":6280}
{"ev":"beat","bar":2,"beat":3,"pulse":14,"@":6320}
{"ev":"beat","bar":2,"beat":3,"pulse":15,"@":6360}
{"ev":"beat","bar":2,"beat":3,"pulse":16,"@":6400}
{"ev":"beat","bar":2,"beat":3,"pulse":17,"@":6440}
{"ev":"beat","bar":2,"beat":3,"pulse":18,"@":6480}
{"ev":"beat","bar":2,"beat":3,"pulse":19,"@":6520}
{"ev":"beat","bar":2,"beat":3,"pulse":20,"@":6560}
{"ev":"beat","bar":2,"beat":3,"pulse":21,"@":6600}
{"ev":"beat","bar":2,"beat":3,"pulse":22,"@":6640}
{"ev":"beat","bar":2,"beat":3,"pulse":23,"@":6680}
{"ev":"beat","bar":2,"beat":4,"pulse":0,"@":6720}
{"ev":"beat","bar":2,"beat":4,"pulse":1,"@":6760}
{"ev":"beat","bar":2,"beat":4,"pulse":2,"@":6800}
{"ev":"beat","bar":2,"beat":4,"pulse":3,"@":6840}
{"ev":"beat","bar":2,"beat":4,"pulse":4,"@":6880}
{"ev":"beat","bar":2,"beat":4,"pulse":5,"@":6920}
{"ev":"beat","bar":2,"beat":4,"pulse":6,"@":6960}
{"ev":"beat","bar":2,"beat":4,"pulse":7,"@":7000}
{"ev":"beat","bar":2,"beat":4,"pulse":8,"@":7040}
{"ev":"beat","bar":2,"beat":4,"pulse":9,"@":7080}
{"ev":"beat","bar":2,"beat":4,"pulse":10,"@":7120}
{"ev":"beat","bar":2,"beat":4,"pulse":11,"@":7160}
{"ev":"beat","bar":2,"beat":4,"pulse":12,"@":7200}
{"ev":"beat","bar":2,"beat":4,"pulse":13,"@":7240}
{"ev":"beat","bar":2,"beat":4,"pulse":14,"@":7280}
{"ev":"beat","bar":2,"beat":4,"pulse":15,"@":7320}
{"ev":"beat","bar":2,"beat":4,"pulse":16,"@":7360}
{"ev":"beat","bar":2,"beat":4,"pulse":17,"@":7400}
{"ev":"beat","bar":2,"beat":4,"pulse":18,"@":7440}
{"ev":"beat","bar":2,"beat":4,"pulse":19,"@":7480}
{"ev":"beat","bar":2,"beat":4,"pulse":20,"@":7520}
{"ev":"beat","bar":2,"beat":4,"pulse":21,"@":7560}
{"ev":"beat","bar":2,"beat":4,"pulse":22,"@":7600}
{"ev":"beat","bar":2,"beat":4,"pulse":23,"@":7640}
{"ev":"beat","bar":3,"beat":1,"pulse":0,"@":7680}
{"ev":"chord","in":"A4","out":"Am7","deg":"ii","@":7680}
{"ev":"chord-followed","cur":"Am7","cur_pcs":657,"next":"-","next_pcs":0,"src":"sequencer","@":7680}
{"ev":"midi-out","port":0,"msg":"noteoff","ch":1,"note":67,"vel":64,"@":7680}
{"ev":"midi-out","port":0,"msg":"noteoff","ch":1,"note":71,"vel":64,"@":7680}
{"ev":"midi-out","port":0,"msg":"noteoff","ch":1,"note":74,"vel":64,"@":7680}
{"ev":"midi-out","port":0,"msg":"noteoff","ch":1,"note":77,"vel":64,"@":7680}
{"ev":"midi-out","port":0,"msg":"noteon","ch":1,"note":69,"vel":100,"@":7680}
{"ev":"midi-out","port":0,"msg":"noteon","ch":1,"note":72,"vel":100,"@":7680}
{"ev":"midi-out","port":0,"msg":"noteon","ch":1,"note":76,"vel":100,"@":7680}
{"ev":"midi-out","port":0,"msg":"noteon","ch":1,"note":79,"vel":100,"@":7680}
{"ev":"beat","bar":3,"beat":1,"pulse":1,"@":7720}
{"ev":"beat","bar":3,"beat":1,"pulse":2,"@":7760}
{"ev":"beat","bar":3,"beat":1,"pulse":3,"@":7800}
{"ev":"beat","bar":3,"beat":1,"pulse":4,"@":7840}
{"ev":"beat","bar":3,"beat":1,"pulse":5,"@":7880}
{"ev":"beat","bar":3,"beat":1,"pulse":6,"@":7920}
{"ev":"beat","bar":3,"beat":1,"pulse":7,"@":7960}
{"ev":"beat","bar":3,"beat":1,"pulse":8,"@":8000}
{"ev":"beat","bar":3,"beat":1,"pulse":9,"@":8040}
{"ev":"beat","bar":3,"beat":1,"pulse":10,"@":8080}
{"ev":"beat","bar":3,"beat":1,"pulse":11,"@":8120}
{"ev":"beat","bar":3,"beat":1,"pulse":12,"@":8160}
{"ev":"beat","bar":3,"beat":1,"pulse":13,"@":8200}
{"ev":"beat","bar":3,"beat":1,"pulse":14,"@":8240}
{"ev":"beat","bar":3,"beat":1,"pulse":15,"@":8280}
{"ev":"beat","bar":3,"beat":1,"pulse":16,"@":8320}
{"ev":"beat","bar":3,"beat":1,"pulse":17,"@":8360}
{"ev":"beat","bar":3,"beat":1,"pulse":18,"@":8400}
{"ev":"beat","bar":3,"beat":1,"pulse":19,"@":8440}
{"ev":"beat","bar":3,"beat":1,"pulse":20,"@":8480}
{"ev":"beat","bar":3,"beat":1,"pulse":21,"@":8520}
{"ev":"beat","bar":3,"beat":1,"pulse":22,"@":8560}
{"ev":"beat","bar":3,"beat":1,"pulse":23,"@":8600}
{"ev":"beat","bar":3,"beat":2,"pulse":0,"@":8640}
{"ev":"beat","bar":3,"beat":2,"pulse":1,"@":8680}
{"ev":"beat","bar":3,"beat":2,"pulse":2,"@":8720}
{"ev":"beat","bar":3,"beat":2,"pulse":3,"@":8760}
{"ev":"beat","bar":3,"beat":2,"pulse":4,"@":8800}
{"ev":"beat","bar":3,"beat":2,"pulse":5,"@":8840}
{"ev":"beat","bar":3,"beat":2,"pulse":6,"@":8880}
{"ev":"beat","bar":3,"beat":2,"pulse":7,"@":8920}
{"ev":"beat","bar":3,"beat":2,"pulse":8,"@":8960}
{"ev":"beat","bar":3,"beat":2,"pulse":9,"@":9000}
{"ev":"beat","bar":3,"beat":2,"pulse":10,"@":9040}
{"ev":"beat","bar":3,"beat":2,"pulse":11,"@":9080}
{"ev":"beat","bar":3,"beat":2,"pulse":12,"@":9120}
{"ev":"beat","bar":3,"beat":2,"pulse":13,"@":9160}
{"ev":"beat","bar":3,"beat":2,"pulse":14,"@":9200}
{"ev":"beat","bar":3,"beat":2,"pulse":15,"@":9240}
{"ev":"beat","bar":3,"beat":2,"pulse":16,"@":9280}
{"ev":"beat","bar":3,"beat":2,"pulse":17,"@":9320}
{"ev":"beat","bar":3,"beat":2,"pulse":18,"@":9360}
{"ev":"beat","bar":3,"beat":2,"pulse":19,"@":9400}
{"ev":"beat","bar":3,"beat":2,"pulse":20,"@":9440}
{"ev":"beat","bar":3,"beat":2,"pulse":21,"@":9480}
{"ev":"beat","bar":3,"beat":2,"pulse":22,"@":9520}
{"ev":"beat","bar":3,"beat":2,"pulse":23,"@":9560}
{"ev":"beat","bar":3,"beat":3,"pulse":0,"@":9600}
{"ev":"beat","bar":3,"beat":3,"pulse":1,"@":9640}
{"ev":"beat","bar":3,"beat":3,"pulse":2,"@":9680}
{"ev":"beat","bar":3,"beat":3,"pulse":3,"@":9720}
{"ev":"beat","bar":3,"beat":3,"pulse":4,"@":9760}
{"ev":"beat","bar":3,"beat":3,"pulse":5,"@":9800}
{"ev":"beat","bar":3,"beat":3,"pulse":6,"@":9840}
{"ev":"beat","bar":3,"beat":3,"pulse":7,"@":9880}
{"ev":"beat","bar":3,"beat":3,"pulse":8,"@":9920}
{"ev":"beat","bar":3,"beat":3,"pulse":9,"@":9960}
{"ev":"beat","bar":3,"beat":3,"pulse":10,"@":10000}
{"ev":"beat","bar":3,"beat":3,"pulse":11,"@":10040}
{"ev":"beat","bar":3,"beat":3,"pulse":12,"@":10080}
{"ev":"beat","bar":3,"beat":3,"pulse":13,"@":10120}
{"ev":"beat","bar":3,"beat":3,"pulse":14,"@":10160}
{"ev":"beat","bar":3,"beat":3,"pulse":15,"@":10200}
{"ev":"beat","bar":3,"beat":3,"pulse":16,"@":10240}
{"ev":"beat","bar":3,"beat":3,"pulse":17,"@":10280}
{"ev":"beat","bar":3,"beat":3,"pulse":18,"@":10320}
{"ev":"beat","bar":3,"beat":3,"pulse":19,"@":10360}
{"ev":"beat","bar":3,"beat":3,"pulse":20,"@":10400}
{"ev":"beat","bar":3,"beat":3,"pulse":21,"@":10440}
{"ev":"beat","bar":3,"beat":3,"pulse":22,"@":10480}
{"ev":"beat","bar":3,"beat":3,"pulse":23,"@":10520}
{"ev":"beat","bar":3,"beat":4,"pulse":0,"@":10560}
{"ev":"beat","bar":3,"beat":4,"pulse":1,"@":10600}
{"ev":"beat","bar":3,"beat":4,"pulse":2,"@":10640}
{"ev":"beat","bar":3,"beat":4,"pulse":3,"@":10680}
{"ev":"beat","bar":3,"beat":4,"pulse":4,"@":10720}
{"ev":"beat","bar":3,"beat":4,"pulse":5,"@":10760}
{"ev":"beat","bar":3,"beat":4,"pulse":6,"@":10800}
{"ev":"beat","bar":3,"beat":4,"pulse":7,"@":10840}
{"ev":"beat","bar":3,"beat":4,"pulse":8,"@":10880}
{"ev":"beat","bar":3,"beat":4,"pulse":9,"@":10920}
{"ev":"beat","bar":3,"beat":4,"pulse":10,"@":10960}
{"ev":"beat","bar":3,"beat":4,"pulse":11,"@":11000}
{"ev":"beat","bar":3,"beat":4,"pulse":12,"@":11040}
{"ev":"beat","bar":3,"beat":4,"pulse":13,"@":11080}
{"ev":"beat","bar":3,"beat":4,"pulse":14,"@":11120}
{"ev":"beat","bar":3,"beat":4,"pulse":15,"@":11160}
{"ev":"beat","bar":3,"beat":4,"pulse":16,"@":11200}
{"ev":"beat","bar":3,"beat":4,"pulse":17,"@":11240}
{"ev":"beat","bar":3,"beat":4,"pulse":18,"@":11280}
{"ev":"beat","bar":3,"beat":4,"pulse":19,"@":11320}
{"ev":"beat","bar":3,"beat":4,"pulse":20,"@":11360}
{"ev":"beat","bar":3,"beat":4,"pulse":21,"@":11400}
{"ev":"beat","bar":3,"beat":4,"pulse":22,"@":11440}
{"ev":"beat","bar":3,"beat":4,"pulse":23,"@":11480}
{"ev":"beat","bar":4,"beat":1,"pulse":0,"@":11520}
{"ev":"chord","in":"D4","out":"D7","deg":"V","@":11520}
{"ev":"chord-followed","cur":"D7","cur_pcs":581,"next":"-","next_pcs":0,"src":"sequencer","@":11520}
{"ev":"midi-out","port":0,"msg":"noteoff","ch":1,"note":69,"vel":64,"@":11520}
{"ev":"midi-out","port":0,"msg":"noteoff","ch":1,"note":72,"vel":64,"@":11520}
{"ev":"midi-out","port":0,"msg":"noteoff","ch":1,"note":76,"vel":64,"@":11520}
{"ev":"midi-out","port":0,"msg":"noteoff","ch":1,"note":79,"vel":64,"@":11520}
{"ev":"midi-out","port":0,"msg":"noteon","ch":1,"note":62,"vel":100,"@":11520}
{"ev":"midi-out","port":0,"msg":"noteon","ch":1,"note":66,"vel":100,"@":11520}
{"ev":"midi-out","port":0,"msg":"noteon","ch":1,"note":69,"vel":100,"@":11520}
{"ev":"midi-out","port":0,"msg":"noteon","ch":1,"note":72,"vel":100,"@":11520}
{"ev":"beat","bar":4,"beat":1,"pulse":1,"@":11560}
{"ev":"beat","bar":4,"beat":1,"pulse":2,"@":11600}
{"ev":"beat","bar":4,"beat":1,"pulse":3,"@":11640}
{"ev":"beat","bar":4,"beat":1,"pulse":4,"@":11680}
{"ev":"beat","bar":4,"beat":1,"pulse":5,"@":11720}
{"ev":"beat","bar":4,"beat":1,"pulse":6,"@":11760}
{"ev":"beat","bar":4,"beat":1,"pulse":7,"@":11800}
{"ev":"beat","bar":4,"beat":1,"pulse":8,"@":11840}
{"ev":"beat","bar":4,"beat":1,"pulse":9,"@":11880}
{"ev":"beat","bar":4,"beat":1,"pulse":10,"@":11920}
{"ev":"beat","bar":4,"beat":1,"pulse":11,"@":11960}
{"ev":"beat","bar":4,"beat":1,"pulse":12,"@":12000}
{"ev":"beat","bar":4,"beat":1,"pulse":13,"@":12040}
{"ev":"beat","bar":4,"beat":1,"pulse":14,"@":12080}
{"ev":"beat","bar":4,"beat":1,"pulse":15,"@":12120}
{"ev":"beat","bar":4,"beat":1,"pulse":16,"@":12160}
{"ev":"beat","bar":4,"beat":1,"pulse":17,"@":12200}
{"ev":"beat","bar":4,"beat":1,"pulse":18,"@":12240}
{"ev":"beat","bar":4,"beat":1,"pulse":19,"@":12280}
{"ev":"beat","bar":4,"beat":1,"pulse":20,"@":12320}
{"ev":"beat","bar":4,"beat":1,"pulse":21,"@":12360}
{"ev":"beat","bar":4,"beat":1,"pulse":22,"@":12400}
{"ev":"beat","bar":4,"beat":1,"pulse":23,"@":12440}
{"ev":"beat","bar":4,"beat":2,"pulse":0,"@":12480}
{"ev":"beat","bar":4,"beat":2,"pulse":1,"@":12520}
{"ev":"beat","bar":4,"beat":2,"pulse":2,"@":12560}
{"ev":"beat","bar":4,"beat":2,"pulse":3,"@":12600}
{"ev":"beat","bar":4,"beat":2,"pulse":4,"@":12640}
{"ev":"beat","bar":4,"beat":2,"pulse":5,"@":12680}
{"ev":"beat","bar":4,"beat":2,"pulse":6,"@":12720}
{"ev":"beat","bar":4,"beat":2,"pulse":7,"@":12760}
{"ev":"beat","bar":4,"beat":2,"pulse":8,"@":12800}
{"ev":"beat","bar":4,"beat":2,"pulse":9,"@":12840}
{"ev":"beat","bar":4,"beat":2,"pulse":10,"@":12880}
{"ev":"beat","bar":4,"beat":2,"pulse":11,"@":12920}
{"ev":"beat","bar":4,"beat":2,"pulse":12,"@":12960}
{"ev":"beat","bar":4,"beat":2,"pulse":13,"@":13000}
{"ev":"beat","bar":4,"beat":2,"pulse":14,"@":13040}
{"ev":"beat","bar":4,"beat":2,"pulse":15,"@":13080}
{"ev":"beat","bar":4,"beat":2,"pulse":16,"@":13120}
{"ev":"beat","bar":4,"beat":2,"pulse":17,"@":13160}
{"ev":"beat","bar":4,"beat":2,"pulse":18,"@":13200}
{"ev":"beat","bar":4,"beat":2,"pulse":19,"@":13240}
{"ev":"beat","bar":4,"beat":2,"pulse":20,"@":13280}
{"ev":"beat","bar":4,"beat":2,"pulse":21,"@":13320}
{"ev":"beat","bar":4,"beat":2,"pulse":22,"@":13360}
{"ev":"beat","bar":4,"beat":2,"pulse":23,"@":13400}
{"ev":"beat","bar":4,"beat":3,"pulse":0,"@":13440}
{"ev":"beat","bar":4,"beat":3,"pulse":1,"@":13480}
{"ev":"beat","bar":4,"beat":3,"pulse":2,"@":13520}
{"ev":"beat","bar":4,"beat":3,"pulse":3,"@":13560}
{"ev":"beat","bar":4,"beat":3,"pulse":4,"@":13600}
{"ev":"beat","bar":4,"beat":3,"pulse":5,"@":13640}
{"ev":"beat","bar":4,"beat":3,"pulse":6,"@":13680}
{"ev":"beat","bar":4,"beat":3,"pulse":7,"@":13720}
{"ev":"beat","bar":4,"beat":3,"pulse":8,"@":13760}
{"ev":"beat","bar":4,"beat":3,"pulse":9,"@":13800}
{"ev":"beat","bar":4,"beat":3,"pulse":10,"@":13840}
{"ev":"beat","bar":4,"beat":3,"pulse":11,"@":13880}
{"ev":"beat","bar":4,"beat":3,"pulse":12,"@":13920}
{"ev":"beat","bar":4,"beat":3,"pulse":13,"@":13960}
{"ev":"beat","bar":4,"beat":3,"pulse":14,"@":14000}
{"ev":"beat","bar":4,"beat":3,"pulse":15,"@":14040}
{"ev":"beat","bar":4,"beat":3,"pulse":16,"@":14080}
{"ev":"beat","bar":4,"beat":3,"pulse":17,"@":14120}
{"ev":"beat","bar":4,"beat":3,"pulse":18,"@":14160}
{"ev":"beat","bar":4,"beat":3,"pulse":19,"@":14200}
{"ev":"beat","bar":4,"beat":3,"pulse":20,"@":14240}
{"ev":"beat","bar":4,"beat":3,"pulse":21,"@":14280}
{"ev":"beat","bar":4,"beat":3,"pulse":22,"@":14320}
{"ev":"beat","bar":4,"beat":3,"pulse":23,"@":14360}
{"ev":"beat","bar":4,"beat":4,"pulse":0,"@":14400}
{"ev":"beat","bar":4,"beat":4,"pulse":1,"@":14440}
{"ev":"beat","bar":4,"beat":4,"pulse":2,"@":14480}
{"ev":"beat","bar":4,"beat":4,"pulse":3,"@":14520}
{"ev":"beat","bar":4,"beat":4,"pulse":4,"@":14560}
{"ev":"beat","bar":4,"beat":4,"pulse":5,"@":14600}
{"ev":"beat","bar":4,"beat":4,"pulse":6,"@":14640}
{"ev":"beat","bar":4,"beat":4,"pulse":7,"@":14680}
{"ev":"beat","bar":4,"beat":4,"pulse":8,"@":14720}
{"ev":"beat","bar":4,"beat":4,"pulse":9,"@":14760}
{"ev":"beat","bar":4,"beat":4,"pulse":10,"@":14800}
{"ev":"beat","bar":4,"beat":4,"pulse":11,"@":14840}
{"ev":"beat","bar":4,"beat":4,"pulse":12,"@":14880}
{"ev":"beat","bar":4,"beat":4,"pulse":13,"@":14920}
{"ev":"beat","bar":4,"beat":4,"pulse":14,"@":14960}
{"ev":"beat","bar":4,"beat":4,"pulse":15,"@":15000}
{"ev":"beat","bar":4,"beat":4,"pulse":16,"@":15040}
{"ev":"beat","bar":4,"beat":4,"pulse":17,"@":15080}
{"ev":"beat","bar":4,"beat":4,"pulse":18,"@":15120}
{"ev":"beat","bar":4,"beat":4,"pulse":19,"@":15160}
{"ev":"beat","bar":4,"beat":4,"pulse":20,"@":15200}
{"ev":"beat","bar":4,"beat":4,"pulse":21,"@":15240}
{"ev":"beat","bar":4,"beat":4,"pulse":22,"@":15280}
{"ev":"beat","bar":4,"beat":4,"pulse":23,"@":15320}
{"ev":"midi-out","port":0,"msg":"noteoff","ch":1,"note":62,"vel":64,"@":15359}
{"ev":"midi-out","port":0,"msg":"noteoff","ch":1,"note":66,"vel":64,"@":15359}
{"ev":"midi-out","port":0,"msg":"noteoff","ch":1,"note":69,"vel":64,"@":15359}
{"ev":"midi-out","port":0,"msg":"noteoff","ch":1,"note":72,"vel":64,"@":15359}
{"ev":"transport","state":"stopped","@":15359}
