{"ev":"section","name":"varD","@":0}
{"ev":"chord","in":"C4","out":"Cmaj7","deg":"I","@":0}
{"ev":"midi-out","port":0,"msg":"noteon","ch":4,"note":60,"vel":100,"@":0}
{"ev":"midi-out","port":0,"msg":"noteon","ch":4,"note":64,"vel":100,"@":0}
{"ev":"midi-out","port":0,"msg":"noteon","ch":4,"note":67,"vel":100,"@":0}
{"ev":"midi-out","port":0,"msg":"noteon","ch":4,"note":71,"vel":100,"@":0}
{"ev":"midi-out","port":0,"msg":"noteon","ch":10,"note":36,"vel":106,"@":0}
{"ev":"midi-out","port":0,"msg":"noteon","ch":10,"note":42,"vel":64,"@":0}
{"ev":"midi-out","port":0,"msg":"noteon","ch":2,"note":24,"vel":98,"@":0}
{"ev":"transport","state":"playing","@":0}
{"ev":"midi-out","port":0,"msg":"noteoff","ch":10,"note":42,"vel":64,"@":50}
{"ev":"midi-out","port":0,"msg":"noteoff","ch":10,"note":36,"vel":64,"@":120}
{"ev":"midi-out","port":0,"msg":"noteoff","ch":2,"note":24,"vel":64,"@":240}
{"ev":"midi-out","port":0,"msg":"noteon","ch":10,"note":42,"vel":48,"@":240}
{"ev":"midi-out","port":0,"msg":"noteoff","ch":10,"note":42,"vel":64,"@":290}
{"ev":"midi-out","port":0,"msg":"noteon","ch":10,"note":42,"vel":56,"@":480}
{"ev":"midi-out","port":0,"msg":"noteon","ch":2,"note":31,"vel":80,"@":480}
{"ev":"midi-out","port":0,"msg":"noteoff","ch":10,"note":42,"vel":64,"@":530}
{"ev":"midi-out","port":0,"msg":"noteoff","ch":2,"note":31,"vel":64,"@":720}
{"ev":"midi-out","port":0,"msg":"noteon","ch":10,"note":42,"vel":48,"@":720}
{"ev":"midi-out","port":0,"msg":"noteoff","ch":10,"note":42,"vel":64,"@":770}
{"ev":"midi-out","port":0,"msg":"noteon","ch":10,"note":38,"vel":102,"@":960}
{"ev":"midi-out","port":0,"msg":"noteon","ch":10,"note":42,"vel":64,"@":960}
{"ev":"midi-out","port":0,"msg":"noteon","ch":2,"note":31,"vel":88,"@":960}
{"ev":"midi-out","port":0,"msg":"noteon","ch":3,"note":60,"vel":84,"@":960}
{"ev":"midi-out","port":0,"msg":"noteon","ch":3,"note":64,"vel":84,"@":980}
{"ev":"midi-out","port":0,"msg":"noteon","ch":3,"note":67,"vel":84,"@":1000}
{"ev":"midi-out","port":0,"msg":"noteoff","ch":10,"note":42,"vel":64,"@":1010}
{"ev":"midi-out","port":0,"msg":"noteon","ch":3,"note":71,"vel":84,"@":1020}
{"ev":"midi-out","port":0,"msg":"noteoff","ch":10,"note":38,"vel":64,"@":1080}
{"ev":"midi-out","port":0,"msg":"noteoff","ch":3,"note":60,"vel":64,"@":1160}
{"ev":"midi-out","port":0,"msg":"noteoff","ch":3,"note":64,"vel":64,"@":1180}
{"ev":"midi-out","port":0,"msg":"noteoff","ch":2,"note":31,"vel":64,"@":1200}
{"ev":"midi-out","port":0,"msg":"noteoff","ch":3,"note":67,"vel":64,"@":1200}
{"ev":"midi-out","port":0,"msg":"noteon","ch":10,"note":42,"vel":48,"@":1200}
{"ev":"midi-out","port":0,"msg":"noteoff","ch":3,"note":71,"vel":64,"@":1220}
{"ev":"midi-out","port":0,"msg":"noteoff","ch":10,"note":42,"vel":64,"@":1250}
{"ev":"midi-out","port":0,"msg":"noteon","ch":10,"note":36,"vel":88,"@":1440}
{"ev":"midi-out","port":0,"msg":"noteon","ch":10,"note":42,"vel":56,"@":1440}
{"ev":"midi-out","port":0,"msg":"noteon","ch":2,"note":40,"vel":80,"@":1440}
{"ev":"midi-out","port":0,"msg":"noteon","ch":3,"note":60,"vel":70,"@":1440}
{"ev":"midi-out","port":0,"msg":"noteon","ch":3,"note":64,"vel":70,"@":1440}
{"ev":"midi-out","port":0,"msg":"noteon","ch":3,"note":67,"vel":70,"@":1440}
{"ev":"midi-out","port":0,"msg":"noteoff","ch":10,"note":42,"vel":64,"@":1490}
{"ev":"midi-out","port":0,"msg":"noteoff","ch":3,"note":60,"vel":64,"@":1490}
{"ev":"midi-out","port":0,"msg":"noteoff","ch":3,"note":64,"vel":64,"@":1490}
{"ev":"midi-out","port":0,"msg":"noteoff","ch":3,"note":67,"vel":64,"@":1490}
{"ev":"midi-out","port":0,"msg":"noteoff","ch":10,"note":36,"vel":64,"@":1560}
{"ev":"midi-out","port":0,"msg":"noteoff","ch":2,"note":40,"vel":64,"@":1680}
{"ev":"midi-out","port":0,"msg":"noteon","ch":10,"note":42,"vel":48,"@":1680}
{"ev":"midi-out","port":0,"msg":"noteoff","ch":10,"note":42,"vel":64,"@":1730}
{"ev":"midi-out","port":0,"msg":"noteon","ch":10,"note":36,"vel":102,"@":1920}
{"ev":"midi-out","port":0,"msg":"noteon","ch":10,"note":42,"vel":64,"@":1920}
{"ev":"midi-out","port":0,"msg":"noteon","ch":2,"note":24,"vel":96,"@":1920}
{"ev":"midi-out","port":0,"msg":"noteon","ch":7,"note":79,"vel":72,"@":1920}
{"ev":"midi-out","port":0,"msg":"noteoff","ch":10,"note":42,"vel":64,"@":1970}
{"ev":"midi-out","port":0,"msg":"noteoff","ch":10,"note":36,"vel":64,"@":2040}
{"ev":"midi-out","port":0,"msg":"noteoff","ch":2,"note":24,"vel":64,"@":2160}
{"ev":"midi-out","port":0,"msg":"noteoff","ch":7,"note":79,"vel":64,"@":2160}
{"ev":"midi-out","port":0,"msg":"noteon","ch":10,"note":42,"vel":48,"@":2160}
{"ev":"midi-out","port":0,"msg":"noteoff","ch":10,"note":42,"vel":64,"@":2210}
{"ev":"midi-out","port":0,"msg":"noteon","ch":10,"note":36,"vel":88,"@":2400}
{"ev":"midi-out","port":0,"msg":"noteon","ch":10,"note":42,"vel":56,"@":2400}
{"ev":"midi-out","port":0,"msg":"noteon","ch":2,"note":31,"vel":80,"@":2400}
{"ev":"midi-out","port":0,"msg":"noteon","ch":7,"note":81,"vel":66,"@":2400}
{"ev":"midi-out","port":0,"msg":"noteoff","ch":10,"note":42,"vel":64,"@":2450}
{"ev":"midi-out","port":0,"msg":"noteoff","ch":10,"note":36,"vel":64,"@":2520}
{"ev":"midi-out","port":0,"msg":"noteoff","ch":2,"note":31,"vel":64,"@":2640}
{"ev":"midi-out","port":0,"msg":"noteoff","ch":7,"note":81,"vel":64,"@":2640}
{"ev":"midi-out","port":0,"msg":"noteon","ch":10,"note":42,"vel":48,"@":2640}
{"ev":"midi-out","port":0,"msg":"noteon","ch":7,"note":75,"vel":64,"@":2640}
{"ev":"midi-out","port":0,"msg":"noteoff","ch":10,"note":42,"vel":64,"@":2690}
{"ev":"midi-out","port":0,"msg":"noteoff","ch":7,"note":75,"vel":64,"@":2690}
{"ev":"midi-out","port":0,"msg":"noteon","ch":10,"note":38,"vel":102,"@":2880}
{"ev":"midi-out","port":0,"msg":"noteon","ch":10,"note":42,"vel":64,"@":2880}
{"ev":"midi-out","port":0,"msg":"noteon","ch":2,"note":31,"vel":88,"@":2880}
{"ev":"midi-out","port":0,"msg":"noteon","ch":3,"note":71,"vel":84,"@":2880}
{"ev":"midi-out","port":0,"msg":"noteon","ch":7,"note":76,"vel":74,"@":2880}
{"ev":"midi-out","port":0,"msg":"noteon","ch":3,"note":67,"vel":84,"@":2900}
{"ev":"midi-out","port":0,"msg":"noteon","ch":3,"note":64,"vel":84,"@":2920}
{"ev":"midi-out","port":0,"msg":"noteoff","ch":10,"note":42,"vel":64,"@":2930}
{"ev":"midi-out","port":0,"msg":"noteon","ch":3,"note":60,"vel":84,"@":2940}
{"ev":"midi-out","port":0,"msg":"noteoff","ch":10,"note":38,"vel":64,"@":3000}
{"ev":"midi-out","port":0,"msg":"noteoff","ch":3,"note":71,"vel":64,"@":3080}
{"ev":"midi-out","port":0,"msg":"noteoff","ch":3,"note":67,"vel":64,"@":3100}
{"ev":"midi-out","port":0,"msg":"noteoff","ch":2,"note":31,"vel":64,"@":3120}
{"ev":"midi-out","port":0,"msg":"noteoff","ch":3,"note":64,"vel":64,"@":3120}
{"ev":"midi-out","port":0,"msg":"noteoff","ch":7,"note":76,"vel":64,"@":3120}
{"ev":"midi-out","port":0,"msg":"noteon","ch":10,"note":42,"vel":48,"@":3120}
{"ev":"midi-out","port":0,"msg":"noteoff","ch":3,"note":60,"vel":64,"@":3140}
{"ev":"midi-out","port":0,"msg":"noteoff","ch":10,"note":42,"vel":64,"@":3170}
{"ev":"midi-out","port":0,"msg":"noteon","ch":10,"note":42,"vel":56,"@":3360}
{"ev":"midi-out","port":0,"msg":"noteon","ch":2,"note":35,"vel":82,"@":3360}
{"ev":"midi-out","port":0,"msg":"noteon","ch":3,"note":60,"vel":70,"@":3360}
{"ev":"midi-out","port":0,"msg":"noteon","ch":3,"note":64,"vel":70,"@":3360}
{"ev":"midi-out","port":0,"msg":"noteon","ch":3,"note":67,"vel":70,"@":3360}
{"ev":"midi-out","port":0,"msg":"noteon","ch":7,"note":72,"vel":76,"@":3360}
{"ev":"midi-out","port":0,"msg":"noteoff","ch":10,"note":42,"vel":64,"@":3410}
{"ev":"midi-out","port":0,"msg":"noteoff","ch":3,"note":60,"vel":64,"@":3410}
{"ev":"midi-out","port":0,"msg":"noteoff","ch":3,"note":64,"vel":64,"@":3410}
{"ev":"midi-out","port":0,"msg":"noteoff","ch":3,"note":67,"vel":64,"@":3410}
{"ev":"midi-out","port":0,"msg":"noteoff","ch":2,"note":35,"vel":64,"@":3600}
{"ev":"midi-out","port":0,"msg":"noteon","ch":10,"note":42,"vel":48,"@":3600}
{"ev":"midi-out","port":0,"msg":"noteoff","ch":10,"note":42,"vel":64,"@":3650}
{"ev":"midi-out","port":0,"msg":"noteoff","ch":7,"note":72,"vel":64,"@":3720}
{"ev":"chord","in":"F4","out":"Fmaj7","deg":"IV","@":3840}
{"ev":"midi-out","port":0,"msg":"noteoff","ch":4,"note":60,"vel":64,"@":3840}
{"ev":"midi-out","port":0,"msg":"noteoff","ch":4,"note":64,"vel":64,"@":3840}
{"ev":"midi-out","port":0,"msg":"noteoff","ch":4,"note":67,"vel":64,"@":3840}
{"ev":"midi-out","port":0,"msg":"noteoff","ch":4,"note":71,"vel":64,"@":3840}
{"ev":"midi-out","port":0,"msg":"noteon","ch":4,"note":65,"vel":100,"@":3840}
{"ev":"midi-out","port":0,"msg":"noteon","ch":4,"note":69,"vel":100,"@":3840}
{"ev":"midi-out","port":0,"msg":"noteon","ch":4,"note":72,"vel":100,"@":3840}
{"ev":"midi-out","port":0,"msg":"noteon","ch":4,"note":76,"vel":100,"@":3840}
{"ev":"midi-out","port":0,"msg":"noteon","ch":10,"note":36,"vel":106,"@":3840}
{"ev":"midi-out","port":0,"msg":"noteon","ch":10,"note":42,"vel":64,"@":3840}
{"ev":"midi-out","port":0,"msg":"noteon","ch":2,"note":29,"vel":98,"@":3840}
{"ev":"midi-out","port":0,"msg":"noteoff","ch":10,"note":42,"vel":64,"@":3890}
{"ev":"midi-out","port":0,"msg":"noteoff","ch":10,"note":36,"vel":64,"@":3960}
{"ev":"midi-out","port":0,"msg":"noteoff","ch":2,"note":29,"vel":64,"@":4080}
{"ev":"midi-out","port":0,"msg":"noteon","ch":10,"note":42,"vel":48,"@":4080}
{"ev":"midi-out","port":0,"msg":"noteoff","ch":10,"note":42,"vel":64,"@":4130}
{"ev":"midi-out","port":0,"msg":"noteon","ch":10,"note":42,"vel":56,"@":4320}
{"ev":"midi-out","port":0,"msg":"noteon","ch":2,"note":36,"vel":80,"@":4320}
{"ev":"midi-out","port":0,"msg":"noteoff","ch":10,"note":42,"vel":64,"@":4370}
{"ev":"midi-out","port":0,"msg":"noteoff","ch":2,"note":36,"vel":64,"@":4560}
{"ev":"midi-out","port":0,"msg":"noteon","ch":10,"note":42,"vel":48,"@":4560}
{"ev":"midi-out","port":0,"msg":"noteoff","ch":10,"note":42,"vel":64,"@":4610}
{"ev":"midi-out","port":0,"msg":"noteon","ch":10,"note":38,"vel":102,"@":4800}
{"ev":"midi-out","port":0,"msg":"noteon","ch":10,"note":42,"vel":64,"@":4800}
{"ev":"midi-out","port":0,"msg":"noteon","ch":2,"note":36,"vel":88,"@":4800}
{"ev":"midi-out","port":0,"msg":"noteon","ch":3,"note":65,"vel":84,"@":4800}
{"ev":"midi-out","port":0,"msg":"noteon","ch":3,"note":69,"vel":84,"@":4820}
{"ev":"midi-out","port":0,"msg":"noteon","ch":3,"note":72,"vel":84,"@":4840}
{"ev":"midi-out","port":0,"msg":"noteoff","ch":10,"note":42,"vel":64,"@":4850}
{"ev":"midi-out","port":0,"msg":"noteon","ch":3,"note":76,"vel":84,"@":4860}
{"ev":"midi-out","port":0,"msg":"noteoff","ch":10,"note":38,"vel":64,"@":4920}
{"ev":"midi-out","port":0,"msg":"noteoff","ch":3,"note":65,"vel":64,"@":5000}
{"ev":"midi-out","port":0,"msg":"noteoff","ch":3,"note":69,"vel":64,"@":5020}
{"ev":"midi-out","port":0,"msg":"noteoff","ch":2,"note":36,"vel":64,"@":5040}
{"ev":"midi-out","port":0,"msg":"noteoff","ch":3,"note":72,"vel":64,"@":5040}
{"ev":"midi-out","port":0,"msg":"noteon","ch":10,"note":42,"vel":48,"@":5040}
{"ev":"midi-out","port":0,"msg":"noteoff","ch":3,"note":76,"vel":64,"@":5060}
{"ev":"midi-out","port":0,"msg":"noteoff","ch":10,"note":42,"vel":64,"@":5090}
{"ev":"midi-out","port":0,"msg":"noteon","ch":10,"note":36,"vel":88,"@":5280}
{"ev":"midi-out","port":0,"msg":"noteon","ch":10,"note":42,"vel":56,"@":5280}
{"ev":"midi-out","port":0,"msg":"noteon","ch":2,"note":45,"vel":80,"@":5280}
{"ev":"midi-out","port":0,"msg":"noteon","ch":3,"note":65,"vel":70,"@":5280}
{"ev":"midi-out","port":0,"msg":"noteon","ch":3,"note":69,"vel":70,"@":5280}
{"ev":"midi-out","port":0,"msg":"noteon","ch":3,"note":72,"vel":70,"@":5280}
{"ev":"midi-out","port":0,"msg":"noteoff","ch":10,"note":42,"vel":64,"@":5330}
{"ev":"midi-out","port":0,"msg":"noteoff","ch":3,"note":65,"vel":64,"@":5330}
{"ev":"midi-out","port":0,"msg":"noteoff","ch":3,"note":69,"vel":64,"@":5330}
{"ev":"midi-out","port":0,"msg":"noteoff","ch":3,"note":72,"vel":64,"@":5330}
{"ev":"midi-out","port":0,"msg":"noteoff","ch":10,"note":36,"vel":64,"@":5400}
{"ev":"midi-out","port":0,"msg":"noteoff","ch":2,"note":45,"vel":64,"@":5520}
{"ev":"midi-out","port":0,"msg":"noteon","ch":10,"note":42,"vel":48,"@":5520}
{"ev":"midi-out","port":0,"msg":"noteoff","ch":10,"note":42,"vel":64,"@":5570}
{"ev":"midi-out","port":0,"msg":"noteon","ch":10,"note":36,"vel":102,"@":5760}
{"ev":"midi-out","port":0,"msg":"noteon","ch":10,"note":42,"vel":64,"@":5760}
{"ev":"midi-out","port":0,"msg":"noteon","ch":2,"note":29,"vel":96,"@":5760}
{"ev":"midi-out","port":0,"msg":"noteon","ch":7,"note":79,"vel":72,"@":5760}
{"ev":"midi-out","port":0,"msg":"noteoff","ch":10,"note":42,"vel":64,"@":5810}
{"ev":"midi-out","port":0,"msg":"noteoff","ch":10,"note":36,"vel":64,"@":5880}
{"ev":"midi-out","port":0,"msg":"noteoff","ch":2,"note":29,"vel":64,"@":6000}
{"ev":"midi-out","port":0,"msg":"noteoff","ch":7,"note":79,"vel":64,"@":6000}
{"ev":"midi-out","port":0,"msg":"noteon","ch":10,"note":42,"vel":48,"@":6000}
{"ev":"midi-out","port":0,"msg":"noteoff","ch":10,"note":42,"vel":64,"@":6050}
{"ev":"midi-out","port":0,"msg":"noteon","ch":10,"note":36,"vel":88,"@":6240}
{"ev":"midi-out","port":0,"msg":"noteon","ch":10,"note":42,"vel":56,"@":6240}
{"ev":"midi-out","port":0,"msg":"noteon","ch":2,"note":36,"vel":80,"@":6240}
{"ev":"midi-out","port":0,"msg":"noteon","ch":7,"note":81,"vel":66,"@":6240}
{"ev":"midi-out","port":0,"msg":"noteoff","ch":10,"note":42,"vel":64,"@":6290}
{"ev":"midi-out","port":0,"msg":"noteoff","ch":10,"note":36,"vel":64,"@":6360}
{"ev":"midi-out","port":0,"msg":"noteoff","ch":2,"note":36,"vel":64,"@":6480}
{"ev":"midi-out","port":0,"msg":"noteoff","ch":7,"note":81,"vel":64,"@":6480}
{"ev":"midi-out","port":0,"msg":"noteon","ch":10,"note":42,"vel":48,"@":6480}
{"ev":"midi-out","port":0,"msg":"noteon","ch":7,"note":80,"vel":64,"@":6480}
{"ev":"midi-out","port":0,"msg":"noteoff","ch":10,"note":42,"vel":64,"@":6530}
{"ev":"midi-out","port":0,"msg":"noteoff","ch":7,"note":80,"vel":64,"@":6530}
{"ev":"midi-out","port":0,"msg":"noteon","ch":10,"note":38,"vel":102,"@":6720}
{"ev":"midi-out","port":0,"msg":"noteon","ch":10,"note":42,"vel":64,"@":6720}
{"ev":"midi-out","port":0,"msg":"noteon","ch":2,"note":36,"vel":88,"@":6720}
{"ev":"midi-out","port":0,"msg":"noteon","ch":3,"note":76,"vel":84,"@":6720}
{"ev":"midi-out","port":0,"msg":"noteon","ch":7,"note":76,"vel":74,"@":6720}
{"ev":"midi-out","port":0,"msg":"noteon","ch":3,"note":72,"vel":84,"@":6740}
{"ev":"midi-out","port":0,"msg":"noteon","ch":3,"note":69,"vel":84,"@":6760}
{"ev":"midi-out","port":0,"msg":"noteoff","ch":10,"note":42,"vel":64,"@":6770}
{"ev":"midi-out","port":0,"msg":"noteon","ch":3,"note":65,"vel":84,"@":6780}
{"ev":"midi-out","port":0,"msg":"noteoff","ch":10,"note":38,"vel":64,"@":6840}
{"ev":"midi-out","port":0,"msg":"noteoff","ch":3,"note":76,"vel":64,"@":6920}
{"ev":"midi-out","port":0,"msg":"noteoff","ch":3,"note":72,"vel":64,"@":6940}
{"ev":"midi-out","port":0,"msg":"noteoff","ch":2,"note":36,"vel":64,"@":6960}
{"ev":"midi-out","port":0,"msg":"noteoff","ch":3,"note":69,"vel":64,"@":6960}
{"ev":"midi-out","port":0,"msg":"noteoff","ch":7,"note":76,"vel":64,"@":6960}
{"ev":"midi-out","port":0,"msg":"noteon","ch":10,"note":42,"vel":48,"@":6960}
{"ev":"midi-out","port":0,"msg":"noteoff","ch":3,"note":65,"vel":64,"@":6980}
{"ev":"midi-out","port":0,"msg":"noteoff","ch":10,"note":42,"vel":64,"@":7010}
{"ev":"midi-out","port":0,"msg":"noteon","ch":10,"note":42,"vel":56,"@":7200}
{"ev":"midi-out","port":0,"msg":"noteon","ch":2,"note":40,"vel":82,"@":7200}
{"ev":"midi-out","port":0,"msg":"noteon","ch":3,"note":65,"vel":70,"@":7200}
{"ev":"midi-out","port":0,"msg":"noteon","ch":3,"note":69,"vel":70,"@":7200}
{"ev":"midi-out","port":0,"msg":"noteon","ch":3,"note":72,"vel":70,"@":7200}
{"ev":"midi-out","port":0,"msg":"noteon","ch":7,"note":72,"vel":76,"@":7200}
{"ev":"midi-out","port":0,"msg":"noteoff","ch":10,"note":42,"vel":64,"@":7250}
{"ev":"midi-out","port":0,"msg":"noteoff","ch":3,"note":65,"vel":64,"@":7250}
{"ev":"midi-out","port":0,"msg":"noteoff","ch":3,"note":69,"vel":64,"@":7250}
{"ev":"midi-out","port":0,"msg":"noteoff","ch":3,"note":72,"vel":64,"@":7250}
{"ev":"midi-out","port":0,"msg":"noteoff","ch":2,"note":40,"vel":64,"@":7440}
{"ev":"midi-out","port":0,"msg":"noteon","ch":10,"note":42,"vel":48,"@":7440}
{"ev":"midi-out","port":0,"msg":"noteoff","ch":10,"note":42,"vel":64,"@":7490}
{"ev":"midi-out","port":0,"msg":"noteoff","ch":7,"note":72,"vel":64,"@":7560}
{"ev":"chord","in":"C4","out":"Cmaj7","deg":"I","@":7680}
{"ev":"midi-out","port":0,"msg":"noteoff","ch":4,"note":65,"vel":64,"@":7680}
{"ev":"midi-out","port":0,"msg":"noteoff","ch":4,"note":69,"vel":64,"@":7680}
{"ev":"midi-out","port":0,"msg":"noteoff","ch":4,"note":72,"vel":64,"@":7680}
{"ev":"midi-out","port":0,"msg":"noteoff","ch":4,"note":76,"vel":64,"@":7680}
{"ev":"midi-out","port":0,"msg":"noteon","ch":4,"note":60,"vel":100,"@":7680}
{"ev":"midi-out","port":0,"msg":"noteon","ch":4,"note":64,"vel":100,"@":7680}
{"ev":"midi-out","port":0,"msg":"noteon","ch":4,"note":67,"vel":100,"@":7680}
{"ev":"midi-out","port":0,"msg":"noteon","ch":4,"note":71,"vel":100,"@":7680}
{"ev":"midi-out","port":0,"msg":"noteon","ch":10,"note":36,"vel":106,"@":7680}
{"ev":"midi-out","port":0,"msg":"noteon","ch":10,"note":42,"vel":64,"@":7680}
{"ev":"midi-out","port":0,"msg":"noteon","ch":2,"note":24,"vel":98,"@":7680}
