{"ev":"chord","in":"C4","out":"Cmaj7","deg":"I","@":0}
{"ev":"midi-out","port":0,"msg":"noteon","ch":4,"note":60,"vel":100,"@":0}
{"ev":"midi-out","port":0,"msg":"noteon","ch":4,"note":64,"vel":100,"@":0}
{"ev":"midi-out","port":0,"msg":"noteon","ch":4,"note":67,"vel":100,"@":0}
{"ev":"midi-out","port":0,"msg":"noteon","ch":4,"note":71,"vel":100,"@":0}
{"ev":"section","name":"varD","@":0}
{"ev":"midi-out","port":0,"msg":"noteon","ch":10,"note":36,"vel":119,"@":0}
{"ev":"midi-out","port":0,"msg":"noteon","ch":10,"note":46,"vel":83,"@":0}
{"ev":"transport","state":"playing","@":0}
{"ev":"midi-out","port":0,"msg":"noteoff","ch":10,"note":36,"vel":64,"@":120}
{"ev":"midi-out","port":0,"msg":"noteoff","ch":10,"note":46,"vel":64,"@":120}
{"ev":"midi-out","port":0,"msg":"noteon","ch":10,"note":42,"vel":56,"@":595}
{"ev":"midi-out","port":0,"msg":"noteoff","ch":10,"note":42,"vel":64,"@":645}
{"ev":"midi-out","port":0,"msg":"noteon","ch":10,"note":38,"vel":112,"@":960}
{"ev":"midi-out","port":0,"msg":"noteon","ch":10,"note":46,"vel":76,"@":960}
{"ev":"midi-out","port":0,"msg":"noteoff","ch":10,"note":38,"vel":64,"@":1080}
{"ev":"midi-out","port":0,"msg":"noteoff","ch":10,"note":46,"vel":64,"@":1080}
{"ev":"midi-out","port":0,"msg":"noteon","ch":10,"note":36,"vel":94,"@":1555}
{"ev":"midi-out","port":0,"msg":"noteon","ch":10,"note":42,"vel":56,"@":1555}
{"ev":"midi-out","port":0,"msg":"noteoff","ch":10,"note":42,"vel":64,"@":1605}
{"ev":"midi-out","port":0,"msg":"noteoff","ch":10,"note":36,"vel":64,"@":1675}
{"ev":"midi-out","port":0,"msg":"noteon","ch":10,"note":36,"vel":113,"@":1920}
{"ev":"midi-out","port":0,"msg":"noteon","ch":10,"note":46,"vel":81,"@":1920}
{"ev":"midi-out","port":0,"msg":"noteoff","ch":10,"note":36,"vel":64,"@":2040}
{"ev":"midi-out","port":0,"msg":"noteoff","ch":10,"note":46,"vel":64,"@":2040}
{"ev":"midi-out","port":0,"msg":"noteon","ch":10,"note":42,"vel":56,"@":2515}
{"ev":"midi-out","port":0,"msg":"noteoff","ch":10,"note":42,"vel":64,"@":2565}
{"ev":"midi-out","port":0,"msg":"noteon","ch":10,"note":38,"vel":112,"@":2880}
{"ev":"midi-out","port":0,"msg":"noteon","ch":10,"note":46,"vel":76,"@":2880}
{"ev":"midi-out","port":0,"msg":"noteoff","ch":10,"note":38,"vel":64,"@":3000}
{"ev":"midi-out","port":0,"msg":"noteoff","ch":10,"note":46,"vel":64,"@":3000}
{"ev":"midi-out","port":0,"msg":"noteon","ch":10,"note":38,"vel":66,"@":3475}
{"ev":"midi-out","port":0,"msg":"noteon","ch":10,"note":42,"vel":56,"@":3475}
{"ev":"midi-out","port":0,"msg":"noteoff","ch":10,"note":38,"vel":64,"@":3525}
{"ev":"midi-out","port":0,"msg":"noteoff","ch":10,"note":42,"vel":64,"@":3525}
{"ev":"midi-out","port":0,"msg":"noteon","ch":10,"note":36,"vel":119,"@":3840}
{"ev":"midi-out","port":0,"msg":"noteon","ch":10,"note":46,"vel":83,"@":3840}
