{"ev":"chord","in":"A4","out":"Am7","deg":"i","@":0}
{"ev":"midi-out","port":0,"msg":"noteon","ch":1,"note":69,"vel":100,"@":0}
{"ev":"midi-out","port":0,"msg":"noteon","ch":1,"note":72,"vel":100,"@":0}
{"ev":"midi-out","port":0,"msg":"noteon","ch":1,"note":76,"vel":100,"@":0}
{"ev":"midi-out","port":0,"msg":"noteon","ch":1,"note":79,"vel":100,"@":0}
{"ev":"chord","in":"E4","out":"E7","deg":"V","@":96}
{"ev":"midi-out","port":0,"msg":"noteoff","ch":1,"note":69,"vel":64,"@":96}
{"ev":"midi-out","port":0,"msg":"noteoff","ch":1,"note":72,"vel":64,"@":96}
{"ev":"midi-out","port":0,"msg":"noteoff","ch":1,"note":76,"vel":64,"@":96}
{"ev":"midi-out","port":0,"msg":"noteoff","ch":1,"note":79,"vel":64,"@":96}
{"ev":"midi-out","port":0,"msg":"noteon","ch":1,"note":64,"vel":100,"@":96}
{"ev":"midi-out","port":0,"msg":"noteon","ch":1,"note":68,"vel":100,"@":96}
{"ev":"midi-out","port":0,"msg":"noteon","ch":1,"note":71,"vel":100,"@":96}
{"ev":"midi-out","port":0,"msg":"noteon","ch":1,"note":74,"vel":100,"@":96}
{"ev":"midi-out","port":0,"msg":"noteoff","ch":1,"note":64,"vel":64,"@":192}
{"ev":"midi-out","port":0,"msg":"noteoff","ch":1,"note":68,"vel":64,"@":192}
{"ev":"midi-out","port":0,"msg":"noteoff","ch":1,"note":71,"vel":64,"@":192}
{"ev":"midi-out","port":0,"msg":"noteoff","ch":1,"note":74,"vel":64,"@":192}
