{"ev":"chord","in":"D4","out":"Dm7","deg":"ii","@":0}
{"ev":"midi-out","port":0,"msg":"noteon","ch":1,"note":62,"vel":100,"@":0}
{"ev":"midi-out","port":0,"msg":"noteon","ch":1,"note":65,"vel":100,"@":0}
{"ev":"midi-out","port":0,"msg":"noteon","ch":1,"note":69,"vel":100,"@":0}
{"ev":"midi-out","port":0,"msg":"noteon","ch":1,"note":72,"vel":100,"@":0}
{"ev":"chord","in":"G4","out":"G7","deg":"V","@":3910}
{"ev":"midi-out","port":0,"msg":"noteoff","ch":1,"note":62,"vel":64,"@":3910}
{"ev":"midi-out","port":0,"msg":"noteoff","ch":1,"note":65,"vel":64,"@":3910}
{"ev":"midi-out","port":0,"msg":"noteoff","ch":1,"note":69,"vel":64,"@":3910}
{"ev":"midi-out","port":0,"msg":"noteoff","ch":1,"note":72,"vel":64,"@":3910}
{"ev":"midi-out","port":0,"msg":"noteon","ch":1,"note":67,"vel":100,"@":3910}
{"ev":"midi-out","port":0,"msg":"noteon","ch":1,"note":71,"vel":100,"@":3910}
{"ev":"midi-out","port":0,"msg":"noteon","ch":1,"note":74,"vel":100,"@":3910}
{"ev":"midi-out","port":0,"msg":"noteon","ch":1,"note":77,"vel":100,"@":3910}
{"ev":"chord","in":"C4","out":"Cmaj7","deg":"I","@":7615}
{"ev":"midi-out","port":0,"msg":"noteoff","ch":1,"note":67,"vel":64,"@":7615}
{"ev":"midi-out","port":0,"msg":"noteoff","ch":1,"note":71,"vel":64,"@":7615}
{"ev":"midi-out","port":0,"msg":"noteoff","ch":1,"note":74,"vel":64,"@":7615}
{"ev":"midi-out","port":0,"msg":"noteoff","ch":1,"note":77,"vel":64,"@":7615}
{"ev":"midi-out","port":0,"msg":"noteon","ch":1,"note":60,"vel":100,"@":7615}
{"ev":"midi-out","port":0,"msg":"noteon","ch":1,"note":64,"vel":100,"@":7615}
{"ev":"midi-out","port":0,"msg":"noteon","ch":1,"note":67,"vel":100,"@":7615}
{"ev":"midi-out","port":0,"msg":"noteon","ch":1,"note":71,"vel":100,"@":7615}
{"ev":"chord","in":"A4","out":"Am7","deg":"vi","@":11540}
{"ev":"midi-out","port":0,"msg":"noteoff","ch":1,"note":60,"vel":64,"@":11540}
{"ev":"midi-out","port":0,"msg":"noteoff","ch":1,"note":64,"vel":64,"@":11540}
{"ev":"midi-out","port":0,"msg":"noteoff","ch":1,"note":67,"vel":64,"@":11540}
{"ev":"midi-out","port":0,"msg":"noteoff","ch":1,"note":71,"vel":64,"@":11540}
{"ev":"midi-out","port":0,"msg":"noteon","ch":1,"note":69,"vel":100,"@":11540}
{"ev":"midi-out","port":0,"msg":"noteon","ch":1,"note":72,"vel":100,"@":11540}
{"ev":"midi-out","port":0,"msg":"noteon","ch":1,"note":76,"vel":100,"@":11540}
{"ev":"midi-out","port":0,"msg":"noteon","ch":1,"note":79,"vel":100,"@":11540}
{"ev":"midi-out","port":0,"msg":"noteoff","ch":1,"note":69,"vel":64,"@":15360}
{"ev":"midi-out","port":0,"msg":"noteoff","ch":1,"note":72,"vel":64,"@":15360}
{"ev":"midi-out","port":0,"msg":"noteoff","ch":1,"note":76,"vel":64,"@":15360}
{"ev":"midi-out","port":0,"msg":"noteoff","ch":1,"note":79,"vel":64,"@":15360}
{"ev":"chord","in":"D4","out":"Dm7","deg":"ii","@":15360}
{"ev":"midi-out","port":0,"msg":"noteon","ch":1,"note":62,"vel":100,"@":15360}
{"ev":"midi-out","port":0,"msg":"noteon","ch":1,"note":65,"vel":100,"@":15360}
{"ev":"midi-out","port":0,"msg":"noteon","ch":1,"note":69,"vel":100,"@":15360}
{"ev":"midi-out","port":0,"msg":"noteon","ch":1,"note":72,"vel":100,"@":15360}
{"ev":"transport","state":"playing","@":15360}
{"ev":"chord","in":"G4","out":"G7","deg":"V","@":19200}
{"ev":"midi-out","port":0,"msg":"noteoff","ch":1,"note":62,"vel":64,"@":19200}
{"ev":"midi-out","port":0,"msg":"noteoff","ch":1,"note":65,"vel":64,"@":19200}
{"ev":"midi-out","port":0,"msg":"noteoff","ch":1,"note":69,"vel":64,"@":19200}
{"ev":"midi-out","port":0,"msg":"noteoff","ch":1,"note":72,"vel":64,"@":19200}
{"ev":"midi-out","port":0,"msg":"noteon","ch":1,"note":67,"vel":100,"@":19200}
{"ev":"midi-out","port":0,"msg":"noteon","ch":1,"note":71,"vel":100,"@":19200}
{"ev":"midi-out","port":0,"msg":"noteon","ch":1,"note":74,"vel":100,"@":19200}
{"ev":"midi-out","port":0,"msg":"noteon","ch":1,"note":77,"vel":100,"@":19200}
{"ev":"chord","in":"C4","out":"Cmaj7","deg":"I","@":23040}
{"ev":"midi-out","port":0,"msg":"noteoff","ch":1,"note":67,"vel":64,"@":23040}
{"ev":"midi-out","port":0,"msg":"noteoff","ch":1,"note":71,"vel":64,"@":23040}
{"ev":"midi-out","port":0,"msg":"noteoff","ch":1,"note":74,"vel":64,"@":23040}
{"ev":"midi-out","port":0,"msg":"noteoff","ch":1,"note":77,"vel":64,"@":23040}
{"ev":"midi-out","port":0,"msg":"noteon","ch":1,"note":60,"vel":100,"@":23040}
{"ev":"midi-out","port":0,"msg":"noteon","ch":1,"note":64,"vel":100,"@":23040}
{"ev":"midi-out","port":0,"msg":"noteon","ch":1,"note":67,"vel":100,"@":23040}
{"ev":"midi-out","port":0,"msg":"noteon","ch":1,"note":71,"vel":100,"@":23040}
{"ev":"midi-out","port":0,"msg":"noteoff","ch":1,"note":60,"vel":64,"@":23040}
{"ev":"midi-out","port":0,"msg":"noteoff","ch":1,"note":64,"vel":64,"@":23040}
{"ev":"midi-out","port":0,"msg":"noteoff","ch":1,"note":67,"vel":64,"@":23040}
{"ev":"midi-out","port":0,"msg":"noteoff","ch":1,"note":71,"vel":64,"@":23040}
{"ev":"transport","state":"stopped","@":23040}
