{"ev":"chord","in":"D4","out":"Dm7","deg":"ii","@":0}
{"ev":"midi-out","port":0,"msg":"noteon","ch":1,"note":62,"vel":100,"@":0}
{"ev":"midi-out","port":0,"msg":"noteon","ch":1,"note":65,"vel":100,"@":0}
{"ev":"midi-out","port":0,"msg":"noteon","ch":1,"note":69,"vel":100,"@":0}
{"ev":"midi-out","port":0,"msg":"noteon","ch":1,"note":72,"vel":100,"@":0}
{"ev":"transport","state":"playing","@":0}
{"ev":"chord","in":"G4","out":"G7","deg":"V","@":3840}
{"ev":"midi-out","port":0,"msg":"noteoff","ch":1,"note":62,"vel":64,"@":3840}
{"ev":"midi-out","port":0,"msg":"noteoff","ch":1,"note":65,"vel":64,"@":3840}
{"ev":"midi-out","port":0,"msg":"noteoff","ch":1,"note":69,"vel":64,"@":3840}
{"ev":"midi-out","port":0,"msg":"noteoff","ch":1,"note":72,"vel":64,"@":3840}
{"ev":"midi-out","port":0,"msg":"noteon","ch":1,"note":67,"vel":100,"@":3840}
{"ev":"midi-out","port":0,"msg":"noteon","ch":1,"note":71,"vel":100,"@":3840}
{"ev":"midi-out","port":0,"msg":"noteon","ch":1,"note":74,"vel":100,"@":3840}
{"ev":"midi-out","port":0,"msg":"noteon","ch":1,"note":77,"vel":100,"@":3840}
{"ev":"chord","in":"A4","out":"Am7","deg":"ii","@":7680}
{"ev":"midi-out","port":0,"msg":"noteoff","ch":1,"note":67,"vel":64,"@":7680}
{"ev":"midi-out","port":0,"msg":"noteoff","ch":1,"note":71,"vel":64,"@":7680}
{"ev":"midi-out","port":0,"msg":"noteoff","ch":1,"note":74,"vel":64,"@":7680}
{"ev":"midi-out","port":0,"msg":"noteoff","ch":1,"note":77,"vel":64,"@":7680}
{"ev":"midi-out","port":0,"msg":"noteon","ch":1,"note":69,"vel":100,"@":7680}
{"ev":"midi-out","port":0,"msg":"noteon","ch":1,"note":72,"vel":100,"@":7680}
{"ev":"midi-out","port":0,"msg":"noteon","ch":1,"note":76,"vel":100,"@":7680}
{"ev":"midi-out","port":0,"msg":"noteon","ch":1,"note":79,"vel":100,"@":7680}
{"ev":"chord","in":"D4","out":"D7","deg":"V","@":11520}
{"ev":"midi-out","port":0,"msg":"noteoff","ch":1,"note":69,"vel":64,"@":11520}
{"ev":"midi-out","port":0,"msg":"noteoff","ch":1,"note":72,"vel":64,"@":11520}
{"ev":"midi-out","port":0,"msg":"noteoff","ch":1,"note":76,"vel":64,"@":11520}
{"ev":"midi-out","port":0,"msg":"noteoff","ch":1,"note":79,"vel":64,"@":11520}
{"ev":"midi-out","port":0,"msg":"noteon","ch":1,"note":62,"vel":100,"@":11520}
{"ev":"midi-out","port":0,"msg":"noteon","ch":1,"note":66,"vel":100,"@":11520}
{"ev":"midi-out","port":0,"msg":"noteon","ch":1,"note":69,"vel":100,"@":11520}
{"ev":"midi-out","port":0,"msg":"noteon","ch":1,"note":72,"vel":100,"@":11520}
{"ev":"midi-out","port":0,"msg":"noteoff","ch":1,"note":62,"vel":64,"@":15359}
{"ev":"midi-out","port":0,"msg":"noteoff","ch":1,"note":66,"vel":64,"@":15359}
{"ev":"midi-out","port":0,"msg":"noteoff","ch":1,"note":69,"vel":64,"@":15359}
{"ev":"midi-out","port":0,"msg":"noteoff","ch":1,"note":72,"vel":64,"@":15359}
{"ev":"transport","state":"stopped","@":15359}
